../1-MCAL/06-CAN/CAN_program.c:23:6:CAN_voidInit	16	static
../1-MCAL/06-CAN/CAN_program.c:115:6:CAN_VoidFilterSet	40	static
../1-MCAL/06-CAN/CAN_program.c:251:4:CAN_u8Transmit	24	static
../1-MCAL/06-CAN/CAN_program.c:329:6:CAN_voidReceive	24	static
../1-MCAL/06-CAN/CAN_program.c:381:6:CAN_VoidEnableFifo1Int	4	static
../1-MCAL/06-CAN/CAN_program.c:386:6:CAN_VoidDisableFifo1Int	4	static
../1-MCAL/06-CAN/CAN_program.c:391:6:CAN_VoidEnableFifo0Int	4	static
../1-MCAL/06-CAN/CAN_program.c:396:6:CAN_VoidDisableFifo0Int	4	static
../1-MCAL/06-CAN/CAN_program.c:401:6:CAN_voidCallBackFunc	16	static
../1-MCAL/06-CAN/CAN_program.c:410:6:USB_LP_CAN_RX0_IRQHandler	8	static
../1-MCAL/06-CAN/CAN_program.c:419:6:CAN_RX1_IRQHandler	8	static
