Archive member included to satisfy reference by file (symbol)

E:/STM32CubeIDE_1.14.1/STM32CubeIDE/plugins/com.st.stm32cube.ide.mcu.externaltools.gnu-tools-for-stm32.11.3.rel1.win32_1.1.100.202309141235/tools/bin/../lib/gcc/arm-none-eabi/11.3.1/../../../../arm-none-eabi/lib/thumb/v7-m/nofp\libc_nano.a(libc_a-exit.o)
                              E:/STM32CubeIDE_1.14.1/STM32CubeIDE/plugins/com.st.stm32cube.ide.mcu.externaltools.gnu-tools-for-stm32.11.3.rel1.win32_1.1.100.202309141235/tools/bin/../lib/gcc/arm-none-eabi/11.3.1/../../../../arm-none-eabi/lib/thumb/v7-m/nofp/crt0.o (exit)
E:/STM32CubeIDE_1.14.1/STM32CubeIDE/plugins/com.st.stm32cube.ide.mcu.externaltools.gnu-tools-for-stm32.11.3.rel1.win32_1.1.100.202309141235/tools/bin/../lib/gcc/arm-none-eabi/11.3.1/../../../../arm-none-eabi/lib/thumb/v7-m/nofp\libc_nano.a(libc_a-findfp.o)
                              E:/STM32CubeIDE_1.14.1/STM32CubeIDE/plugins/com.st.stm32cube.ide.mcu.externaltools.gnu-tools-for-stm32.11.3.rel1.win32_1.1.100.202309141235/tools/bin/../lib/gcc/arm-none-eabi/11.3.1/../../../../arm-none-eabi/lib/thumb/v7-m/nofp\libc_nano.a(libc_a-exit.o) (__stdio_exit_handler)
E:/STM32CubeIDE_1.14.1/STM32CubeIDE/plugins/com.st.stm32cube.ide.mcu.externaltools.gnu-tools-for-stm32.11.3.rel1.win32_1.1.100.202309141235/tools/bin/../lib/gcc/arm-none-eabi/11.3.1/../../../../arm-none-eabi/lib/thumb/v7-m/nofp\libc_nano.a(libc_a-fwalk.o)
                              E:/STM32CubeIDE_1.14.1/STM32CubeIDE/plugins/com.st.stm32cube.ide.mcu.externaltools.gnu-tools-for-stm32.11.3.rel1.win32_1.1.100.202309141235/tools/bin/../lib/gcc/arm-none-eabi/11.3.1/../../../../arm-none-eabi/lib/thumb/v7-m/nofp\libc_nano.a(libc_a-findfp.o) (_fwalk_sglue)
E:/STM32CubeIDE_1.14.1/STM32CubeIDE/plugins/com.st.stm32cube.ide.mcu.externaltools.gnu-tools-for-stm32.11.3.rel1.win32_1.1.100.202309141235/tools/bin/../lib/gcc/arm-none-eabi/11.3.1/../../../../arm-none-eabi/lib/thumb/v7-m/nofp\libc_nano.a(libc_a-stdio.o)
                              E:/STM32CubeIDE_1.14.1/STM32CubeIDE/plugins/com.st.stm32cube.ide.mcu.externaltools.gnu-tools-for-stm32.11.3.rel1.win32_1.1.100.202309141235/tools/bin/../lib/gcc/arm-none-eabi/11.3.1/../../../../arm-none-eabi/lib/thumb/v7-m/nofp\libc_nano.a(libc_a-findfp.o) (__sread)
E:/STM32CubeIDE_1.14.1/STM32CubeIDE/plugins/com.st.stm32cube.ide.mcu.externaltools.gnu-tools-for-stm32.11.3.rel1.win32_1.1.100.202309141235/tools/bin/../lib/gcc/arm-none-eabi/11.3.1/../../../../arm-none-eabi/lib/thumb/v7-m/nofp\libc_nano.a(libc_a-memset.o)
                              E:/STM32CubeIDE_1.14.1/STM32CubeIDE/plugins/com.st.stm32cube.ide.mcu.externaltools.gnu-tools-for-stm32.11.3.rel1.win32_1.1.100.202309141235/tools/bin/../lib/gcc/arm-none-eabi/11.3.1/../../../../arm-none-eabi/lib/thumb/v7-m/nofp/crt0.o (memset)
E:/STM32CubeIDE_1.14.1/STM32CubeIDE/plugins/com.st.stm32cube.ide.mcu.externaltools.gnu-tools-for-stm32.11.3.rel1.win32_1.1.100.202309141235/tools/bin/../lib/gcc/arm-none-eabi/11.3.1/../../../../arm-none-eabi/lib/thumb/v7-m/nofp\libc_nano.a(libc_a-closer.o)
                              E:/STM32CubeIDE_1.14.1/STM32CubeIDE/plugins/com.st.stm32cube.ide.mcu.externaltools.gnu-tools-for-stm32.11.3.rel1.win32_1.1.100.202309141235/tools/bin/../lib/gcc/arm-none-eabi/11.3.1/../../../../arm-none-eabi/lib/thumb/v7-m/nofp\libc_nano.a(libc_a-stdio.o) (_close_r)
E:/STM32CubeIDE_1.14.1/STM32CubeIDE/plugins/com.st.stm32cube.ide.mcu.externaltools.gnu-tools-for-stm32.11.3.rel1.win32_1.1.100.202309141235/tools/bin/../lib/gcc/arm-none-eabi/11.3.1/../../../../arm-none-eabi/lib/thumb/v7-m/nofp\libc_nano.a(libc_a-reent.o)
                              E:/STM32CubeIDE_1.14.1/STM32CubeIDE/plugins/com.st.stm32cube.ide.mcu.externaltools.gnu-tools-for-stm32.11.3.rel1.win32_1.1.100.202309141235/tools/bin/../lib/gcc/arm-none-eabi/11.3.1/../../../../arm-none-eabi/lib/thumb/v7-m/nofp\libc_nano.a(libc_a-closer.o) (errno)
E:/STM32CubeIDE_1.14.1/STM32CubeIDE/plugins/com.st.stm32cube.ide.mcu.externaltools.gnu-tools-for-stm32.11.3.rel1.win32_1.1.100.202309141235/tools/bin/../lib/gcc/arm-none-eabi/11.3.1/../../../../arm-none-eabi/lib/thumb/v7-m/nofp\libc_nano.a(libc_a-impure.o)
                              E:/STM32CubeIDE_1.14.1/STM32CubeIDE/plugins/com.st.stm32cube.ide.mcu.externaltools.gnu-tools-for-stm32.11.3.rel1.win32_1.1.100.202309141235/tools/bin/../lib/gcc/arm-none-eabi/11.3.1/../../../../arm-none-eabi/lib/thumb/v7-m/nofp\libc_nano.a(libc_a-reent.o) (_impure_ptr)
E:/STM32CubeIDE_1.14.1/STM32CubeIDE/plugins/com.st.stm32cube.ide.mcu.externaltools.gnu-tools-for-stm32.11.3.rel1.win32_1.1.100.202309141235/tools/bin/../lib/gcc/arm-none-eabi/11.3.1/../../../../arm-none-eabi/lib/thumb/v7-m/nofp\libc_nano.a(libc_a-lseekr.o)
[...]
Memory Configuration

Name             Origin             Length             Attributes
RAM              0x0000000020000000 0x0000000000005000 xrw
FLASH_SHARED     0x0000000008003c00 0x0000000000000400 xr
FLASH            0x0000000008005000 0x0000000000003c00 xr
*default*        0x0000000000000000 0xffffffffffffffff

Linker script and memory map

LOAD E:/STM32CubeIDE_1.14.1/STM32CubeIDE/plugins/com.st.stm32cube.ide.mcu.externaltools.gnu-tools-for-stm32.11.3.rel1.win32_1.1.100.202309141235/tools/bin/../lib/gcc/arm-none-eabi/11.3.1/thumb/v7-m/nofp/crti.o
LOAD E:/STM32CubeIDE_1.14.1/STM32CubeIDE/plugins/com.st.stm32cube.ide.mcu.externaltools.gnu-tools-for-stm32.11.3.rel1.win32_1.1.100.202309141235/tools/bin/../lib/gcc/arm-none-eabi/11.3.1/thumb/v7-m/nofp/crtbegin.o
LOAD E:/STM32CubeIDE_1.14.1/STM32CubeIDE/plugins/com.st.stm32cube.ide.mcu.externaltools.gnu-tools-for-stm32.11.3.rel1.win32_1.1.100.202309141235/tools/bin/../lib/gcc/arm-none-eabi/11.3.1/../../../../arm-none-eabi/lib/thumb/v7-m/nofp/crt0.o
LOAD ./1-MCAL/01-GPIO/GPIO_program.o
LOAD ./1-MCAL/02-RCC/RCC_program.o
LOAD ./1-MCAL/03-NVIC/NVIC_program.o
LOAD ./1-MCAL/04-EXTI/EXTI_program.o
LOAD ./1-MCAL/05-USART/USART_program.o
LOAD ./1-MCAL/06-CAN/CAN_config.o
LOAD ./1-MCAL/06-CAN/CAN_program.o
LOAD ./1-MCAL/07-STK/STK_program.o
LOAD ./1-MCAL/08-FPEC/FPEC_program.o
LOAD ./1-MCAL/09-CRC/CRC_program.o
LOAD ./1-MCAL/10-IWDG/IWDG_program.o
LOAD ./1-MCAL/11-WWDG/WWDG_program.o
LOAD ./1-MCAL/12-TIMER/TIMER_program.o
LOAD ./1-MCAL/13-ADC/ADC_program.o
LOAD ./1-MCAL/14-DMA/DMA_program.o
LOAD ./2-HAL/01-LED/LED_program.o
LOAD ./2-HAL/02-DCM/DCM_program.o
LOAD ./2-HAL/03-BZR/BZR_program.o
LOAD ./2-HAL/04-TMP/TMP_program.o
LOAD ./2-HAL/05-USN/USN_program.o
LOAD ./2-HAL/06-SW/SW_program.o
LOAD ./2-HAL/07-FAN/FAN_program.o
LOAD ./2-HAL/08-COM/COM_program.o
LOAD ./2-HAL/09-ICU/ICU_program.o
LOAD ./3-SERVICE/01-PARSING/PARSING_program.o
LOAD ./3-SERVICE/02-SYS/SYS_program.o
LOAD ./6-Library/MAPP_program.o
LOAD ./6-Library/STRING_COMPARE.o
LOAD ./7-APP/APP ECU_1/main.o
LOAD ./Src/syscalls.o
LOAD ./Src/sysmem.o
LOAD ./Startup/startup_stm32f103c8tx.o
START GROUP
LOAD E:/STM32CubeIDE_1.14.1/STM32CubeIDE/plugins/com.st.stm32cube.ide.mcu.externaltools.gnu-tools-for-stm32.11.3.rel1.win32_1.1.100.202309141235/tools/bin/../lib/gcc/arm-none-eabi/11.3.1/../../../../arm-none-eabi/lib/thumb/v7-m/nofp\libc_nano.a
LOAD E:/STM32CubeIDE_1.14.1/STM32CubeIDE/plugins/com.st.stm32cube.ide.mcu.externaltools.gnu-tools-for-stm32.11.3.rel1.win32_1.1.100.202309141235/tools/bin/../lib/gcc/arm-none-eabi/11.3.1/../../../../arm-none-eabi/lib/thumb/v7-m/nofp\libm.a
END GROUP
START GROUP
LOAD E:/STM32CubeIDE_1.14.1/STM32CubeIDE/plugins/com.st.stm32cube.ide.mcu.externaltools.gnu-tools-for-stm32.11.3.rel1.win32_1.1.100.202309141235/tools/bin/../lib/gcc/arm-none-eabi/11.3.1/thumb/v7-m/nofp\libgcc.a
LOAD E:/STM32CubeIDE_1.14.1/STM32CubeIDE/plugins/com.st.stm32cube.ide.mcu.externaltools.gnu-tools-for-stm32.11.3.rel1.win32_1.1.100.202309141235/tools/bin/../lib/gcc/arm-none-eabi/11.3.1/../../../../arm-none-eabi/lib/thumb/v7-m/nofp\libc_nano.a
END GROUP
START GROUP
LOAD E:/STM32CubeIDE_1.14.1/STM32CubeIDE/plugins/com.st.stm32cube.ide.mcu.externaltools.gnu-tools-for-stm32.11.3.rel1.win32_1.1.100.202309141235/tools/bin/../lib/gcc/arm-none-eabi/11.3.1/thumb/v7-m/nofp\libgcc.a
LOAD E:/STM32CubeIDE_1.14.1/STM32CubeIDE/plugins/com.st.stm32cube.ide.mcu.externaltools.gnu-tools-for-stm32.11.3.rel1.win32_1.1.100.202309141235/tools/bin/../lib/gcc/arm-none-eabi/11.3.1/../../../../arm-none-eabi/lib/thumb/v7-m/nofp\libc_nano.a
LOAD E:/STM32CubeIDE_1.14.1/STM32CubeIDE/plugins/com.st.stm32cube.ide.mcu.externaltools.gnu-tools-for-stm32.11.3.rel1.win32_1.1.100.202309141235/tools/bin/../lib/gcc/arm-none-eabi/11.3.1/../../../../arm-none-eabi/lib/thumb/v7-m/nofp\libnosys.a
END GROUP
START GROUP
LOAD E:/STM32CubeIDE_1.14.1/STM32CubeIDE/plugins/com.st.stm32cube.ide.mcu.externaltools.gnu-tools-for-stm32.11.3.rel1.win32_1.1.100.202309141235/tools/bin/../lib/gcc/arm-none-eabi/11.3.1/thumb/v7-m/nofp\libgcc.a
LOAD E:/STM32CubeIDE_1.14.1/STM32CubeIDE/plugins/com.st.stm32cube.ide.mcu.externaltools.gnu-tools-for-stm32.11.3.rel1.win32_1.1.100.202309141235/tools/bin/../lib/gcc/arm-none-eabi/11.3.1/../../../../arm-none-eabi/lib/thumb/v7-m/nofp\libc_nano.a
LOAD E:/STM32CubeIDE_1.14.1/STM32CubeIDE/plugins/com.st.stm32cube.ide.mcu.externaltools.gnu-tools-for-stm32.11.3.rel1.win32_1.1.100.202309141235/tools/bin/../lib/gcc/arm-none-eabi/11.3.1/../../../../arm-none-eabi/lib/thumb/v7-m/nofp\libnosys.a
END GROUP
LOAD E:/STM32CubeIDE_1.14.1/STM32CubeIDE/plugins/com.st.stm32cube.ide.mcu.externaltools.gnu-tools-for-stm32.11.3.rel1.win32_1.1.100.202309141235/tools/bin/../lib/gcc/arm-none-eabi/11.3.1/thumb/v7-m/nofp/crtend.o
LOAD E:/STM32CubeIDE_1.14.1/STM32CubeIDE/plugins/com.st.stm32cube.ide.mcu.externaltools.gnu-tools-for-stm32.11.3.rel1.win32_1.1.100.202309141235/tools/bin/../lib/gcc/arm-none-eabi/11.3.1/thumb/v7-m/nofp/crtn.o
                0x0000000020005000                _estack = (ORIGIN (RAM) + LENGTH (RAM))
                0x0000000000000200                _Min_Heap_Size = 0x200
                0x0000000000000400                _Min_Stack_Size = 0x400

.isr_vector     0x0000000008005000      0x130
                0x0000000008005000                . = ALIGN (0x4)
 *(.isr_vector)
 .isr_vector    0x0000000008005000      0x130 ./Startup/startup_stm32f103c8tx.o
                0x0000000008005000                g_pfnVectors
                0x0000000008005130                . = ALIGN (0x4)

.text           0x0000000008005130      0x70c
                0x0000000008005130                . = ALIGN (0x4)
 *(.text)
 .text          0x0000000008005130       0x40 E:/STM32CubeIDE_1.14.1/STM32CubeIDE/plugins/com.st.stm32cube.ide.mcu.externaltools.gnu-tools-for-stm32.11.3.rel1.win32_1.1.100.202309141235/tools/bin/../lib/gcc/arm-none-eabi/11.3.1/thumb/v7-m/nofp/crtbegin.o
 *(.text*)
 .text.GPIO_voidDirectionInit
                0x0000000008005170       0x40 ./1-MCAL/01-GPIO/GPIO_program.o
                0x0000000008005170                GPIO_voidDirectionInit
 .text.GPIO_u8SetPinValue
                0x00000000080051b0       0x80 ./1-MCAL/01-GPIO/GPIO_program.o
                0x00000000080051b0                GPIO_u8SetPinValue
 .text.RCC_u8ChangeModeBuses
                0x0000000008005230       0xa4 ./1-MCAL/02-RCC/RCC_program.o
                0x0000000008005230                RCC_u8ChangeModeBuses
 .text.RCC_voidAjustmentClockSys
                0x00000000080052d4       0x20 ./1-MCAL/02-RCC/RCC_program.o
                0x00000000080052d4                RCC_voidAjustmentClockSys
 .text.RCC_voidInit
                0x00000000080052f4       0xb4 ./1-MCAL/02-RCC/RCC_program.o
                0x00000000080052f4                RCC_voidInit
 .text.NVIC_u8GetRegisterNumber
                0x00000000080053a8        0xe ./1-MCAL/03-NVIC/NVIC_program.o
                0x00000000080053a8                NVIC_u8GetRegisterNumber
 .text.NVIC_u8GetRegisterBit
                0x00000000080053b6       0x10 ./1-MCAL/03-NVIC/NVIC_program.o
                0x00000000080053b6                NVIC_u8GetRegisterBit
 *fill*         0x00000000080053c6        0x2 
 .text.NVIC_u8EnableInterrupt
                0x00000000080053c8       0x4c ./1-MCAL/03-NVIC/NVIC_program.o
                0x00000000080053c8                NVIC_u8EnableInterrupt
 .text.NVIC_voidInit
                0x0000000008005414       0x14 ./1-MCAL/03-NVIC/NVIC_program.o
                0x0000000008005414                NVIC_voidInit
 .text.EXTI0_IRQHandler
                0x0000000008005428       0x1c ./1-MCAL/04-EXTI/EXTI_program.o
                0x0000000008005428                EXTI0_IRQHandler
 .text.EXTI1_IRQHandler
                0x0000000008005444       0x1c ./1-MCAL/04-EXTI/EXTI_program.o
                0x0000000008005444                EXTI1_IRQHandler
 .text.EXTI2_IRQHandler
                0x0000000008005460       0x1c ./1-MCAL/04-EXTI/EXTI_program.o
                0x0000000008005460                EXTI2_IRQHandler
 .text.EXTI3_IRQHandler
                0x000000000800547c       0x1c ./1-MCAL/04-EXTI/EXTI_program.o
                0x000000000800547c                EXTI3_IRQHandler
 .text.EXTI4_IRQHandler
                0x0000000008005498       0x1c ./1-MCAL/04-EXTI/EXTI_program.o
                0x0000000008005498                EXTI4_IRQHandler
 .text.USART_voidInit
                0x00000000080054b4       0x44 ./1-MCAL/05-USART/USART_program.o
                0x00000000080054b4                USART_voidInit
 .text.USART_voidTransmitSync
                0x00000000080054f8       0x20 ./1-MCAL/05-USART/USART_program.o
                0x00000000080054f8                USART_voidTransmitSync
 .text.USART_u8ReceiveChar
                0x0000000008005518       0x2c ./1-MCAL/05-USART/USART_program.o
                0x0000000008005518                USART_u8ReceiveChar
 .text.USART1_IRQHandler
                0x0000000008005544       0x18 ./1-MCAL/05-USART/USART_program.o
                0x0000000008005544                USART1_IRQHandler
 .text.USART2_IRQHandler
                0x000000000800555c       0x18 ./1-MCAL/05-USART/USART_program.o
                0x000000000800555c                USART2_IRQHandler
 .text.USART3_IRQHandler
                0x0000000008005574       0x18 ./1-MCAL/05-USART/USART_program.o
                0x0000000008005574                USART3_IRQHandler
 .text.USB_LP_CAN_RX0_IRQHandler
                0x000000000800558c       0x18 ./1-MCAL/06-CAN/CAN_program.o
                0x000000000800558c                USB_LP_CAN_RX0_IRQHandler
 .text.CAN_RX1_IRQHandler
                0x00000000080055a4       0x18 ./1-MCAL/06-CAN/CAN_program.o
                0x00000000080055a4                CAN_RX1_IRQHandler
 .text.SysTick_Handler
                0x00000000080055bc       0x30 ./1-MCAL/07-STK/STK_program.o
                0x00000000080055bc                SysTick_Handler
 .text.FPEC_voidInit
                0x00000000080055ec       0x20 ./1-MCAL/08-FPEC/FPEC_program.o
                0x00000000080055ec                FPEC_voidInit
 .text.FPEC_voidFlashPageErase
                0x000000000800560c       0x48 ./1-MCAL/08-FPEC/FPEC_program.o
                0x000000000800560c                FPEC_voidFlashPageErase
 .text.FPEC_voidFlashWrite
                0x0000000008005654       0x44 ./1-MCAL/08-FPEC/FPEC_program.o
                0x0000000008005654                FPEC_voidFlashWrite
 .text.TIM2_IRQHandler
                0x0000000008005698       0x18 ./1-MCAL/12-TIMER/TIMER_program.o
                0x0000000008005698                TIM2_IRQHandler
 .text.TIM3_IRQHandler
                0x00000000080056b0       0x18 ./1-MCAL/12-TIMER/TIMER_program.o
                0x00000000080056b0                TIM3_IRQHandler
 .text.TIM4_IRQHandler
                0x00000000080056c8       0x18 ./1-MCAL/12-TIMER/TIMER_program.o
                0x00000000080056c8                TIM4_IRQHandler
 .text.TIM1_UP_IRQHandler
                0x00000000080056e0        0x2 ./1-MCAL/12-TIMER/TIMER_program.o
                0x00000000080056e0                TIM1_UP_IRQHandler
 .text.LED_voidLedOn
                0x00000000080056e2       0x12 ./2-HAL/01-LED/LED_program.o
                0x00000000080056e2                LED_voidLedOn
 .text.SYS_voidAppInit
                0x00000000080056f4       0x1c ./3-SERVICE/02-SYS/SYS_program.o
                0x00000000080056f4                SYS_voidAppInit
 .text.PerformSoftwareReset
                0x0000000008005710       0x20 ./7-APP/APP ECU_1/main.o
                0x0000000008005710                PerformSoftwareReset
 .text.startup.main
                0x0000000008005730       0x58 ./7-APP/APP ECU_1/main.o
                0x0000000008005730                main
 .text.Reset_Handler
                0x0000000008005788       0x50 ./Startup/startup_stm32f103c8tx.o
                0x0000000008005788                Reset_Handler
 .text.Default_Handler
                0x00000000080057d8        0x2 ./Startup/startup_stm32f103c8tx.o
                0x00000000080057d8                TIM8_TRG_COM_IRQHandler
                0x00000000080057d8                TIM8_CC_IRQHandler
                0x00000000080057d8                DebugMon_Handler
                0x00000000080057d8                TIM1_CC_IRQHandler
                0x00000000080057d8                HardFault_Handler
                0x00000000080057d8                TIM6_IRQHandler
                0x00000000080057d8                PVD_IRQHandler
                0x00000000080057d8                SDIO_IRQHandler
                0x00000000080057d8                PendSV_Handler
                0x00000000080057d8                NMI_Handler
                0x00000000080057d8                USB_HP_CAN_TX_IRQHandler
                0x00000000080057d8                I2C2_EV_IRQHandler
                0x00000000080057d8                UsageFault_Handler
                0x00000000080057d8                ADC1_2_IRQHandler
                0x00000000080057d8                SPI1_IRQHandler
                0x00000000080057d8                CAN_SCE_IRQHandler
                0x00000000080057d8                TAMPER_IRQHandler
                0x00000000080057d8                TIM8_UP_IRQHandler
                0x00000000080057d8                DMA2_Channel2_IRQHandler
                0x00000000080057d8                DMA1_Channel4_IRQHandler
                0x00000000080057d8                RTC_IRQHandler
                0x00000000080057d8                DMA1_Channel7_IRQHandler
                0x00000000080057d8                UART5_IRQHandler
                0x00000000080057d8                ADC3_IRQHandler
                0x00000000080057d8                DMA2_Channel1_IRQHandler
                0x00000000080057d8                I2C1_EV_IRQHandler
                0x00000000080057d8                DMA1_Channel6_IRQHandler
                0x00000000080057d8                UART4_IRQHandler
                0x00000000080057d8                RCC_IRQHandler
                0x00000000080057d8                TIM1_TRG_COM_IRQHandler
                0x00000000080057d8                DMA1_Channel1_IRQHandler
                0x00000000080057d8                Default_Handler
                0x00000000080057d8                EXTI15_10_IRQHandler
                0x00000000080057d8                TIM7_IRQHandler
                0x00000000080057d8                TIM5_IRQHandler
                0x00000000080057d8                EXTI9_5_IRQHandler
                0x00000000080057d8                SPI2_IRQHandler
                0x00000000080057d8                MemManage_Handler
                0x00000000080057d8                SVC_Handler
                0x00000000080057d8                DMA1_Channel5_IRQHandler
                0x00000000080057d8                DMA1_Channel3_IRQHandler
                0x00000000080057d8                FSMC_IRQHandler
                0x00000000080057d8                WWDG_IRQHandler
                0x00000000080057d8                TIM1_BRK_IRQHandler
                0x00000000080057d8                RTCAlarm_IRQHandler
                0x00000000080057d8                DMA2_Channel4_5_IRQHandler
                0x00000000080057d8                I2C2_ER_IRQHandler
                0x00000000080057d8                DMA1_Channel2_IRQHandler
                0x00000000080057d8                TIM8_BRK_IRQHandler
                0x00000000080057d8                FLASH_IRQHandler
                0x00000000080057d8                BusFault_Handler
                0x00000000080057d8                SPI3_IRQHandler
                0x00000000080057d8                I2C1_ER_IRQHandler
                0x00000000080057d8                DMA2_Channel3_IRQHandler
 *fill*         0x00000000080057da        0x2 
 .text.__libc_init_array
                0x00000000080057dc       0x48 E:/STM32CubeIDE_1.14.1/STM32CubeIDE/plugins/com.st.stm32cube.ide.mcu.externaltools.gnu-tools-for-stm32.11.3.rel1.win32_1.1.100.202309141235/tools/bin/../lib/gcc/arm-none-eabi/11.3.1/../../../../arm-none-eabi/lib/thumb/v7-m/nofp\libc_nano.a(libc_a-init.o)
                0x00000000080057dc                __libc_init_array
 *(.glue_7)
 .glue_7        0x0000000008005824        0x0 linker stubs
 *(.glue_7t)
 .glue_7t       0x0000000008005824        0x0 linker stubs
 *(.eh_frame)
 .eh_frame      0x0000000008005824        0x0 E:/STM32CubeIDE_1.14.1/STM32CubeIDE/plugins/com.st.stm32cube.ide.mcu.externaltools.gnu-tools-for-stm32.11.3.rel1.win32_1.1.100.202309141235/tools/bin/../lib/gcc/arm-none-eabi/11.3.1/thumb/v7-m/nofp/crtbegin.o
 *(.init)
 .init          0x0000000008005824        0x4 E:/STM32CubeIDE_1.14.1/STM32CubeIDE/plugins/com.st.stm32cube.ide.mcu.externaltools.gnu-tools-for-stm32.11.3.rel1.win32_1.1.100.202309141235/tools/bin/../lib/gcc/arm-none-eabi/11.3.1/thumb/v7-m/nofp/crti.o
                0x0000000008005824                _init
 .init          0x0000000008005828        0x8 E:/STM32CubeIDE_1.14.1/STM32CubeIDE/plugins/com.st.stm32cube.ide.mcu.externaltools.gnu-tools-for-stm32.11.3.rel1.win32_1.1.100.202309141235/tools/bin/../lib/gcc/arm-none-eabi/11.3.1/thumb/v7-m/nofp/crtn.o
 *(.fini)
 .fini          0x0000000008005830        0x4 E:/STM32CubeIDE_1.14.1/STM32CubeIDE/plugins/com.st.stm32cube.ide.mcu.externaltools.gnu-tools-for-stm32.11.3.rel1.win32_1.1.100.202309141235/tools/bin/../lib/gcc/arm-none-eabi/11.3.1/thumb/v7-m/nofp/crti.o
                0x0000000008005830                _fini
 .fini          0x0000000008005834        0x8 E:/STM32CubeIDE_1.14.1/STM32CubeIDE/plugins/com.st.stm32cube.ide.mcu.externaltools.gnu-tools-for-stm32.11.3.rel1.win32_1.1.100.202309141235/tools/bin/../lib/gcc/arm-none-eabi/11.3.1/thumb/v7-m/nofp/crtn.o
                0x000000000800583c                . = ALIGN (0x4)
                0x000000000800583c                _etext = .

.vfp11_veneer   0x000000000800583c        0x0
 .vfp11_veneer  0x000000000800583c        0x0 linker stubs

.v4_bx          0x000000000800583c        0x0
 .v4_bx         0x000000000800583c        0x0 linker stubs

.iplt           0x000000000800583c        0x0
 .iplt          0x000000000800583c        0x0 E:/STM32CubeIDE_1.14.1/STM32CubeIDE/plugins/com.st.stm32cube.ide.mcu.externaltools.gnu-tools-for-stm32.11.3.rel1.win32_1.1.100.202309141235/tools/bin/../lib/gcc/arm-none-eabi/11.3.1/thumb/v7-m/nofp/crtbegin.o

.rodata         0x000000000800583c        0xc
                0x000000000800583c                . = ALIGN (0x4)
 *(.rodata)
 *(.rodata*)
 .rodata.usart_ports
                0x000000000800583c        0xc ./1-MCAL/05-USART/USART_program.o
                0x0000000008005848                . = ALIGN (0x4)

.rel.dyn        0x0000000008005848        0x0
 .rel.iplt      0x0000000008005848        0x0 E:/STM32CubeIDE_1.14.1/STM32CubeIDE/plugins/com.st.stm32cube.ide.mcu.externaltools.gnu-tools-for-stm32.11.3.rel1.win32_1.1.100.202309141235/tools/bin/../lib/gcc/arm-none-eabi/11.3.1/thumb/v7-m/nofp/crtbegin.o

.ARM.extab      0x0000000008005848        0x0
                0x0000000008005848                . = ALIGN (0x4)
 *(.ARM.extab* .gnu.linkonce.armextab.*)
                0x0000000008005848                . = ALIGN (0x4)

.ARM            0x0000000008005848        0x0
                0x0000000008005848                . = ALIGN (0x4)
                0x0000000008005848                __exidx_start = .
 *(.ARM.exidx*)
                0x0000000008005848                __exidx_end = .
                0x0000000008005848                . = ALIGN (0x4)

.preinit_array  0x0000000008005848        0x0
                0x0000000008005848                . = ALIGN (0x4)
                0x0000000008005848                PROVIDE (__preinit_array_start = .)
 *(.preinit_array*)
                0x0000000008005848                PROVIDE (__preinit_array_end = .)
                0x0000000008005848                . = ALIGN (0x4)

.init_array     0x0000000008005848        0x4
                0x0000000008005848                . = ALIGN (0x4)
                0x0000000008005848                PROVIDE (__init_array_start = .)
 *(SORT_BY_NAME(.init_array.*))
 *(.init_array*)
 .init_array    0x0000000008005848        0x4 E:/STM32CubeIDE_1.14.1/STM32CubeIDE/plugins/com.st.stm32cube.ide.mcu.externaltools.gnu-tools-for-stm32.11.3.rel1.win32_1.1.100.202309141235/tools/bin/../lib/gcc/arm-none-eabi/11.3.1/thumb/v7-m/nofp/crtbegin.o
                0x000000000800584c                PROVIDE (__init_array_end = .)
                0x000000000800584c                . = ALIGN (0x4)

.fini_array     0x000000000800584c        0x4
                0x000000000800584c                . = ALIGN (0x4)
                [!provide]                        PROVIDE (__fini_array_start = .)
 *(SORT_BY_NAME(.fini_array.*))
 *(.fini_array*)
 .fini_array    0x000000000800584c        0x4 E:/STM32CubeIDE_1.14.1/STM32CubeIDE/plugins/com.st.stm32cube.ide.mcu.externaltools.gnu-tools-for-stm32.11.3.rel1.win32_1.1.100.202309141235/tools/bin/../lib/gcc/arm-none-eabi/11.3.1/thumb/v7-m/nofp/crtbegin.o
                [!provide]                        PROVIDE (__fini_array_end = .)
                0x0000000008005850                . = ALIGN (0x4)
                0x0000000008005850                _sidata = LOADADDR (.data)

.data           0x0000000020000000        0xc load address 0x0000000008005850
                0x0000000020000000                . = ALIGN (0x4)
                0x0000000020000000                _sdata = .
 *(.data)
 *(.data*)
 .data.LED1     0x0000000020000000        0x3 ./7-APP/APP ECU_1/main.o
                0x0000000020000000                LED1
 .data.LED2     0x0000000020000003        0x3 ./7-APP/APP ECU_1/main.o
                0x0000000020000003                LED2
 .data.ok       0x0000000020000006        0x2 ./7-APP/APP ECU_1/main.o
                0x0000000020000006                ok
 .data.update   0x0000000020000008        0x2 ./7-APP/APP ECU_1/main.o
                0x0000000020000008                update
 *(.RamFunc)
 *(.RamFunc*)
                0x000000002000000c                . = ALIGN (0x4)
 *fill*         0x000000002000000a        0x2 
                0x000000002000000c                _edata = .

.igot.plt       0x000000002000000c        0x0 load address 0x000000000800585c
 .igot.plt      0x000000002000000c        0x0 E:/STM32CubeIDE_1.14.1/STM32CubeIDE/plugins/com.st.stm32cube.ide.mcu.externaltools.gnu-tools-for-stm32.11.3.rel1.win32_1.1.100.202309141235/tools/bin/../lib/gcc/arm-none-eabi/11.3.1/thumb/v7-m/nofp/crtbegin.o
                0x000000002000000c                . = ALIGN (0x4)

.bss            0x000000002000000c       0x58 load address 0x000000000800585c
                0x000000002000000c                _sbss = .
                0x000000002000000c                __bss_start__ = _sbss
 *(.bss)
 .bss           0x000000002000000c       0x1c E:/STM32CubeIDE_1.14.1/STM32CubeIDE/plugins/com.st.stm32cube.ide.mcu.externaltools.gnu-tools-for-stm32.11.3.rel1.win32_1.1.100.202309141235/tools/bin/../lib/gcc/arm-none-eabi/11.3.1/thumb/v7-m/nofp/crtbegin.o
 *(.bss*)
 .bss.EXTI_CallBack
                0x0000000020000028       0x14 ./1-MCAL/04-EXTI/EXTI_program.o
 .bss.USART_voidCallBackFunc
                0x000000002000003c        0xc ./1-MCAL/05-USART/USART_program.o
                0x000000002000003c                USART_voidCallBackFunc
 .bss.CAN_CallBack
                0x0000000020000048        0x8 ./1-MCAL/06-CAN/CAN_program.o
 .bss.STK_u32_MODE
                0x0000000020000050        0x4 ./1-MCAL/07-STK/STK_program.o
 .bss.STK_voidCallBackFunc
                0x0000000020000054        0x4 ./1-MCAL/07-STK/STK_program.o
 .bss.TIM2_CallBack
                0x0000000020000058        0x4 ./1-MCAL/12-TIMER/TIMER_program.o
                0x0000000020000058                TIM2_CallBack
 .bss.TIM3_CallBack
                0x000000002000005c        0x4 ./1-MCAL/12-TIMER/TIMER_program.o
                0x000000002000005c                TIM3_CallBack
 .bss.TIM4_CallBack
                0x0000000020000060        0x4 ./1-MCAL/12-TIMER/TIMER_program.o
                0x0000000020000060                TIM4_CallBack
 *(COMMON)
                0x0000000020000064                . = ALIGN (0x4)
                0x0000000020000064                _ebss = .
                0x0000000020000064                __bss_end__ = _ebss

._user_heap_stack
                0x0000000020000064      0x604 load address 0x000000000800585c
                0x0000000020000068                . = ALIGN (0x8)
 *fill*         0x0000000020000064        0x4 
                [!provide]                        PROVIDE (end = .)
                0x0000000020000068                PROVIDE (_end = .)
                0x0000000020000268                . = (. + _Min_Heap_Size)
 *fill*         0x0000000020000068      0x200 
                0x0000000020000668                . = (. + _Min_Stack_Size)
 *fill*         0x0000000020000268      0x400 
                0x0000000020000668                . = ALIGN (0x8)

.my_section     0x0000000008003c00        0x4
                0x0000000008003c00                . = ALIGN (0x4)
 *(.my_section)
 .my_section    0x0000000008003c00        0x2 ./7-APP/APP ECU_1/main.o
                0x0000000008003c00                BOOT_u8REQUESTFLAG
                0x0000000008003c04                . = ALIGN (0x4)
 *fill*         0x0000000008003c02        0x2 

/DISCARD/
 libc.a(*)
 libm.a(*)
 libgcc.a(*)

.ARM.attributes
                0x0000000000000000       0x29
 *(.ARM.attributes)
 .ARM.attributes
                0x0000000000000000       0x1d E:/STM32CubeIDE_1.14.1/STM32CubeIDE/plugins/com.st.stm32cube.ide.mcu.externaltools.gnu-tools-for-stm32.11.3.rel1.win32_1.1.100.202309141235/tools/bin/../lib/gcc/arm-none-eabi/11.3.1/thumb/v7-m/nofp/crti.o
 .ARM.attributes
                0x000000000000001d       0x2d E:/STM32CubeIDE_1.14.1/STM32CubeIDE/plugins/com.st.stm32cube.ide.mcu.externaltools.gnu-tools-for-stm32.11.3.rel1.win32_1.1.100.202309141235/tools/bin/../lib/gcc/arm-none-eabi/11.3.1/thumb/v7-m/nofp/crtbegin.o
 .ARM.attributes
                0x000000000000004a       0x2d ./1-MCAL/01-GPIO/GPIO_program.o
 .ARM.attributes
                0x0000000000000077       0x2d ./1-MCAL/02-RCC/RCC_program.o
 .ARM.attributes
                0x00000000000000a4       0x2d ./1-MCAL/03-NVIC/NVIC_program.o
 .ARM.attributes
                0x00000000000000d1       0x2d ./1-MCAL/04-EXTI/EXTI_program.o
 .ARM.attributes
                0x00000000000000fe       0x2d ./1-MCAL/05-USART/USART_program.o
 .ARM.attributes
                0x000000000000012b       0x2d ./1-MCAL/06-CAN/CAN_program.o
 .ARM.attributes
                0x0000000000000158       0x2d ./1-MCAL/07-STK/STK_program.o
 .ARM.attributes
                0x0000000000000185       0x2d ./1-MCAL/08-FPEC/FPEC_program.o
 .ARM.attributes
                0x00000000000001b2       0x2d ./1-MCAL/12-TIMER/TIMER_program.o
 .ARM.attributes
                0x00000000000001df       0x2d ./2-HAL/01-LED/LED_program.o
 .ARM.attributes
                0x000000000000020c       0x2d ./3-SERVICE/02-SYS/SYS_program.o
 .ARM.attributes
                0x0000000000000239       0x2d ./7-APP/APP ECU_1/main.o
 .ARM.attributes
                0x0000000000000266       0x21 ./Startup/startup_stm32f103c8tx.o
 .ARM.attributes
                0x0000000000000287       0x2d E:/STM32CubeIDE_1.14.1/STM32CubeIDE/plugins/com.st.stm32cube.ide.mcu.externaltools.gnu-tools-for-stm32.11.3.rel1.win32_1.1.100.202309141235/tools/bin/../lib/gcc/arm-none-eabi/11.3.1/../../../../arm-none-eabi/lib/thumb/v7-m/nofp\libc_nano.a(libc_a-init.o)
 .ARM.attributes
                0x00000000000002b4       0x1d E:/STM32CubeIDE_1.14.1/STM32CubeIDE/plugins/com.st.stm32cube.ide.mcu.externaltools.gnu-tools-for-stm32.11.3.rel1.win32_1.1.100.202309141235/tools/bin/../lib/gcc/arm-none-eabi/11.3.1/thumb/v7-m/nofp/crtn.o
OUTPUT(APP_Trial.elf elf32-littlearm)
LOAD linker stubs
LOAD E:/STM32CubeIDE_1.14.1/STM32CubeIDE/plugins/com.st.stm32cube.ide.mcu.externaltools.gnu-tools-for-stm32.11.3.rel1.win32_1.1.100.202309141235/tools/bin/../lib/gcc/arm-none-eabi/11.3.1/../../../../arm-none-eabi/lib/thumb/v7-m/nofp\libc.a
LOAD E:/STM32CubeIDE_1.14.1/STM32CubeIDE/plugins/com.st.stm32cube.ide.mcu.externaltools.gnu-tools-for-stm32.11.3.rel1.win32_1.1.100.202309141235/tools/bin/../lib/gcc/arm-none-eabi/11.3.1/../../../../arm-none-eabi/lib/thumb/v7-m/nofp\libm.a
LOAD E:/STM32CubeIDE_1.14.1/STM32CubeIDE/plugins/com.st.stm32cube.ide.mcu.externaltools.gnu-tools-for-stm32.11.3.rel1.win32_1.1.100.202309141235/tools/bin/../lib/gcc/arm-none-eabi/11.3.1/thumb/v7-m/nofp\libgcc.a

.comment        0x0000000000000000       0x43
 .comment       0x0000000000000000       0x43 E:/STM32CubeIDE_1.14.1/STM32CubeIDE/plugins/com.st.stm32cube.ide.mcu.externaltools.gnu-tools-for-stm32.11.3.rel1.win32_1.1.100.202309141235/tools/bin/../lib/gcc/arm-none-eabi/11.3.1/thumb/v7-m/nofp/crtbegin.o
                                         0x44 (size before relaxing)
 .comment       0x0000000000000043       0x44 ./1-MCAL/01-GPIO/GPIO_program.o
 .comment       0x0000000000000043       0x44 ./1-MCAL/02-RCC/RCC_program.o
 .comment       0x0000000000000043       0x44 ./1-MCAL/03-NVIC/NVIC_program.o
 .comment       0x0000000000000043       0x44 ./1-MCAL/04-EXTI/EXTI_program.o
 .comment       0x0000000000000043       0x44 ./1-MCAL/05-USART/USART_program.o
 .comment       0x0000000000000043       0x44 ./1-MCAL/06-CAN/CAN_program.o
 .comment       0x0000000000000043       0x44 ./1-MCAL/07-STK/STK_program.o
 .comment       0x0000000000000043       0x44 ./1-MCAL/08-FPEC/FPEC_program.o
 .comment       0x0000000000000043       0x44 ./1-MCAL/12-TIMER/TIMER_program.o
 .comment       0x0000000000000043       0x44 ./2-HAL/01-LED/LED_program.o
 .comment       0x0000000000000043       0x44 ./3-SERVICE/02-SYS/SYS_program.o
 .comment       0x0000000000000043       0x44 ./7-APP/APP ECU_1/main.o

.debug_info     0x0000000000000000     0x30be
 .debug_info    0x0000000000000000      0x24a ./1-MCAL/01-GPIO/GPIO_program.o
 .debug_info    0x000000000000024a      0x286 ./1-MCAL/02-RCC/RCC_program.o
 .debug_info    0x00000000000004d0      0x6aa ./1-MCAL/03-NVIC/NVIC_program.o
 .debug_info    0x0000000000000b7a      0x257 ./1-MCAL/04-EXTI/EXTI_program.o
 .debug_info    0x0000000000000dd1      0x40e ./1-MCAL/05-USART/USART_program.o
 .debug_info    0x00000000000011df      0x718 ./1-MCAL/06-CAN/CAN_program.o
 .debug_info    0x00000000000018f7      0x2b7 ./1-MCAL/07-STK/STK_program.o
 .debug_info    0x0000000000001bae      0x294 ./1-MCAL/08-FPEC/FPEC_program.o
 .debug_info    0x0000000000001e42      0x88b ./1-MCAL/12-TIMER/TIMER_program.o
 .debug_info    0x00000000000026cd      0x173 ./2-HAL/01-LED/LED_program.o
 .debug_info    0x0000000000002840      0x4e3 ./3-SERVICE/02-SYS/SYS_program.o
 .debug_info    0x0000000000002d23      0x378 ./7-APP/APP ECU_1/main.o
 .debug_info    0x000000000000309b       0x23 ./Startup/startup_stm32f103c8tx.o

.debug_abbrev   0x0000000000000000     0x121c
 .debug_abbrev  0x0000000000000000       0xf8 ./1-MCAL/01-GPIO/GPIO_program.o
 .debug_abbrev  0x00000000000000f8      0x126 ./1-MCAL/02-RCC/RCC_program.o
 .debug_abbrev  0x000000000000021e      0x175 ./1-MCAL/03-NVIC/NVIC_program.o
 .debug_abbrev  0x0000000000000393      0x127 ./1-MCAL/04-EXTI/EXTI_program.o
 .debug_abbrev  0x00000000000004ba      0x1af ./1-MCAL/05-USART/USART_program.o
 .debug_abbrev  0x0000000000000669      0x246 ./1-MCAL/06-CAN/CAN_program.o
 .debug_abbrev  0x00000000000008af      0x13f ./1-MCAL/07-STK/STK_program.o
 .debug_abbrev  0x00000000000009ee      0x18d ./1-MCAL/08-FPEC/FPEC_program.o
 .debug_abbrev  0x0000000000000b7b      0x2bb ./1-MCAL/12-TIMER/TIMER_program.o
 .debug_abbrev  0x0000000000000e36       0xe1 ./2-HAL/01-LED/LED_program.o
 .debug_abbrev  0x0000000000000f17      0x15b ./3-SERVICE/02-SYS/SYS_program.o
 .debug_abbrev  0x0000000000001072      0x198 ./7-APP/APP ECU_1/main.o
 .debug_abbrev  0x000000000000120a       0x12 ./Startup/startup_stm32f103c8tx.o

.debug_loclists
                0x0000000000000000     0x100e
 .debug_loclists
                0x0000000000000000      0x1a5 ./1-MCAL/01-GPIO/GPIO_program.o
 .debug_loclists
                0x00000000000001a5      0x146 ./1-MCAL/02-RCC/RCC_program.o
 .debug_loclists
                0x00000000000002eb      0x204 ./1-MCAL/03-NVIC/NVIC_program.o
 .debug_loclists
                0x00000000000004ef       0x73 ./1-MCAL/04-EXTI/EXTI_program.o
 .debug_loclists
                0x0000000000000562      0x198 ./1-MCAL/05-USART/USART_program.o
 .debug_loclists
                0x00000000000006fa      0x222 ./1-MCAL/06-CAN/CAN_program.o
 .debug_loclists
                0x000000000000091c      0x171 ./1-MCAL/07-STK/STK_program.o
 .debug_loclists
                0x0000000000000a8d      0x13e ./1-MCAL/08-FPEC/FPEC_program.o
 .debug_loclists
                0x0000000000000bcb      0x3eb ./1-MCAL/12-TIMER/TIMER_program.o
 .debug_loclists
                0x0000000000000fb6       0x58 ./2-HAL/01-LED/LED_program.o

.debug_aranges  0x0000000000000000      0x418
 .debug_aranges
                0x0000000000000000       0x40 ./1-MCAL/01-GPIO/GPIO_program.o
 .debug_aranges
                0x0000000000000040       0x40 ./1-MCAL/02-RCC/RCC_program.o
 .debug_aranges
                0x0000000000000080       0x60 ./1-MCAL/03-NVIC/NVIC_program.o
 .debug_aranges
                0x00000000000000e0       0x70 ./1-MCAL/04-EXTI/EXTI_program.o
 .debug_aranges
                0x0000000000000150       0x68 ./1-MCAL/05-USART/USART_program.o
 .debug_aranges
                0x00000000000001b8       0x70 ./1-MCAL/06-CAN/CAN_program.o
 .debug_aranges
                0x0000000000000228       0x60 ./1-MCAL/07-STK/STK_program.o
 .debug_aranges
                0x0000000000000288       0x40 ./1-MCAL/08-FPEC/FPEC_program.o
 .debug_aranges
                0x00000000000002c8       0xa0 ./1-MCAL/12-TIMER/TIMER_program.o
 .debug_aranges
                0x0000000000000368       0x30 ./2-HAL/01-LED/LED_program.o
 .debug_aranges
                0x0000000000000398       0x28 ./3-SERVICE/02-SYS/SYS_program.o
 .debug_aranges
                0x00000000000003c0       0x30 ./7-APP/APP ECU_1/main.o
 .debug_aranges
                0x00000000000003f0       0x28 ./Startup/startup_stm32f103c8tx.o

.debug_rnglists
                0x0000000000000000      0x327
 .debug_rnglists
                0x0000000000000000       0x2c ./1-MCAL/01-GPIO/GPIO_program.o
 .debug_rnglists
                0x000000000000002c       0x2d ./1-MCAL/02-RCC/RCC_program.o
 .debug_rnglists
                0x0000000000000059       0x43 ./1-MCAL/03-NVIC/NVIC_program.o
 .debug_rnglists
                0x000000000000009c       0x4f ./1-MCAL/04-EXTI/EXTI_program.o
 .debug_rnglists
                0x00000000000000eb       0x6d ./1-MCAL/05-USART/USART_program.o
 .debug_rnglists
                0x0000000000000158       0x53 ./1-MCAL/06-CAN/CAN_program.o
 .debug_rnglists
                0x00000000000001ab       0x43 ./1-MCAL/07-STK/STK_program.o
 .debug_rnglists
                0x00000000000001ee       0x37 ./1-MCAL/08-FPEC/FPEC_program.o
 .debug_rnglists
                0x0000000000000225       0x92 ./1-MCAL/12-TIMER/TIMER_program.o
 .debug_rnglists
                0x00000000000002b7       0x1f ./2-HAL/01-LED/LED_program.o
 .debug_rnglists
                0x00000000000002d6       0x19 ./3-SERVICE/02-SYS/SYS_program.o
 .debug_rnglists
                0x00000000000002ef       0x1f ./7-APP/APP ECU_1/main.o
 .debug_rnglists
                0x000000000000030e       0x19 ./Startup/startup_stm32f103c8tx.o

.debug_macro    0x0000000000000000     0x1d14
 .debug_macro   0x0000000000000000       0x47 ./1-MCAL/01-GPIO/GPIO_program.o
 .debug_macro   0x0000000000000047      0xaa8 ./1-MCAL/01-GPIO/GPIO_program.o
 .debug_macro   0x0000000000000aef       0x2e ./1-MCAL/01-GPIO/GPIO_program.o
 .debug_macro   0x0000000000000b1d       0x22 ./1-MCAL/01-GPIO/GPIO_program.o
 .debug_macro   0x0000000000000b3f       0x94 ./1-MCAL/01-GPIO/GPIO_program.o
 .debug_macro   0x0000000000000bd3       0xb8 ./1-MCAL/01-GPIO/GPIO_program.o
 .debug_macro   0x0000000000000c8b      0x1ae ./1-MCAL/01-GPIO/GPIO_program.o
 .debug_macro   0x0000000000000e39       0x1c ./1-MCAL/01-GPIO/GPIO_program.o
 .debug_macro   0x0000000000000e55       0x47 ./1-MCAL/02-RCC/RCC_program.o
 .debug_macro   0x0000000000000e9c      0x136 ./1-MCAL/02-RCC/RCC_program.o
 .debug_macro   0x0000000000000fd2       0x22 ./1-MCAL/02-RCC/RCC_program.o
 .debug_macro   0x0000000000000ff4      0x178 ./1-MCAL/02-RCC/RCC_program.o
 .debug_macro   0x000000000000116c      0x15f ./1-MCAL/02-RCC/RCC_program.o
 .debug_macro   0x00000000000012cb       0x48 ./1-MCAL/03-NVIC/NVIC_program.o
 .debug_macro   0x0000000000001313       0x34 ./1-MCAL/03-NVIC/NVIC_program.o
 .debug_macro   0x0000000000001347       0x10 ./1-MCAL/03-NVIC/NVIC_program.o
 .debug_macro   0x0000000000001357       0x16 ./1-MCAL/03-NVIC/NVIC_program.o
 .debug_macro   0x000000000000136d       0x49 ./1-MCAL/04-EXTI/EXTI_program.o
 .debug_macro   0x00000000000013b6       0x3a ./1-MCAL/04-EXTI/EXTI_program.o
 .debug_macro   0x00000000000013f0       0x10 ./1-MCAL/04-EXTI/EXTI_program.o
 .debug_macro   0x0000000000001400       0x47 ./1-MCAL/05-USART/USART_program.o
 .debug_macro   0x0000000000001447       0x52 ./1-MCAL/05-USART/USART_program.o
 .debug_macro   0x0000000000001499       0x58 ./1-MCAL/05-USART/USART_program.o
 .debug_macro   0x00000000000014f1       0x10 ./1-MCAL/05-USART/USART_program.o
 .debug_macro   0x0000000000001501       0x1c ./1-MCAL/05-USART/USART_program.o
 .debug_macro   0x000000000000151d       0x48 ./1-MCAL/06-CAN/CAN_program.o
 .debug_macro   0x0000000000001565      0x256 ./1-MCAL/06-CAN/CAN_program.o
 .debug_macro   0x00000000000017bb       0x10 ./1-MCAL/06-CAN/CAN_program.o
 .debug_macro   0x00000000000017cb       0x48 ./1-MCAL/07-STK/STK_program.o
 .debug_macro   0x0000000000001813       0x10 ./1-MCAL/07-STK/STK_program.o
 .debug_macro   0x0000000000001823       0x3a ./1-MCAL/07-STK/STK_program.o
 .debug_macro   0x000000000000185d       0x10 ./1-MCAL/07-STK/STK_program.o
 .debug_macro   0x000000000000186d       0x48 ./1-MCAL/08-FPEC/FPEC_program.o
 .debug_macro   0x00000000000018b5       0x4c ./1-MCAL/08-FPEC/FPEC_program.o
 .debug_macro   0x0000000000001901       0x1c ./1-MCAL/08-FPEC/FPEC_program.o
 .debug_macro   0x000000000000191d       0x10 ./1-MCAL/08-FPEC/FPEC_program.o
 .debug_macro   0x000000000000192d       0x47 ./1-MCAL/12-TIMER/TIMER_program.o
 .debug_macro   0x0000000000001974       0xe8 ./1-MCAL/12-TIMER/TIMER_program.o
 .debug_macro   0x0000000000001a5c       0x28 ./1-MCAL/12-TIMER/TIMER_program.o
 .debug_macro   0x0000000000001a84       0x22 ./1-MCAL/12-TIMER/TIMER_program.o
 .debug_macro   0x0000000000001aa6       0x82 ./1-MCAL/12-TIMER/TIMER_program.o
 .debug_macro   0x0000000000001b28       0x40 ./2-HAL/01-LED/LED_program.o
 .debug_macro   0x0000000000001b68       0x88 ./2-HAL/01-LED/LED_program.o
 .debug_macro   0x0000000000001bf0       0x6d ./3-SERVICE/02-SYS/SYS_program.o
 .debug_macro   0x0000000000001c5d       0x10 ./3-SERVICE/02-SYS/SYS_program.o
 .debug_macro   0x0000000000001c6d       0x22 ./3-SERVICE/02-SYS/SYS_program.o
 .debug_macro   0x0000000000001c8f       0x16 ./3-SERVICE/02-SYS/SYS_program.o
 .debug_macro   0x0000000000001ca5       0x6f ./7-APP/APP ECU_1/main.o

.debug_line     0x0000000000000000     0x290d
 .debug_line    0x0000000000000000      0x308 ./1-MCAL/01-GPIO/GPIO_program.o
 .debug_line    0x0000000000000308      0x321 ./1-MCAL/02-RCC/RCC_program.o
 .debug_line    0x0000000000000629      0x31e ./1-MCAL/03-NVIC/NVIC_program.o
 .debug_line    0x0000000000000947      0x261 ./1-MCAL/04-EXTI/EXTI_program.o
 .debug_line    0x0000000000000ba8      0x349 ./1-MCAL/05-USART/USART_program.o
 .debug_line    0x0000000000000ef1      0x66e ./1-MCAL/06-CAN/CAN_program.o
 .debug_line    0x000000000000155f      0x2d1 ./1-MCAL/07-STK/STK_program.o
 .debug_line    0x0000000000001830      0x319 ./1-MCAL/08-FPEC/FPEC_program.o
 .debug_line    0x0000000000001b49      0x70a ./1-MCAL/12-TIMER/TIMER_program.o
 .debug_line    0x0000000000002253      0x141 ./2-HAL/01-LED/LED_program.o
 .debug_line    0x0000000000002394      0x26c ./3-SERVICE/02-SYS/SYS_program.o
 .debug_line    0x0000000000002600      0x292 ./7-APP/APP ECU_1/main.o
 .debug_line    0x0000000000002892       0x7b ./Startup/startup_stm32f103c8tx.o

.debug_str      0x0000000000000000     0x86f2
 .debug_str     0x0000000000000000     0x43b7 ./1-MCAL/01-GPIO/GPIO_program.o
                                       0x4409 (size before relaxing)
 .debug_str     0x00000000000043b7      0xeaf ./1-MCAL/02-RCC/RCC_program.o
                                       0x3d85 (size before relaxing)
 .debug_str     0x0000000000005266      0x5ea ./1-MCAL/03-NVIC/NVIC_program.o
                                       0x34cd (size before relaxing)
 .debug_str     0x0000000000005850      0x244 ./1-MCAL/04-EXTI/EXTI_program.o
                                       0x3114 (size before relaxing)
 .debug_str     0x0000000000005a94      0x417 ./1-MCAL/05-USART/USART_program.o
                                       0x3300 (size before relaxing)
 .debug_str     0x0000000000005eab     0x1542 ./1-MCAL/06-CAN/CAN_program.o
                                       0x4417 (size before relaxing)
 .debug_str     0x00000000000073ed      0x292 ./1-MCAL/07-STK/STK_program.o
                                       0x3175 (size before relaxing)
 .debug_str     0x000000000000767f      0x2f6 ./1-MCAL/08-FPEC/FPEC_program.o
                                       0x31cc (size before relaxing)
 .debug_str     0x0000000000007975      0x84a ./1-MCAL/12-TIMER/TIMER_program.o
                                       0x3768 (size before relaxing)
 .debug_str     0x00000000000081bf      0x26d ./2-HAL/01-LED/LED_program.o
                                       0x31fb (size before relaxing)
 .debug_str     0x000000000000842c      0x1a3 ./3-SERVICE/02-SYS/SYS_program.o
                                       0x3e28 (size before relaxing)
 .debug_str     0x00000000000085cf       0xf4 ./7-APP/APP ECU_1/main.o
                                       0x34c6 (size before relaxing)
 .debug_str     0x00000000000086c3       0x2f ./Startup/startup_stm32f103c8tx.o
                                         0x4b (size before relaxing)

.debug_frame    0x0000000000000000      0x834
 .debug_frame   0x0000000000000000       0x70 ./1-MCAL/01-GPIO/GPIO_program.o
 .debug_frame   0x0000000000000070       0x70 ./1-MCAL/02-RCC/RCC_program.o
 .debug_frame   0x00000000000000e0       0xf0 ./1-MCAL/03-NVIC/NVIC_program.o
 .debug_frame   0x00000000000001d0       0xf0 ./1-MCAL/04-EXTI/EXTI_program.o
 .debug_frame   0x00000000000002c0       0xbc ./1-MCAL/05-USART/USART_program.o
 .debug_frame   0x000000000000037c       0xec ./1-MCAL/06-CAN/CAN_program.o
 .debug_frame   0x0000000000000468       0xa8 ./1-MCAL/07-STK/STK_program.o
 .debug_frame   0x0000000000000510       0x80 ./1-MCAL/08-FPEC/FPEC_program.o
 .debug_frame   0x0000000000000590      0x1a8 ./1-MCAL/12-TIMER/TIMER_program.o
 .debug_frame   0x0000000000000738       0x40 ./2-HAL/01-LED/LED_program.o
 .debug_frame   0x0000000000000778       0x48 ./3-SERVICE/02-SYS/SYS_program.o
 .debug_frame   0x00000000000007c0       0x48 ./7-APP/APP ECU_1/main.o
 .debug_frame   0x0000000000000808       0x2c E:/STM32CubeIDE_1.14.1/STM32CubeIDE/plugins/com.st.stm32cube.ide.mcu.externaltools.gnu-tools-for-stm32.11.3.rel1.win32_1.1.100.202309141235/tools/bin/../lib/gcc/arm-none-eabi/11.3.1/../../../../arm-none-eabi/lib/thumb/v7-m/nofp\libc_nano.a(libc_a-init.o)

.debug_line_str
                0x0000000000000000       0x3f
 .debug_line_str
                0x0000000000000000       0x3f ./Startup/startup_stm32f103c8tx.o
                                         0x57 (size before relaxing)
