../1-MCAL/04-EXTI/EXTI_program.c:22:6:EXTI_voidInit	8	static
../1-MCAL/04-EXTI/EXTI_program.c:37:6:EXTI_voidSetSenseMode	0	static
../1-MCAL/04-EXTI/EXTI_program.c:49:6:EXTI_voidEnableEXTI	0	static
../1-MCAL/04-EXTI/EXTI_program.c:55:6:EXTI_voidDisableEXTI	0	static
../1-MCAL/04-EXTI/EXTI_program.c:61:6:EXTI_voidSoftwareTrigger	0	static
../1-MCAL/04-EXTI/EXTI_program.c:67:6:EXTI_voidSetCallBack	0	static
../1-MCAL/04-EXTI/EXTI_program.c:72:6:EXTI0_IRQHandler	8	static
../1-MCAL/04-EXTI/EXTI_program.c:79:6:EXTI1_IRQHandler	8	static
../1-MCAL/04-EXTI/EXTI_program.c:86:6:EXTI2_IRQHandler	8	static
../1-MCAL/04-EXTI/EXTI_program.c:93:6:EXTI3_IRQHandler	8	static
../1-MCAL/04-EXTI/EXTI_program.c:100:6:EXTI4_IRQHandler	8	static
