Archive member included to satisfy reference by file (symbol)

d:/1- embedded systems -iti/matrials/arm/1- tools/01_imt_ide/03- imt sdk/imt_sdk_win_64/winarm/armgcc/bin/../lib/gcc/arm-none-eabi/7.2.1/../../../../arm-none-eabi/lib/thumb/v7e-m\libg_nano.a(lib_a-errno.o)
                              ./system/src/newlib/_sbrk.o (__errno)
d:/1- embedded systems -iti/matrials/arm/1- tools/01_imt_ide/03- imt sdk/imt_sdk_win_64/winarm/armgcc/bin/../lib/gcc/arm-none-eabi/7.2.1/../../../../arm-none-eabi/lib/thumb/v7e-m\libg_nano.a(lib_a-impure.o)
                              d:/1- embedded systems -iti/matrials/arm/1- tools/01_imt_ide/03- imt sdk/imt_sdk_win_64/winarm/armgcc/bin/../lib/gcc/arm-none-eabi/7.2.1/../../../../arm-none-eabi/lib/thumb/v7e-m\libg_nano.a(lib_a-errno.o) (_impure_ptr)
d:/1- embedded systems -iti/matrials/arm/1- tools/01_imt_ide/03- imt sdk/imt_sdk_win_64/winarm/armgcc/bin/../lib/gcc/arm-none-eabi/7.2.1/../../../../arm-none-eabi/lib/thumb/v7e-m\libg_nano.a(lib_a-strlen.o)
                              ./system/src/diag/Trace.o (strlen)
d:/1- embedded systems -iti/matrials/arm/1- tools/01_imt_ide/03- imt sdk/imt_sdk_win_64/winarm/armgcc/bin/../lib/gcc/arm-none-eabi/7.2.1/../../../../arm-none-eabi/lib/thumb/v7e-m\libg_nano.a(lib_a-vsnprintf.o)
                              ./system/src/diag/Trace.o (vsnprintf)
d:/1- embedded systems -iti/matrials/arm/1- tools/01_imt_ide/03- imt sdk/imt_sdk_win_64/winarm/armgcc/bin/../lib/gcc/arm-none-eabi/7.2.1/../../../../arm-none-eabi/lib/thumb/v7e-m\libg_nano.a(lib_a-nano-svfprintf.o)
                              d:/1- embedded systems -iti/matrials/arm/1- tools/01_imt_ide/03- imt sdk/imt_sdk_win_64/winarm/armgcc/bin/../lib/gcc/arm-none-eabi/7.2.1/../../../../arm-none-eabi/lib/thumb/v7e-m\libg_nano.a(lib_a-vsnprintf.o) (_svfprintf_r)
d:/1- embedded systems -iti/matrials/arm/1- tools/01_imt_ide/03- imt sdk/imt_sdk_win_64/winarm/armgcc/bin/../lib/gcc/arm-none-eabi/7.2.1/../../../../arm-none-eabi/lib/thumb/v7e-m\libg_nano.a(lib_a-nano-vfprintf_i.o)
                              d:/1- embedded systems -iti/matrials/arm/1- tools/01_imt_ide/03- imt sdk/imt_sdk_win_64/winarm/armgcc/bin/../lib/gcc/arm-none-eabi/7.2.1/../../../../arm-none-eabi/lib/thumb/v7e-m\libg_nano.a(lib_a-nano-svfprintf.o) (_printf_i)
d:/1- embedded systems -iti/matrials/arm/1- tools/01_imt_ide/03- imt sdk/imt_sdk_win_64/winarm/armgcc/bin/../lib/gcc/arm-none-eabi/7.2.1/../../../../arm-none-eabi/lib/thumb/v7e-m\libg_nano.a(lib_a-memchr.o)
                              d:/1- embedded systems -iti/matrials/arm/1- tools/01_imt_ide/03- imt sdk/imt_sdk_win_64/winarm/armgcc/bin/../lib/gcc/arm-none-eabi/7.2.1/../../../../arm-none-eabi/lib/thumb/v7e-m\libg_nano.a(lib_a-nano-svfprintf.o) (memchr)
d:/1- embedded systems -iti/matrials/arm/1- tools/01_imt_ide/03- imt sdk/imt_sdk_win_64/winarm/armgcc/bin/../lib/gcc/arm-none-eabi/7.2.1/../../../../arm-none-eabi/lib/thumb/v7e-m\libg_nano.a(lib_a-memcpy-stub.o)
                              d:/1- embedded systems -iti/matrials/arm/1- tools/01_imt_ide/03- imt sdk/imt_sdk_win_64/winarm/armgcc/bin/../lib/gcc/arm-none-eabi/7.2.1/../../../../arm-none-eabi/lib/thumb/v7e-m\libg_nano.a(lib_a-nano-svfprintf.o) (memcpy)
d:/1- embedded systems -iti/matrials/arm/1- tools/01_imt_ide/03- imt sdk/imt_sdk_win_64/winarm/armgcc/bin/../lib/gcc/arm-none-eabi/7.2.1/../../../../arm-none-eabi/lib/thumb/v7e-m\libg_nano.a(lib_a-memmove.o)
                              d:/1- embedded systems -iti/matrials/arm/1- tools/01_imt_ide/03- imt sdk/imt_sdk_win_64/winarm/armgcc/bin/../lib/gcc/arm-none-eabi/7.2.1/../../../../arm-none-eabi/lib/thumb/v7e-m\libg_nano.a(lib_a-nano-svfprintf.o) (memmove)
d:/1- embedded systems -iti/matrials/arm/1- tools/01_imt_ide/03- imt sdk/imt_sdk_win_64/winarm/armgcc/bin/../lib/gcc/arm-none-eabi/7.2.1/../../../../arm-none-eabi/lib/thumb/v7e-m\libg_nano.a(lib_a-nano-freer.o)
                              d:/1- embedded systems -iti/matrials/arm/1- tools/01_imt_ide/03- imt sdk/imt_sdk_win_64/winarm/armgcc/bin/../lib/gcc/arm-none-eabi/7.2.1/../../../../arm-none-eabi/lib/thumb/v7e-m\libg_nano.a(lib_a-nano-svfprintf.o) (_free_r)
d:/1- embedded systems -iti/matrials/arm/1- tools/01_imt_ide/03- imt sdk/imt_sdk_win_64/winarm/armgcc/bin/../lib/gcc/arm-none-eabi/7.2.1/../../../../arm-none-eabi/lib/thumb/v7e-m\libg_nano.a(lib_a-nano-mallocr.o)
                              d:/1- embedded systems -iti/matrials/arm/1- tools/01_imt_ide/03- imt sdk/imt_sdk_win_64/winarm/armgcc/bin/../lib/gcc/arm-none-eabi/7.2.1/../../../../arm-none-eabi/lib/thumb/v7e-m\libg_nano.a(lib_a-nano-svfprintf.o) (_malloc_r)
d:/1- embedded systems -iti/matrials/arm/1- tools/01_imt_ide/03- imt sdk/imt_sdk_win_64/winarm/armgcc/bin/../lib/gcc/arm-none-eabi/7.2.1/../../../../arm-none-eabi/lib/thumb/v7e-m\libg_nano.a(lib_a-nano-reallocr.o)
[...]
Memory Configuration

Name             Origin             Length             Attributes
RAM              0x20000000         0x00010000         xrw
CCMRAM           0x10000000         0x00000000         xrw
FLASH            0x08000000         0x00100000         xr
FLASHB1          0x00000000         0x00000000         xr
EXTMEMB0         0x00000000         0x00000000         xr
EXTMEMB1         0x00000000         0x00000000         xr
EXTMEMB2         0x00000000         0x00000000         xr
EXTMEMB3         0x00000000         0x00000000         xr
*default*        0x00000000         0xffffffff

Linker script and memory map

LOAD ./system/src/stm32f4-hal/stm32f4xx_hal.o
LOAD ./system/src/stm32f4-hal/stm32f4xx_hal_cortex.o
LOAD ./system/src/stm32f4-hal/stm32f4xx_hal_dfsdm.o
LOAD ./system/src/stm32f4-hal/stm32f4xx_hal_flash.o
LOAD ./system/src/stm32f4-hal/stm32f4xx_hal_gpio.o
LOAD ./system/src/stm32f4-hal/stm32f4xx_hal_iwdg.o
LOAD ./system/src/stm32f4-hal/stm32f4xx_hal_pwr.o
LOAD ./system/src/stm32f4-hal/stm32f4xx_hal_rcc.o
LOAD ./system/src/newlib/_cxx.o
LOAD ./system/src/newlib/_exit.o
LOAD ./system/src/newlib/_sbrk.o
LOAD ./system/src/newlib/_startup.o
LOAD ./system/src/newlib/_syscalls.o
LOAD ./system/src/newlib/assert.o
LOAD ./system/src/diag/Trace.o
LOAD ./system/src/diag/trace_impl.o
LOAD ./system/src/cortexm/_initialize_hardware.o
LOAD ./system/src/cortexm/_reset_hardware.o
LOAD ./system/src/cortexm/exception_handlers.o
LOAD ./system/src/cmsis/system_stm32f4xx.o
LOAD ./system/src/cmsis/vectors_stm32f401xc.o
LOAD ./src/GPIO_program.o
LOAD ./src/NVIC_program.o
LOAD ./src/RCC_program.o
LOAD ./src/SWITCH_config.o
LOAD ./src/SWITCH_program.o
LOAD ./src/SYSTick_program.o
LOAD ./src/Sched.o
LOAD ./src/UART_program.o
LOAD ./src/main.o
LOAD d:/1- embedded systems -iti/matrials/arm/1- tools/01_imt_ide/03- imt sdk/imt_sdk_win_64/winarm/armgcc/bin/../lib/gcc/arm-none-eabi/7.2.1/../../../../arm-none-eabi/lib/thumb/v7e-m\libstdc++_nano.a
LOAD d:/1- embedded systems -iti/matrials/arm/1- tools/01_imt_ide/03- imt sdk/imt_sdk_win_64/winarm/armgcc/bin/../lib/gcc/arm-none-eabi/7.2.1/../../../../arm-none-eabi/lib/thumb/v7e-m\libm.a
START GROUP
LOAD d:/1- embedded systems -iti/matrials/arm/1- tools/01_imt_ide/03- imt sdk/imt_sdk_win_64/winarm/armgcc/bin/../lib/gcc/arm-none-eabi/7.2.1/thumb/v7e-m\libgcc.a
LOAD d:/1- embedded systems -iti/matrials/arm/1- tools/01_imt_ide/03- imt sdk/imt_sdk_win_64/winarm/armgcc/bin/../lib/gcc/arm-none-eabi/7.2.1/../../../../arm-none-eabi/lib/thumb/v7e-m\libg_nano.a
LOAD d:/1- embedded systems -iti/matrials/arm/1- tools/01_imt_ide/03- imt sdk/imt_sdk_win_64/winarm/armgcc/bin/../lib/gcc/arm-none-eabi/7.2.1/../../../../arm-none-eabi/lib/thumb/v7e-m\libc_nano.a
END GROUP
START GROUP
LOAD d:/1- embedded systems -iti/matrials/arm/1- tools/01_imt_ide/03- imt sdk/imt_sdk_win_64/winarm/armgcc/bin/../lib/gcc/arm-none-eabi/7.2.1/thumb/v7e-m\libgcc.a
LOAD d:/1- embedded systems -iti/matrials/arm/1- tools/01_imt_ide/03- imt sdk/imt_sdk_win_64/winarm/armgcc/bin/../lib/gcc/arm-none-eabi/7.2.1/../../../../arm-none-eabi/lib/thumb/v7e-m\libc_nano.a
END GROUP
                0x20010000                __stack = (ORIGIN (RAM) + LENGTH (RAM))
                0x20010000                _estack = __stack
                0x00000400                __Main_Stack_Size = 0x400
                [!provide]                PROVIDE (_Main_Stack_Size, __Main_Stack_Size)
                0x2000fc00                __Main_Stack_Limit = (__stack - __Main_Stack_Size)
                [!provide]                PROVIDE (_Main_Stack_Limit, __Main_Stack_Limit)
                0x00000100                _Minimum_Stack_Size = 0x100
                0x20000170                PROVIDE (_Heap_Begin, _end_noinit)
                0x2000fc00                PROVIDE (_Heap_Limit, (__stack - __Main_Stack_Size))

.isr_vector     0x08000000      0x3f4
 FILL mask 0xff
                0x08000000                __vectors_start = ABSOLUTE (.)
                0x08000000                __vectors_start__ = ABSOLUTE (.)
 *(.isr_vector)
 .isr_vector    0x08000000      0x194 ./system/src/cmsis/vectors_stm32f401xc.o
                0x08000000                __isr_vectors
 *(.cfmconfig)
 *(.after_vectors .after_vectors.*)
 .after_vectors
                0x08000194      0x130 ./system/src/newlib/_startup.o
                0x08000194                _start
 .after_vectors
                0x080002c4      0x12c ./system/src/cortexm/exception_handlers.o
                0x080002c4                Reset_Handler
                0x080002ca                NMI_Handler
                0x080002ce                HardFault_Handler
                0x080002e2                HardFault_Handler_C
                0x08000340                MemManage_Handler
                0x08000344                BusFault_Handler
                0x08000358                BusFault_Handler_C
                0x0800038c                UsageFault_Handler
                0x080003a0                UsageFault_Handler_C
                0x080003d4                SVC_Handler
                0x080003d8                DebugMon_Handler
                0x080003dc                PendSV_Handler
 .after_vectors
                0x080003f0        0x4 ./system/src/cmsis/vectors_stm32f401xc.o
                0x080003f0                RTC_Alarm_IRQHandler
                0x080003f0                EXTI2_IRQHandler
                0x080003f0                SPI4_IRQHandler
                0x080003f0                TIM1_CC_IRQHandler
                0x080003f0                DMA2_Stream5_IRQHandler
                0x080003f0                DMA1_Stream5_IRQHandler
                0x080003f0                PVD_IRQHandler
                0x080003f0                SDIO_IRQHandler
                0x080003f0                TAMP_STAMP_IRQHandler
                0x080003f0                EXTI3_IRQHandler
                0x080003f0                TIM1_UP_TIM10_IRQHandler
                0x080003f0                I2C3_ER_IRQHandler
                0x080003f0                EXTI0_IRQHandler
                0x080003f0                I2C2_EV_IRQHandler
                0x080003f0                DMA1_Stream2_IRQHandler
                0x080003f0                FPU_IRQHandler
                0x080003f0                DMA2_Stream2_IRQHandler
                0x080003f0                SPI1_IRQHandler
                0x080003f0                TIM1_BRK_TIM9_IRQHandler
                0x080003f0                DMA2_Stream3_IRQHandler
                0x080003f0                DMA2_Stream0_IRQHandler
                0x080003f0                TIM4_IRQHandler
                0x080003f0                I2C1_EV_IRQHandler
                0x080003f0                DMA1_Stream6_IRQHandler
                0x080003f0                DMA1_Stream1_IRQHandler
                0x080003f0                TIM3_IRQHandler
                0x080003f0                RCC_IRQHandler
                0x080003f0                Default_Handler
                0x080003f0                EXTI15_10_IRQHandler
                0x080003f0                ADC_IRQHandler
                0x080003f0                DMA1_Stream7_IRQHandler
                0x080003f0                TIM5_IRQHandler
                0x080003f0                DMA2_Stream7_IRQHandler
                0x080003f0                I2C3_EV_IRQHandler
                0x080003f0                EXTI9_5_IRQHandler
                0x080003f0                RTC_WKUP_IRQHandler
                0x080003f0                SPI2_IRQHandler
                0x080003f0                DMA1_Stream0_IRQHandler
                0x080003f0                EXTI4_IRQHandler
                0x080003f0                WWDG_IRQHandler
                0x080003f0                TIM2_IRQHandler
                0x080003f0                OTG_FS_WKUP_IRQHandler
                0x080003f0                TIM1_TRG_COM_TIM11_IRQHandler
                0x080003f0                EXTI1_IRQHandler
                0x080003f0                I2C2_ER_IRQHandler
                0x080003f0                DMA2_Stream1_IRQHandler
                0x080003f0                FLASH_IRQHandler
                0x080003f0                DMA2_Stream4_IRQHandler
                0x080003f0                OTG_FS_IRQHandler
                0x080003f0                SPI3_IRQHandler
                0x080003f0                DMA1_Stream4_IRQHandler
                0x080003f0                I2C1_ER_IRQHandler
                0x080003f0                DMA2_Stream6_IRQHandler
                0x080003f0                DMA1_Stream3_IRQHandler

.inits          0x080003f4       0x28
                0x080003f4                __data_regions_array_start = .
                0x080003f4        0x4 LONG 0x8001804 LOADADDR (.data)
                0x080003f8        0x4 LONG 0x20000000 ADDR (.data)
                0x080003fc        0x4 LONG 0x2000008c (ADDR (.data) + SIZEOF (.data))
                0x08000400        0x4 LONG 0x8001804 LOADADDR (.data_CCMRAM)
                0x08000404        0x4 LONG 0x10000000 ADDR (.data_CCMRAM)
                0x08000408        0x4 LONG 0x10000000 (ADDR (.data_CCMRAM) + SIZEOF (.data_CCMRAM))
                0x0800040c                __data_regions_array_end = .
                0x0800040c                __bss_regions_array_start = .
                0x0800040c        0x4 LONG 0x2000008c ADDR (.bss)
                0x08000410        0x4 LONG 0x20000170 (ADDR (.bss) + SIZEOF (.bss))
                0x08000414        0x4 LONG 0x10000000 ADDR (.bss_CCMRAM)
                0x08000418        0x4 LONG 0x10000000 (ADDR (.bss_CCMRAM) + SIZEOF (.bss_CCMRAM))
                0x0800041c                __bss_regions_array_end = .
 *(.init)
 *(.fini)
                0x0800041c                . = ALIGN (0x4)
                0x0800041c                PROVIDE (__preinit_array_start, .)
 *(.preinit_array_sysinit .preinit_array_sysinit.*)
 *(.preinit_array_platform .preinit_array_platform.*)
 *(.preinit_array .preinit_array.*)
                0x0800041c                PROVIDE (__preinit_array_end, .)
                0x0800041c                . = ALIGN (0x4)
                0x0800041c                PROVIDE (__init_array_start, .)
 *(SORT_BY_NAME(.init_array.*))
 *(.init_array)
                0x0800041c                PROVIDE (__init_array_end, .)
                0x0800041c                . = ALIGN (0x4)
                0x0800041c                PROVIDE (__fini_array_start, .)
 *(SORT_BY_NAME(.fini_array.*))
 *(.fini_array)
                0x0800041c                PROVIDE (__fini_array_end, .)

.flashtext
 *(.flashtext .flashtext.*)

.text           0x08000420     0x13e3
 *(.text .text.*)
 .text._exit    0x08000420        0x2 ./system/src/newlib/_exit.o
                0x08000420                _exit
 *fill*         0x08000422        0x2 
 .text._sbrk    0x08000424       0x44 ./system/src/newlib/_sbrk.o
                0x08000424                _sbrk
 .text.__initialize_args
                0x08000468       0x10 ./system/src/newlib/_syscalls.o
                0x08000468                __initialize_args
 .text.trace_printf
                0x08000478       0x30 ./system/src/diag/Trace.o
                0x08000478                trace_printf
 .text._trace_write_semihosting_debug
                0x080004a8       0x60 ./system/src/diag/trace_impl.o
 .text.trace_write
                0x08000508        0x8 ./system/src/diag/trace_impl.o
                0x08000508                trace_write
 .text.__initialize_hardware_early
                0x08000510       0x18 ./system/src/cortexm/_initialize_hardware.o
                0x08000510                __initialize_hardware_early
 .text.__initialize_hardware
                0x08000528        0x8 ./system/src/cortexm/_initialize_hardware.o
                0x08000528                __initialize_hardware
 .text.dumpExceptionStack
                0x08000530       0xf4 ./system/src/cortexm/exception_handlers.o
                0x08000530                dumpExceptionStack
 .text.isSemihosting
                0x08000624       0x20 ./system/src/cortexm/exception_handlers.o
                0x08000624                isSemihosting
 .text.SystemInit
                0x08000644       0x40 ./system/src/cmsis/system_stm32f4xx.o
                0x08000644                SystemInit
 .text.SystemCoreClockUpdate
                0x08000684       0xa0 ./system/src/cmsis/system_stm32f4xx.o
                0x08000684                SystemCoreClockUpdate
 .text.GPIO_voidSetPinMode
                0x08000724       0x1c ./src/GPIO_program.o
                0x08000724                GPIO_voidSetPinMode
 .text.GPIO_voidSetPinPullValue
                0x08000740       0x1c ./src/GPIO_program.o
                0x08000740                GPIO_voidSetPinPullValue
 .text.GPIO_voidSetPinValue
                0x0800075c       0x16 ./src/GPIO_program.o
                0x0800075c                GPIO_voidSetPinValue
 .text.GPIO_voidSetGetPinValue
                0x08000772        0xe ./src/GPIO_program.o
                0x08000772                GPIO_voidSetGetPinValue
 .text.GPIO_voidSetAlternateFunction
                0x08000780       0x4a ./src/GPIO_program.o
                0x08000780                GPIO_voidSetAlternateFunction
 *fill*         0x080007ca        0x2 
 .text.MNVIC_voidEnableInterrupt
                0x080007cc       0x24 ./src/NVIC_program.o
                0x080007cc                MNVIC_voidEnableInterrupt
 .text.RCC_voidInitSystemClock
                0x080007f0       0x2c ./src/RCC_program.o
                0x080007f0                RCC_voidInitSystemClock
 .text.RCC_voidEnablePeripheralClock
                0x0800081c       0x5c ./src/RCC_program.o
                0x0800081c                RCC_voidEnablePeripheralClock
 .text.SWITCH_init
                0x08000878       0x64 ./src/SWITCH_program.o
                0x08000878                SWITCH_init
 .text.SWITCH_Runnuble
                0x080008dc       0x70 ./src/SWITCH_program.o
                0x080008dc                SWITCH_Runnuble
 .text.SWITCH_getState
                0x0800094c        0xc ./src/SWITCH_program.o
                0x0800094c                SWITCH_getState
 .text.SysTick_Handler
                0x08000958       0x10 ./src/SYSTick_program.o
                0x08000958                SysTick_Handler
 .text.SYSTick_voidInit
                0x08000968       0x20 ./src/SYSTick_program.o
                0x08000968                SYSTick_voidInit
 .text.SYSTick_voidStart
                0x08000988       0x20 ./src/SYSTick_program.o
                0x08000988                SYSTick_voidStart
 .text.SYSTick_voidSetCallBack
                0x080009a8        0xc ./src/SYSTick_program.o
                0x080009a8                SYSTick_voidSetCallBack
 .text.tickcb   0x080009b4       0x10 ./src/Sched.o
                0x080009b4                tickcb
 .text.sched    0x080009c4       0x4c ./src/Sched.o
 .text.sched_register_runnable
                0x08000a10       0x24 ./src/Sched.o
                0x08000a10                sched_register_runnable
 .text.sched_init
                0x08000a34       0x14 ./src/Sched.o
                0x08000a34                sched_init
 .text.sched_start
                0x08000a48       0x24 ./src/Sched.o
                0x08000a48                sched_start
 .text.USART6Receive_voidSetCallBack
                0x08000a6c        0xc ./src/UART_program.o
                0x08000a6c                USART6Receive_voidSetCallBack
 .text.UART6_Init
                0x08000a78       0x34 ./src/UART_program.o
                0x08000a78                UART6_Init
 .text.USARTSendByte
                0x08000aac        0xc ./src/UART_program.o
                0x08000aac                USARTSendByte
 .text.USARTRecieveByteAsynchDone
                0x08000ab8        0x6 ./src/UART_program.o
                0x08000ab8                USARTRecieveByteAsynchDone
 *fill*         0x08000abe        0x2 
 .text.USART1_IRQHandler
                0x08000ac0       0x34 ./src/UART_program.o
                0x08000ac0                USART1_IRQHandler
 .text.USART2_IRQHandler
                0x08000af4       0x34 ./src/UART_program.o
                0x08000af4                USART2_IRQHandler
 .text.USART6_IRQHandler
                0x08000b28       0x34 ./src/UART_program.o
                0x08000b28                USART6_IRQHandler
 .text.SWITCHApp_runnuble
                0x08000b5c       0x2c ./src/main.o
                0x08000b5c                SWITCHApp_runnuble
 .text.uart6_ReceiveDone
                0x08000b88       0x2c ./src/main.o
                0x08000b88                uart6_ReceiveDone
 .text.main     0x08000bb4       0xb8 ./src/main.o
                0x08000bb4                main
 .text.service1_sendPinStatus
                0x08000c6c       0x98 ./src/main.o
                0x08000c6c                service1_sendPinStatus
 .text.service  0x08000d04       0x24 ./src/main.o
                0x08000d04                service
 .text.__errno  0x08000d28        0xc d:/1- embedded systems -iti/matrials/arm/1- tools/01_imt_ide/03- imt sdk/imt_sdk_win_64/winarm/armgcc/bin/../lib/gcc/arm-none-eabi/7.2.1/../../../../arm-none-eabi/lib/thumb/v7e-m\libg_nano.a(lib_a-errno.o)
                0x08000d28                __errno
 .text._vsnprintf_r
                0x08000d34       0x58 d:/1- embedded systems -iti/matrials/arm/1- tools/01_imt_ide/03- imt sdk/imt_sdk_win_64/winarm/armgcc/bin/../lib/gcc/arm-none-eabi/7.2.1/../../../../arm-none-eabi/lib/thumb/v7e-m\libg_nano.a(lib_a-vsnprintf.o)
                0x08000d34                _vsniprintf_r
                0x08000d34                _vsnprintf_r
 .text.vsnprintf
                0x08000d8c       0x1c d:/1- embedded systems -iti/matrials/arm/1- tools/01_imt_ide/03- imt sdk/imt_sdk_win_64/winarm/armgcc/bin/../lib/gcc/arm-none-eabi/7.2.1/../../../../arm-none-eabi/lib/thumb/v7e-m\libg_nano.a(lib_a-vsnprintf.o)
                0x08000d8c                vsniprintf
                0x08000d8c                vsnprintf
 .text.__ssputs_r
                0x08000da8       0xb4 d:/1- embedded systems -iti/matrials/arm/1- tools/01_imt_ide/03- imt sdk/imt_sdk_win_64/winarm/armgcc/bin/../lib/gcc/arm-none-eabi/7.2.1/../../../../arm-none-eabi/lib/thumb/v7e-m\libg_nano.a(lib_a-nano-svfprintf.o)
                0x08000da8                __ssputs_r
 .text._svfprintf_r
                0x08000e5c      0x1ec d:/1- embedded systems -iti/matrials/arm/1- tools/01_imt_ide/03- imt sdk/imt_sdk_win_64/winarm/armgcc/bin/../lib/gcc/arm-none-eabi/7.2.1/../../../../arm-none-eabi/lib/thumb/v7e-m\libg_nano.a(lib_a-nano-svfprintf.o)
                0x08000e5c                _svfiprintf_r
                0x08000e5c                _svfprintf_r
 .text._printf_common
                0x08001048       0xea d:/1- embedded systems -iti/matrials/arm/1- tools/01_imt_ide/03- imt sdk/imt_sdk_win_64/winarm/armgcc/bin/../lib/gcc/arm-none-eabi/7.2.1/../../../../arm-none-eabi/lib/thumb/v7e-m\libg_nano.a(lib_a-nano-vfprintf_i.o)
                0x08001048                _printf_common
 *fill*         0x08001132        0x2 
 .text._printf_i
                0x08001134      0x224 d:/1- embedded systems -iti/matrials/arm/1- tools/01_imt_ide/03- imt sdk/imt_sdk_win_64/winarm/armgcc/bin/../lib/gcc/arm-none-eabi/7.2.1/../../../../arm-none-eabi/lib/thumb/v7e-m\libg_nano.a(lib_a-nano-vfprintf_i.o)
                0x08001134                _printf_i
 *fill*         0x08001358        0x8 
 .text          0x08001360       0xa0 d:/1- embedded systems -iti/matrials/arm/1- tools/01_imt_ide/03- imt sdk/imt_sdk_win_64/winarm/armgcc/bin/../lib/gcc/arm-none-eabi/7.2.1/../../../../arm-none-eabi/lib/thumb/v7e-m\libg_nano.a(lib_a-memchr.o)
                0x08001360                memchr
 .text.memcpy   0x08001400       0x16 d:/1- embedded systems -iti/matrials/arm/1- tools/01_imt_ide/03- imt sdk/imt_sdk_win_64/winarm/armgcc/bin/../lib/gcc/arm-none-eabi/7.2.1/../../../../arm-none-eabi/lib/thumb/v7e-m\libg_nano.a(lib_a-memcpy-stub.o)
                0x08001400                memcpy
 .text.memmove  0x08001416       0x32 d:/1- embedded systems -iti/matrials/arm/1- tools/01_imt_ide/03- imt sdk/imt_sdk_win_64/winarm/armgcc/bin/../lib/gcc/arm-none-eabi/7.2.1/../../../../arm-none-eabi/lib/thumb/v7e-m\libg_nano.a(lib_a-memmove.o)
                0x08001416                memmove
 .text._free_r  0x08001448       0x9c d:/1- embedded systems -iti/matrials/arm/1- tools/01_imt_ide/03- imt sdk/imt_sdk_win_64/winarm/armgcc/bin/../lib/gcc/arm-none-eabi/7.2.1/../../../../arm-none-eabi/lib/thumb/v7e-m\libg_nano.a(lib_a-nano-freer.o)
                0x08001448                _free_r
 .text._malloc_r
                0x080014e4       0xb4 d:/1- embedded systems -iti/matrials/arm/1- tools/01_imt_ide/03- imt sdk/imt_sdk_win_64/winarm/armgcc/bin/../lib/gcc/arm-none-eabi/7.2.1/../../../../arm-none-eabi/lib/thumb/v7e-m\libg_nano.a(lib_a-nano-mallocr.o)
                0x080014e4                _malloc_r
 .text._realloc_r
                0x08001598       0x4c d:/1- embedded systems -iti/matrials/arm/1- tools/01_imt_ide/03- imt sdk/imt_sdk_win_64/winarm/armgcc/bin/../lib/gcc/arm-none-eabi/7.2.1/../../../../arm-none-eabi/lib/thumb/v7e-m\libg_nano.a(lib_a-nano-reallocr.o)
                0x08001598                _realloc_r
 .text._sbrk_r  0x080015e4       0x20 d:/1- embedded systems -iti/matrials/arm/1- tools/01_imt_ide/03- imt sdk/imt_sdk_win_64/winarm/armgcc/bin/../lib/gcc/arm-none-eabi/7.2.1/../../../../arm-none-eabi/lib/thumb/v7e-m\libg_nano.a(lib_a-sbrkr.o)
                0x080015e4                _sbrk_r
 .text.__malloc_lock
                0x08001604        0x2 d:/1- embedded systems -iti/matrials/arm/1- tools/01_imt_ide/03- imt sdk/imt_sdk_win_64/winarm/armgcc/bin/../lib/gcc/arm-none-eabi/7.2.1/../../../../arm-none-eabi/lib/thumb/v7e-m\libg_nano.a(lib_a-mlock.o)
                0x08001604                __malloc_lock
 .text.__malloc_unlock
                0x08001606        0x2 d:/1- embedded systems -iti/matrials/arm/1- tools/01_imt_ide/03- imt sdk/imt_sdk_win_64/winarm/armgcc/bin/../lib/gcc/arm-none-eabi/7.2.1/../../../../arm-none-eabi/lib/thumb/v7e-m\libg_nano.a(lib_a-mlock.o)
                0x08001606                __malloc_unlock
 .text._malloc_usable_size_r
                0x08001608       0x10 d:/1- embedded systems -iti/matrials/arm/1- tools/01_imt_ide/03- imt sdk/imt_sdk_win_64/winarm/armgcc/bin/../lib/gcc/arm-none-eabi/7.2.1/../../../../arm-none-eabi/lib/thumb/v7e-m\libg_nano.a(lib_a-nano-msizer.o)
                0x08001608                _malloc_usable_size_r
 *(.rodata .rodata.* .constdata .constdata.*)
 .rodata.dumpExceptionStack.str1.4
                0x08001618      0x11a ./system/src/cortexm/exception_handlers.o
 *fill*         0x08001732        0x2 
 .rodata.str1.4
                0x08001734       0x2a ./system/src/cortexm/exception_handlers.o
 *fill*         0x0800175e        0x2 
 .rodata.AHBPrescTable
                0x08001760       0x10 ./system/src/cmsis/system_stm32f4xx.o
                0x08001760                AHBPrescTable
 .rodata        0x08001770       0x3c ./src/main.o
 .rodata.str1.4
                0x080017ac       0x24 ./src/main.o
                                 0x22 (size before relaxing)
 .rodata._svfprintf_r.str1.1
                0x080017d0       0x11 d:/1- embedded systems -iti/matrials/arm/1- tools/01_imt_ide/03- imt sdk/imt_sdk_win_64/winarm/armgcc/bin/../lib/gcc/arm-none-eabi/7.2.1/../../../../arm-none-eabi/lib/thumb/v7e-m\libg_nano.a(lib_a-nano-svfprintf.o)
 .rodata._printf_i.str1.1
                0x080017e1       0x22 d:/1- embedded systems -iti/matrials/arm/1- tools/01_imt_ide/03- imt sdk/imt_sdk_win_64/winarm/armgcc/bin/../lib/gcc/arm-none-eabi/7.2.1/../../../../arm-none-eabi/lib/thumb/v7e-m\libg_nano.a(lib_a-nano-vfprintf_i.o)
 *(vtable)
 *(.eh_frame*)
 *(.glue_7)
 .glue_7        0x08001803        0x0 linker stubs
 *(.glue_7t)
 .glue_7t       0x08001803        0x0 linker stubs

.vfp11_veneer   0x08001804        0x0
 .vfp11_veneer  0x08001804        0x0 linker stubs

.v4_bx          0x08001804        0x0
 .v4_bx         0x08001804        0x0 linker stubs

.iplt           0x08001804        0x0
 .iplt          0x08001804        0x0 ./system/src/newlib/_exit.o

.rel.dyn        0x08001804        0x0
 .rel.iplt      0x08001804        0x0 ./system/src/newlib/_exit.o

.ARM.extab
 *(.ARM.extab* .gnu.linkonce.armextab.*)
                0x08001804                . = ALIGN (0x4)
                0x08001804                __exidx_start = .

.ARM.exidx
 *(.ARM.exidx* .gnu.linkonce.armexidx.*)
                0x08001804                __exidx_end = .
                0x08001804                . = ALIGN (0x4)
                0x08001804                _etext = .
                0x08001804                __etext = .

.data_CCMRAM    0x10000000        0x0 load address 0x08001804
 FILL mask 0xff
 *(.data.CCMRAM .data.CCMRAM.*)
                0x10000000                . = ALIGN (0x4)
                0x08001804                _sidata = LOADADDR (.data)

.data           0x20000000       0x8c load address 0x08001804
 FILL mask 0xff
                0x20000000                _sdata = .
                0x20000000                __data_start__ = .
 *(.data_begin .data_begin.*)
 .data_begin    0x20000000        0x4 ./system/src/newlib/_startup.o
 *(.data .data.*)
 .data.argv.4310
                0x20000004        0x8 ./system/src/newlib/_syscalls.o
 .data.SystemCoreClock
                0x2000000c        0x4 ./system/src/cmsis/system_stm32f4xx.o
                0x2000000c                SystemCoreClock
 .data.SWITCHS  0x20000010       0x10 ./src/SWITCH_config.o
                0x20000010                SWITCHS
 .data.tickMs   0x20000020        0x1 ./src/Sched.o
                0x20000020                tickMs
 *fill*         0x20000021        0x3 ff
 .data._impure_ptr
                0x20000024        0x4 d:/1- embedded systems -iti/matrials/arm/1- tools/01_imt_ide/03- imt sdk/imt_sdk_win_64/winarm/armgcc/bin/../lib/gcc/arm-none-eabi/7.2.1/../../../../arm-none-eabi/lib/thumb/v7e-m\libg_nano.a(lib_a-impure.o)
                0x20000024                _impure_ptr
 .data.impure_data
                0x20000028       0x60 d:/1- embedded systems -iti/matrials/arm/1- tools/01_imt_ide/03- imt sdk/imt_sdk_win_64/winarm/armgcc/bin/../lib/gcc/arm-none-eabi/7.2.1/../../../../arm-none-eabi/lib/thumb/v7e-m\libg_nano.a(lib_a-impure.o)
 *(.data_end .data_end.*)
 .data_end      0x20000088        0x4 ./system/src/newlib/_startup.o
                0x2000008c                . = ALIGN (0x4)
                0x2000008c                _edata = .
                0x2000008c                __data_end__ = .

.igot.plt       0x2000008c        0x0 load address 0x08001890
 .igot.plt      0x2000008c        0x0 ./system/src/newlib/_exit.o

.bss_CCMRAM     0x10000000        0x0
 *(.bss.CCMRAM .bss.CCMRAM.*)

.bss            0x2000008c       0xe4
                0x2000008c                __bss_start__ = .
                0x2000008c                _sbss = .
 *(.bss_begin .bss_begin.*)
 .bss_begin     0x2000008c        0x4 ./system/src/newlib/_startup.o
 *(.bss .bss.*)
 .bss.current_heap_end.3961
                0x20000090        0x4 ./system/src/newlib/_sbrk.o
 .bss.name.4309
                0x20000094        0x1 ./system/src/newlib/_syscalls.o
 *fill*         0x20000095        0x3 
 .bss.buf.5205  0x20000098       0x80 ./system/src/diag/Trace.o
 .bss.counts.3688
                0x20000118        0x2 ./src/SWITCH_program.o
 *fill*         0x2000011a        0x2 
 .bss.previos_state.3687
                0x2000011c        0x2 ./src/SWITCH_program.o
 *fill*         0x2000011e        0x2 
 .bss.state     0x20000120        0x2 ./src/SWITCH_program.o
 *fill*         0x20000122        0x2 
 .bss.SYSTick_CallBack
                0x20000124        0x4 ./src/SYSTick_program.o
 .bss.PendingTicks
                0x20000128        0x4 ./src/Sched.o
 .bss.rInfo     0x2000012c       0x18 ./src/Sched.o
 .bss.USART1Receive_CallBack
                0x20000144        0x4 ./src/UART_program.o
 .bss.USART1Transmit_CallBack
                0x20000148        0x4 ./src/UART_program.o
 .bss.USART2Receive_CallBack
                0x2000014c        0x4 ./src/UART_program.o
 .bss.USART2Transmit_CallBack
                0x20000150        0x4 ./src/UART_program.o
 .bss.USART6Receive_CallBack
                0x20000154        0x4 ./src/UART_program.o
 .bss.USART6Transmit_CallBack
                0x20000158        0x4 ./src/UART_program.o
 .bss.array     0x2000015c        0x2 ./src/main.o
                0x2000015c                array
 .bss.counter   0x2000015e        0x1 ./src/main.o
                0x2000015e                counter
 *fill*         0x2000015f        0x1 
 .bss.__malloc_free_list
                0x20000160        0x4 d:/1- embedded systems -iti/matrials/arm/1- tools/01_imt_ide/03- imt sdk/imt_sdk_win_64/winarm/armgcc/bin/../lib/gcc/arm-none-eabi/7.2.1/../../../../arm-none-eabi/lib/thumb/v7e-m\libg_nano.a(lib_a-nano-mallocr.o)
                0x20000160                __malloc_free_list
 .bss.__malloc_sbrk_start
                0x20000164        0x4 d:/1- embedded systems -iti/matrials/arm/1- tools/01_imt_ide/03- imt sdk/imt_sdk_win_64/winarm/armgcc/bin/../lib/gcc/arm-none-eabi/7.2.1/../../../../arm-none-eabi/lib/thumb/v7e-m\libg_nano.a(lib_a-nano-mallocr.o)
                0x20000164                __malloc_sbrk_start
 *(COMMON)
 COMMON         0x20000168        0x4 ./system/src/newlib/_syscalls.o
                0x20000168                errno
 *(.bss_end .bss_end.*)
 .bss_end       0x2000016c        0x4 ./system/src/newlib/_startup.o
                0x20000170                . = ALIGN (0x4)
                0x20000170                __bss_end__ = .
                0x20000170                _ebss = .

.noinit_CCMRAM
 *(.noinit.CCMRAM .noinit.CCMRAM.*)

.noinit         0x20000170        0x0
                0x20000170                _noinit = .
 *(.noinit .noinit.*)
                0x20000170                . = ALIGN (0x4)
                0x20000170                _end_noinit = .
                [!provide]                PROVIDE (end, _end_noinit)
                [!provide]                PROVIDE (_end, _end_noinit)
                [!provide]                PROVIDE (__end, _end_noinit)
                [!provide]                PROVIDE (__end__, _end_noinit)

._check_stack   0x20000170      0x100
                0x20000270                . = (. + _Minimum_Stack_Size)
 *fill*         0x20000170      0x100 

.b1text
 *(.b1text)
 *(.b1rodata)
 *(.b1rodata.*)

.eb0text
 *(.eb0text)
 *(.eb0rodata)
 *(.eb0rodata.*)

.eb1text
 *(.eb1text)
 *(.eb1rodata)
 *(.eb1rodata.*)

.eb2text
 *(.eb2text)
 *(.eb2rodata)
 *(.eb2rodata.*)

.eb3text
 *(.eb3text)
 *(.eb3rodata)
 *(.eb3rodata.*)

.stab
 *(.stab)

.stabstr
 *(.stabstr)

.stab.excl
 *(.stab.excl)

.stab.exclstr
 *(.stab.exclstr)

.stab.index
 *(.stab.index)

.stab.indexstr
 *(.stab.indexstr)

.comment        0x00000000       0x7e
 *(.comment)
 .comment       0x00000000       0x7e ./system/src/newlib/_exit.o
                                 0x7f (size before relaxing)
 .comment       0x0000007e       0x7f ./system/src/newlib/_sbrk.o
 .comment       0x0000007e       0x7f ./system/src/newlib/_startup.o
 .comment       0x0000007e       0x7f ./system/src/newlib/_syscalls.o
 .comment       0x0000007e       0x7f ./system/src/diag/Trace.o
 .comment       0x0000007e       0x7f ./system/src/diag/trace_impl.o
 .comment       0x0000007e       0x7f ./system/src/cortexm/_initialize_hardware.o
 .comment       0x0000007e       0x7f ./system/src/cortexm/exception_handlers.o
 .comment       0x0000007e       0x7f ./system/src/cmsis/system_stm32f4xx.o
 .comment       0x0000007e       0x7f ./system/src/cmsis/vectors_stm32f401xc.o
 .comment       0x0000007e       0x7f ./src/GPIO_program.o
 .comment       0x0000007e       0x7f ./src/NVIC_program.o
 .comment       0x0000007e       0x7f ./src/RCC_program.o
 .comment       0x0000007e       0x7f ./src/SWITCH_config.o
 .comment       0x0000007e       0x7f ./src/SWITCH_program.o
 .comment       0x0000007e       0x7f ./src/SYSTick_program.o
 .comment       0x0000007e       0x7f ./src/Sched.o
 .comment       0x0000007e       0x7f ./src/UART_program.o
 .comment       0x0000007e       0x7f ./src/main.o

.ARM.attributes
                0x00000000       0x31
 .ARM.attributes
                0x00000000       0x33 ./system/src/newlib/_exit.o
 .ARM.attributes
                0x00000033       0x33 ./system/src/newlib/_sbrk.o
 .ARM.attributes
                0x00000066       0x33 ./system/src/newlib/_startup.o
 .ARM.attributes
                0x00000099       0x33 ./system/src/newlib/_syscalls.o
 .ARM.attributes
                0x000000cc       0x33 ./system/src/diag/Trace.o
 .ARM.attributes
                0x000000ff       0x33 ./system/src/diag/trace_impl.o
 .ARM.attributes
                0x00000132       0x33 ./system/src/cortexm/_initialize_hardware.o
 .ARM.attributes
                0x00000165       0x33 ./system/src/cortexm/exception_handlers.o
 .ARM.attributes
                0x00000198       0x33 ./system/src/cmsis/system_stm32f4xx.o
 .ARM.attributes
                0x000001cb       0x33 ./system/src/cmsis/vectors_stm32f401xc.o
 .ARM.attributes
                0x000001fe       0x33 ./src/GPIO_program.o
 .ARM.attributes
                0x00000231       0x33 ./src/NVIC_program.o
 .ARM.attributes
                0x00000264       0x33 ./src/RCC_program.o
 .ARM.attributes
                0x00000297       0x33 ./src/SWITCH_config.o
 .ARM.attributes
                0x000002ca       0x33 ./src/SWITCH_program.o
 .ARM.attributes
                0x000002fd       0x33 ./src/SYSTick_program.o
 .ARM.attributes
                0x00000330       0x33 ./src/Sched.o
 .ARM.attributes
                0x00000363       0x33 ./src/UART_program.o
 .ARM.attributes
                0x00000396       0x33 ./src/main.o
 .ARM.attributes
                0x000003c9       0x2e d:/1- embedded systems -iti/matrials/arm/1- tools/01_imt_ide/03- imt sdk/imt_sdk_win_64/winarm/armgcc/bin/../lib/gcc/arm-none-eabi/7.2.1/../../../../arm-none-eabi/lib/thumb/v7e-m\libg_nano.a(lib_a-errno.o)
 .ARM.attributes
                0x000003f7       0x2e d:/1- embedded systems -iti/matrials/arm/1- tools/01_imt_ide/03- imt sdk/imt_sdk_win_64/winarm/armgcc/bin/../lib/gcc/arm-none-eabi/7.2.1/../../../../arm-none-eabi/lib/thumb/v7e-m\libg_nano.a(lib_a-impure.o)
 .ARM.attributes
                0x00000425       0x2e d:/1- embedded systems -iti/matrials/arm/1- tools/01_imt_ide/03- imt sdk/imt_sdk_win_64/winarm/armgcc/bin/../lib/gcc/arm-none-eabi/7.2.1/../../../../arm-none-eabi/lib/thumb/v7e-m\libg_nano.a(lib_a-vsnprintf.o)
 .ARM.attributes
                0x00000453       0x2e d:/1- embedded systems -iti/matrials/arm/1- tools/01_imt_ide/03- imt sdk/imt_sdk_win_64/winarm/armgcc/bin/../lib/gcc/arm-none-eabi/7.2.1/../../../../arm-none-eabi/lib/thumb/v7e-m\libg_nano.a(lib_a-nano-svfprintf.o)
 .ARM.attributes
                0x00000481       0x2e d:/1- embedded systems -iti/matrials/arm/1- tools/01_imt_ide/03- imt sdk/imt_sdk_win_64/winarm/armgcc/bin/../lib/gcc/arm-none-eabi/7.2.1/../../../../arm-none-eabi/lib/thumb/v7e-m\libg_nano.a(lib_a-nano-vfprintf_i.o)
 .ARM.attributes
                0x000004af       0x1c d:/1- embedded systems -iti/matrials/arm/1- tools/01_imt_ide/03- imt sdk/imt_sdk_win_64/winarm/armgcc/bin/../lib/gcc/arm-none-eabi/7.2.1/../../../../arm-none-eabi/lib/thumb/v7e-m\libg_nano.a(lib_a-memchr.o)
 .ARM.attributes
                0x000004cb       0x2e d:/1- embedded systems -iti/matrials/arm/1- tools/01_imt_ide/03- imt sdk/imt_sdk_win_64/winarm/armgcc/bin/../lib/gcc/arm-none-eabi/7.2.1/../../../../arm-none-eabi/lib/thumb/v7e-m\libg_nano.a(lib_a-memcpy-stub.o)
 .ARM.attributes
                0x000004f9       0x2e d:/1- embedded systems -iti/matrials/arm/1- tools/01_imt_ide/03- imt sdk/imt_sdk_win_64/winarm/armgcc/bin/../lib/gcc/arm-none-eabi/7.2.1/../../../../arm-none-eabi/lib/thumb/v7e-m\libg_nano.a(lib_a-memmove.o)
 .ARM.attributes
                0x00000527       0x2e d:/1- embedded systems -iti/matrials/arm/1- tools/01_imt_ide/03- imt sdk/imt_sdk_win_64/winarm/armgcc/bin/../lib/gcc/arm-none-eabi/7.2.1/../../../../arm-none-eabi/lib/thumb/v7e-m\libg_nano.a(lib_a-nano-freer.o)
 .ARM.attributes
                0x00000555       0x2e d:/1- embedded systems -iti/matrials/arm/1- tools/01_imt_ide/03- imt sdk/imt_sdk_win_64/winarm/armgcc/bin/../lib/gcc/arm-none-eabi/7.2.1/../../../../arm-none-eabi/lib/thumb/v7e-m\libg_nano.a(lib_a-nano-mallocr.o)
 .ARM.attributes
                0x00000583       0x2e d:/1- embedded systems -iti/matrials/arm/1- tools/01_imt_ide/03- imt sdk/imt_sdk_win_64/winarm/armgcc/bin/../lib/gcc/arm-none-eabi/7.2.1/../../../../arm-none-eabi/lib/thumb/v7e-m\libg_nano.a(lib_a-nano-reallocr.o)
 .ARM.attributes
                0x000005b1       0x2e d:/1- embedded systems -iti/matrials/arm/1- tools/01_imt_ide/03- imt sdk/imt_sdk_win_64/winarm/armgcc/bin/../lib/gcc/arm-none-eabi/7.2.1/../../../../arm-none-eabi/lib/thumb/v7e-m\libg_nano.a(lib_a-sbrkr.o)
 .ARM.attributes
                0x000005df       0x2e d:/1- embedded systems -iti/matrials/arm/1- tools/01_imt_ide/03- imt sdk/imt_sdk_win_64/winarm/armgcc/bin/../lib/gcc/arm-none-eabi/7.2.1/../../../../arm-none-eabi/lib/thumb/v7e-m\libg_nano.a(lib_a-mlock.o)
 .ARM.attributes
                0x0000060d       0x2e d:/1- embedded systems -iti/matrials/arm/1- tools/01_imt_ide/03- imt sdk/imt_sdk_win_64/winarm/armgcc/bin/../lib/gcc/arm-none-eabi/7.2.1/../../../../arm-none-eabi/lib/thumb/v7e-m\libg_nano.a(lib_a-nano-msizer.o)

.debug
 *(.debug)

.line
 *(.line)

.debug_srcinfo
 *(.debug_srcinfo)

.debug_sfnames
 *(.debug_sfnames)

.debug_aranges  0x00000000      0x4c0
 *(.debug_aranges)
 .debug_aranges
                0x00000000       0x28 ./system/src/newlib/_exit.o
 .debug_aranges
                0x00000028       0x20 ./system/src/newlib/_sbrk.o
 .debug_aranges
                0x00000048       0x40 ./system/src/newlib/_startup.o
 .debug_aranges
                0x00000088       0x30 ./system/src/newlib/_syscalls.o
 .debug_aranges
                0x000000b8       0x38 ./system/src/diag/Trace.o
 .debug_aranges
                0x000000f0       0x30 ./system/src/diag/trace_impl.o
 .debug_aranges
                0x00000120       0x28 ./system/src/cortexm/_initialize_hardware.o
 .debug_aranges
                0x00000148       0x90 ./system/src/cortexm/exception_handlers.o
 .debug_aranges
                0x000001d8       0x28 ./system/src/cmsis/system_stm32f4xx.o
 .debug_aranges
                0x00000200       0x20 ./system/src/cmsis/vectors_stm32f401xc.o
 .debug_aranges
                0x00000220       0x60 ./src/GPIO_program.o
 .debug_aranges
                0x00000280       0x40 ./src/NVIC_program.o
 .debug_aranges
                0x000002c0       0x48 ./src/RCC_program.o
 .debug_aranges
                0x00000308       0x18 ./src/SWITCH_config.o
 .debug_aranges
                0x00000320       0x30 ./src/SWITCH_program.o
 .debug_aranges
                0x00000350       0x58 ./src/SYSTick_program.o
 .debug_aranges
                0x000003a8       0x40 ./src/Sched.o
 .debug_aranges
                0x000003e8       0x98 ./src/UART_program.o
 .debug_aranges
                0x00000480       0x40 ./src/main.o

.debug_pubnames
 *(.debug_pubnames)

.debug_info     0x00000000     0x7a77
 *(.debug_info .gnu.linkonce.wi.*)
 .debug_info    0x00000000      0x956 ./system/src/newlib/_exit.o
 .debug_info    0x00000956      0x942 ./system/src/newlib/_sbrk.o
 .debug_info    0x00001298      0x4bf ./system/src/newlib/_startup.o
 .debug_info    0x00001757      0xa19 ./system/src/newlib/_syscalls.o
 .debug_info    0x00002170      0xb2a ./system/src/diag/Trace.o
 .debug_info    0x00002c9a      0xb6b ./system/src/diag/trace_impl.o
 .debug_info    0x00003805      0xade ./system/src/cortexm/_initialize_hardware.o
 .debug_info    0x000042e3     0x115a ./system/src/cortexm/exception_handlers.o
 .debug_info    0x0000543d      0xcfe ./system/src/cmsis/system_stm32f4xx.o
 .debug_info    0x0000613b       0xca ./system/src/cmsis/vectors_stm32f401xc.o
 .debug_info    0x00006205      0x375 ./src/GPIO_program.o
 .debug_info    0x0000657a      0x2e6 ./src/NVIC_program.o
 .debug_info    0x00006860      0x19c ./src/RCC_program.o
 .debug_info    0x000069fc       0xd4 ./src/SWITCH_config.o
 .debug_info    0x00006ad0      0x20f ./src/SWITCH_program.o
 .debug_info    0x00006cdf      0x2bb ./src/SYSTick_program.o
 .debug_info    0x00006f9a      0x246 ./src/Sched.o
 .debug_info    0x000071e0      0x34c ./src/UART_program.o
 .debug_info    0x0000752c      0x54b ./src/main.o

.debug_abbrev   0x00000000     0x1f31
 *(.debug_abbrev)
 .debug_abbrev  0x00000000      0x1f3 ./system/src/newlib/_exit.o
 .debug_abbrev  0x000001f3      0x1fc ./system/src/newlib/_sbrk.o
 .debug_abbrev  0x000003ef      0x1cb ./system/src/newlib/_startup.o
 .debug_abbrev  0x000005ba      0x234 ./system/src/newlib/_syscalls.o
 .debug_abbrev  0x000007ee      0x276 ./system/src/diag/Trace.o
 .debug_abbrev  0x00000a64      0x2ef ./system/src/diag/trace_impl.o
 .debug_abbrev  0x00000d53      0x1de ./system/src/cortexm/_initialize_hardware.o
 .debug_abbrev  0x00000f31      0x32b ./system/src/cortexm/exception_handlers.o
 .debug_abbrev  0x0000125c      0x216 ./system/src/cmsis/system_stm32f4xx.o
 .debug_abbrev  0x00001472       0x9d ./system/src/cmsis/vectors_stm32f401xc.o
 .debug_abbrev  0x0000150f      0x120 ./src/GPIO_program.o
 .debug_abbrev  0x0000162f      0x108 ./src/NVIC_program.o
 .debug_abbrev  0x00001737       0xc9 ./src/RCC_program.o
 .debug_abbrev  0x00001800       0x89 ./src/SWITCH_config.o
 .debug_abbrev  0x00001889      0x125 ./src/SWITCH_program.o
 .debug_abbrev  0x000019ae      0x176 ./src/SYSTick_program.o
 .debug_abbrev  0x00001b24      0x158 ./src/Sched.o
 .debug_abbrev  0x00001c7c      0x13b ./src/UART_program.o
 .debug_abbrev  0x00001db7      0x17a ./src/main.o

.debug_line     0x00000000     0x4ed7
 *(.debug_line)
 .debug_line    0x00000000      0x40f ./system/src/newlib/_exit.o
 .debug_line    0x0000040f      0x3c3 ./system/src/newlib/_sbrk.o
 .debug_line    0x000007d2      0x48b ./system/src/newlib/_startup.o
 .debug_line    0x00000c5d      0x509 ./system/src/newlib/_syscalls.o
 .debug_line    0x00001166      0x48b ./system/src/diag/Trace.o
 .debug_line    0x000015f1      0xb7f ./system/src/diag/trace_impl.o
 .debug_line    0x00002170      0xae8 ./system/src/cortexm/_initialize_hardware.o
 .debug_line    0x00002c58      0xc36 ./system/src/cortexm/exception_handlers.o
 .debug_line    0x0000388e      0xaee ./system/src/cmsis/system_stm32f4xx.o
 .debug_line    0x0000437c      0x132 ./system/src/cmsis/vectors_stm32f401xc.o
 .debug_line    0x000044ae      0x144 ./src/GPIO_program.o
 .debug_line    0x000045f2       0xde ./src/NVIC_program.o
 .debug_line    0x000046d0      0x111 ./src/RCC_program.o
 .debug_line    0x000047e1       0x9d ./src/SWITCH_config.o
 .debug_line    0x0000487e       0xff ./src/SWITCH_program.o
 .debug_line    0x0000497d      0x12b ./src/SYSTick_program.o
 .debug_line    0x00004aa8       0xe4 ./src/Sched.o
 .debug_line    0x00004b8c      0x1db ./src/UART_program.o
 .debug_line    0x00004d67      0x170 ./src/main.o

.debug_frame    0x00000000      0xc04
 *(.debug_frame)
 .debug_frame   0x00000000       0x38 ./system/src/newlib/_exit.o
 .debug_frame   0x00000038       0x28 ./system/src/newlib/_sbrk.o
 .debug_frame   0x00000060       0x7c ./system/src/newlib/_startup.o
 .debug_frame   0x000000dc       0x50 ./system/src/newlib/_syscalls.o
 .debug_frame   0x0000012c       0x94 ./system/src/diag/Trace.o
 .debug_frame   0x000001c0       0x64 ./system/src/diag/trace_impl.o
 .debug_frame   0x00000224       0x40 ./system/src/cortexm/_initialize_hardware.o
 .debug_frame   0x00000264      0x158 ./system/src/cortexm/exception_handlers.o
 .debug_frame   0x000003bc       0x30 ./system/src/cmsis/system_stm32f4xx.o
 .debug_frame   0x000003ec       0x20 ./system/src/cmsis/vectors_stm32f401xc.o
 .debug_frame   0x0000040c       0xf4 ./src/GPIO_program.o
 .debug_frame   0x00000500       0x90 ./src/NVIC_program.o
 .debug_frame   0x00000590       0x70 ./src/RCC_program.o
 .debug_frame   0x00000600       0x60 ./src/SWITCH_program.o
 .debug_frame   0x00000660       0xa8 ./src/SYSTick_program.o
 .debug_frame   0x00000708       0x7c ./src/Sched.o
 .debug_frame   0x00000784      0x128 ./src/UART_program.o
 .debug_frame   0x000008ac       0x90 ./src/main.o
 .debug_frame   0x0000093c       0x20 d:/1- embedded systems -iti/matrials/arm/1- tools/01_imt_ide/03- imt sdk/imt_sdk_win_64/winarm/armgcc/bin/../lib/gcc/arm-none-eabi/7.2.1/../../../../arm-none-eabi/lib/thumb/v7e-m\libg_nano.a(lib_a-errno.o)
 .debug_frame   0x0000095c       0x4c d:/1- embedded systems -iti/matrials/arm/1- tools/01_imt_ide/03- imt sdk/imt_sdk_win_64/winarm/armgcc/bin/../lib/gcc/arm-none-eabi/7.2.1/../../../../arm-none-eabi/lib/thumb/v7e-m\libg_nano.a(lib_a-vsnprintf.o)
 .debug_frame   0x000009a8       0x90 d:/1- embedded systems -iti/matrials/arm/1- tools/01_imt_ide/03- imt sdk/imt_sdk_win_64/winarm/armgcc/bin/../lib/gcc/arm-none-eabi/7.2.1/../../../../arm-none-eabi/lib/thumb/v7e-m\libg_nano.a(lib_a-nano-svfprintf.o)
 .debug_frame   0x00000a38       0x60 d:/1- embedded systems -iti/matrials/arm/1- tools/01_imt_ide/03- imt sdk/imt_sdk_win_64/winarm/armgcc/bin/../lib/gcc/arm-none-eabi/7.2.1/../../../../arm-none-eabi/lib/thumb/v7e-m\libg_nano.a(lib_a-nano-vfprintf_i.o)
 .debug_frame   0x00000a98       0x28 d:/1- embedded systems -iti/matrials/arm/1- tools/01_imt_ide/03- imt sdk/imt_sdk_win_64/winarm/armgcc/bin/../lib/gcc/arm-none-eabi/7.2.1/../../../../arm-none-eabi/lib/thumb/v7e-m\libg_nano.a(lib_a-memcpy-stub.o)
 .debug_frame   0x00000ac0       0x28 d:/1- embedded systems -iti/matrials/arm/1- tools/01_imt_ide/03- imt sdk/imt_sdk_win_64/winarm/armgcc/bin/../lib/gcc/arm-none-eabi/7.2.1/../../../../arm-none-eabi/lib/thumb/v7e-m\libg_nano.a(lib_a-memmove.o)
 .debug_frame   0x00000ae8       0x38 d:/1- embedded systems -iti/matrials/arm/1- tools/01_imt_ide/03- imt sdk/imt_sdk_win_64/winarm/armgcc/bin/../lib/gcc/arm-none-eabi/7.2.1/../../../../arm-none-eabi/lib/thumb/v7e-m\libg_nano.a(lib_a-nano-freer.o)
 .debug_frame   0x00000b20       0x2c d:/1- embedded systems -iti/matrials/arm/1- tools/01_imt_ide/03- imt sdk/imt_sdk_win_64/winarm/armgcc/bin/../lib/gcc/arm-none-eabi/7.2.1/../../../../arm-none-eabi/lib/thumb/v7e-m\libg_nano.a(lib_a-nano-mallocr.o)
 .debug_frame   0x00000b4c       0x3c d:/1- embedded systems -iti/matrials/arm/1- tools/01_imt_ide/03- imt sdk/imt_sdk_win_64/winarm/armgcc/bin/../lib/gcc/arm-none-eabi/7.2.1/../../../../arm-none-eabi/lib/thumb/v7e-m\libg_nano.a(lib_a-nano-reallocr.o)
 .debug_frame   0x00000b88       0x2c d:/1- embedded systems -iti/matrials/arm/1- tools/01_imt_ide/03- imt sdk/imt_sdk_win_64/winarm/armgcc/bin/../lib/gcc/arm-none-eabi/7.2.1/../../../../arm-none-eabi/lib/thumb/v7e-m\libg_nano.a(lib_a-sbrkr.o)
 .debug_frame   0x00000bb4       0x30 d:/1- embedded systems -iti/matrials/arm/1- tools/01_imt_ide/03- imt sdk/imt_sdk_win_64/winarm/armgcc/bin/../lib/gcc/arm-none-eabi/7.2.1/../../../../arm-none-eabi/lib/thumb/v7e-m\libg_nano.a(lib_a-mlock.o)
 .debug_frame   0x00000be4       0x20 d:/1- embedded systems -iti/matrials/arm/1- tools/01_imt_ide/03- imt sdk/imt_sdk_win_64/winarm/armgcc/bin/../lib/gcc/arm-none-eabi/7.2.1/../../../../arm-none-eabi/lib/thumb/v7e-m\libg_nano.a(lib_a-nano-msizer.o)

.debug_str      0x00000000    0x74075
 *(.debug_str)
 .debug_str     0x00000000     0x7d2b ./system/src/newlib/_exit.o
                               0x7efe (size before relaxing)
 .debug_str     0x00007d2b      0x4f5 ./system/src/newlib/_sbrk.o
                               0x72b0 (size before relaxing)
 .debug_str     0x00008220      0xc23 ./system/src/newlib/_startup.o
                               0x6a51 (size before relaxing)
 .debug_str     0x00008e43      0xe8b ./system/src/newlib/_syscalls.o
                               0x818b (size before relaxing)
 .debug_str     0x00009cce      0x826 ./system/src/diag/Trace.o
                               0x8676 (size before relaxing)
 .debug_str     0x0000a4f4    0x67a2e ./system/src/diag/trace_impl.o
                              0x7099c (size before relaxing)
 .debug_str     0x00071f22       0xc4 ./system/src/cortexm/_initialize_hardware.o
                              0x6f72e (size before relaxing)
 .debug_str     0x00071fe6      0x1a6 ./system/src/cortexm/exception_handlers.o
                              0x70b26 (size before relaxing)
 .debug_str     0x0007218c      0x164 ./system/src/cmsis/system_stm32f4xx.o
                              0x6f80f (size before relaxing)
 .debug_str     0x000722f0       0x59 ./system/src/cmsis/vectors_stm32f401xc.o
                               0x388e (size before relaxing)
 .debug_str     0x00072349      0x7d6 ./src/GPIO_program.o
                               0x358f (size before relaxing)
 .debug_str     0x00072b1f      0x16b ./src/NVIC_program.o
                               0x3259 (size before relaxing)
 .debug_str     0x00072c8a      0xabf ./src/RCC_program.o
                               0x3b71 (size before relaxing)
 .debug_str     0x00073749      0x157 ./src/SWITCH_config.o
                               0x31dc (size before relaxing)
 .debug_str     0x000738a0       0x76 ./src/SWITCH_program.o
                               0x3286 (size before relaxing)
 .debug_str     0x00073916      0x292 ./src/SYSTick_program.o
                               0x335a (size before relaxing)
 .debug_str     0x00073ba8       0xce ./src/Sched.o
                               0x2f15 (size before relaxing)
 .debug_str     0x00073c76      0x380 ./src/UART_program.o
                               0x36c9 (size before relaxing)
 .debug_str     0x00073ff6       0x7f ./src/main.o
                               0x38ab (size before relaxing)

.debug_loc      0x00000000     0x11fd
 *(.debug_loc)
 .debug_loc     0x00000000       0x85 ./system/src/newlib/_sbrk.o
 .debug_loc     0x00000085      0x2cb ./system/src/newlib/_startup.o
 .debug_loc     0x00000350       0x63 ./system/src/newlib/_syscalls.o
 .debug_loc     0x000003b3       0xf6 ./system/src/diag/Trace.o
 .debug_loc     0x000004a9      0x121 ./system/src/diag/trace_impl.o
 .debug_loc     0x000005ca      0x291 ./system/src/cortexm/exception_handlers.o
 .debug_loc     0x0000085b      0x13e ./system/src/cmsis/system_stm32f4xx.o
 .debug_loc     0x00000999      0x1fd ./src/GPIO_program.o
 .debug_loc     0x00000b96      0x20c ./src/NVIC_program.o
 .debug_loc     0x00000da2      0x2a6 ./src/RCC_program.o
 .debug_loc     0x00001048       0x75 ./src/SWITCH_program.o
 .debug_loc     0x000010bd       0x77 ./src/SYSTick_program.o
 .debug_loc     0x00001134       0x1f ./src/Sched.o
 .debug_loc     0x00001153       0x42 ./src/UART_program.o
 .debug_loc     0x00001195       0x68 ./src/main.o

.debug_macinfo
 *(.debug_macinfo)

.debug_weaknames
 *(.debug_weaknames)

.debug_funcnames
 *(.debug_funcnames)

.debug_typenames
 *(.debug_typenames)

.debug_varnames
 *(.debug_varnames)
OUTPUT(Demo2.elf elf32-littlearm)

.debug_ranges   0x00000000      0x418
 .debug_ranges  0x00000000       0x18 ./system/src/newlib/_exit.o
 .debug_ranges  0x00000018       0x10 ./system/src/newlib/_sbrk.o
 .debug_ranges  0x00000028       0x90 ./system/src/newlib/_startup.o
 .debug_ranges  0x000000b8       0x20 ./system/src/newlib/_syscalls.o
 .debug_ranges  0x000000d8       0x28 ./system/src/diag/Trace.o
 .debug_ranges  0x00000100       0x50 ./system/src/diag/trace_impl.o
 .debug_ranges  0x00000150       0x18 ./system/src/cortexm/_initialize_hardware.o
 .debug_ranges  0x00000168       0x80 ./system/src/cortexm/exception_handlers.o
 .debug_ranges  0x000001e8       0x18 ./system/src/cmsis/system_stm32f4xx.o
 .debug_ranges  0x00000200       0x10 ./system/src/cmsis/vectors_stm32f401xc.o
 .debug_ranges  0x00000210       0x50 ./src/GPIO_program.o
 .debug_ranges  0x00000260       0x30 ./src/NVIC_program.o
 .debug_ranges  0x00000290       0x38 ./src/RCC_program.o
 .debug_ranges  0x000002c8       0x20 ./src/SWITCH_program.o
 .debug_ranges  0x000002e8       0x48 ./src/SYSTick_program.o
 .debug_ranges  0x00000330       0x30 ./src/Sched.o
 .debug_ranges  0x00000360       0x88 ./src/UART_program.o
 .debug_ranges  0x000003e8       0x30 ./src/main.o

.debug_macro    0x00000000     0x3a6f
 .debug_macro   0x00000000      0x1b4 ./system/src/newlib/_exit.o
 .debug_macro   0x000001b4      0x10e ./system/src/newlib/_exit.o
 .debug_macro   0x000002c2       0x8d ./system/src/newlib/_exit.o
 .debug_macro   0x0000034f       0x35 ./system/src/newlib/_exit.o
 .debug_macro   0x00000384      0x169 ./system/src/newlib/_sbrk.o
 .debug_macro   0x000004ed      0x174 ./system/src/newlib/_sbrk.o
 .debug_macro   0x00000661       0x10 ./system/src/newlib/_sbrk.o
 .debug_macro   0x00000671      0x23b ./system/src/newlib/_sbrk.o
 .debug_macro   0x000008ac      0x173 ./system/src/newlib/_startup.o
 .debug_macro   0x00000a1f      0xa72 ./system/src/newlib/_startup.o
 .debug_macro   0x00001491      0x217 ./system/src/newlib/_syscalls.o
 .debug_macro   0x000016a8       0x1c ./system/src/newlib/_syscalls.o
 .debug_macro   0x000016c4       0x10 ./system/src/newlib/_syscalls.o
 .debug_macro   0x000016d4       0x10 ./system/src/newlib/_syscalls.o
 .debug_macro   0x000016e4       0x10 ./system/src/newlib/_syscalls.o
 .debug_macro   0x000016f4       0x35 ./system/src/newlib/_syscalls.o
 .debug_macro   0x00001729      0x122 ./system/src/newlib/_syscalls.o
 .debug_macro   0x0000184b       0x88 ./system/src/newlib/_syscalls.o
 .debug_macro   0x000018d3       0x2b ./system/src/newlib/_syscalls.o
 .debug_macro   0x000018fe      0x118 ./system/src/newlib/_syscalls.o
 .debug_macro   0x00001a16      0x189 ./system/src/newlib/_syscalls.o
 .debug_macro   0x00001b9f       0x16 ./system/src/newlib/_syscalls.o
 .debug_macro   0x00001bb5      0x1fb ./system/src/diag/Trace.o
 .debug_macro   0x00001db0       0x4c ./system/src/diag/Trace.o
 .debug_macro   0x00001dfc       0x16 ./system/src/diag/Trace.o
 .debug_macro   0x00001e12      0x52a ./system/src/diag/trace_impl.o
 .debug_macro   0x0000233c       0x22 ./system/src/diag/trace_impl.o
 .debug_macro   0x0000235e      0x4ee ./system/src/cortexm/_initialize_hardware.o
 .debug_macro   0x0000284c      0x557 ./system/src/cortexm/exception_handlers.o
 .debug_macro   0x00002da3       0x3b ./system/src/cortexm/exception_handlers.o
 .debug_macro   0x00002dde      0x4ea ./system/src/cmsis/system_stm32f4xx.o
 .debug_macro   0x000032c8       0x34 ./system/src/cmsis/vectors_stm32f401xc.o
 .debug_macro   0x000032fc       0x40 ./src/GPIO_program.o
 .debug_macro   0x0000333c       0x82 ./src/GPIO_program.o
 .debug_macro   0x000033be       0x10 ./src/GPIO_program.o
 .debug_macro   0x000033ce       0xe2 ./src/GPIO_program.o
 .debug_macro   0x000034b0       0x36 ./src/NVIC_program.o
 .debug_macro   0x000034e6       0x16 ./src/NVIC_program.o
 .debug_macro   0x000034fc       0x3f ./src/RCC_program.o
 .debug_macro   0x0000353b       0xca ./src/RCC_program.o
 .debug_macro   0x00003605       0xf4 ./src/RCC_program.o
 .debug_macro   0x000036f9       0x4f ./src/SWITCH_config.o
 .debug_macro   0x00003748       0x22 ./src/SWITCH_config.o
 .debug_macro   0x0000376a       0x1c ./src/SWITCH_config.o
 .debug_macro   0x00003786       0x53 ./src/SWITCH_program.o
 .debug_macro   0x000037d9       0x10 ./src/SWITCH_program.o
 .debug_macro   0x000037e9       0x36 ./src/SYSTick_program.o
 .debug_macro   0x0000381f       0x28 ./src/SYSTick_program.o
 .debug_macro   0x00003847       0x34 ./src/Sched.o
 .debug_macro   0x0000387b       0x49 ./src/UART_program.o
 .debug_macro   0x000038c4       0x2e ./src/UART_program.o
 .debug_macro   0x000038f2       0x79 ./src/main.o
 .debug_macro   0x0000396b       0xe8 ./src/main.o
 .debug_macro   0x00003a53       0x1c ./src/main.o
