12:47:18 **** Incremental Build of configuration Debug for project SWITCH ****
make all 
'Building file: ../src/GPIO_Program.c'
'Invoking: GNU Arm Cross C Compiler'
arm-none-eabi-gcc -mcpu=cortex-m4 -mthumb -mfloat-abi=soft -Og -fmessage-length=0 -fsigned-char -ffunction-sections -fdata-sections -ffreestanding -fno-move-loop-invariants -Wall -Wextra  -g3 -DDEBUG -DUSE_FULL_ASSERT -DTRACE -DOS_USE_TRACE_SEMIHOSTING_DEBUG -DSTM32F401xC -DUSE_HAL_DRIVER -DHSE_VALUE=25000000 -I"../include" -I"../system/include" -I"../system/include/cmsis" -I"../system/include/stm32f4-hal" -std=gnu11 -MMD -MP -MF"src/GPIO_Program.d" -MT"src/GPIO_Program.o" -c -o "src/GPIO_Program.o" "../src/GPIO_Program.c"
'Finished building: ../src/GPIO_Program.c'
' '
'Building file: ../src/LED.c'
'Invoking: GNU Arm Cross C Compiler'
arm-none-eabi-gcc -mcpu=cortex-m4 -mthumb -mfloat-abi=soft -Og -fmessage-length=0 -fsigned-char -ffunction-sections -fdata-sections -ffreestanding -fno-move-loop-invariants -Wall -Wextra  -g3 -DDEBUG -DUSE_FULL_ASSERT -DTRACE -DOS_USE_TRACE_SEMIHOSTING_DEBUG -DSTM32F401xC -DUSE_HAL_DRIVER -DHSE_VALUE=25000000 -I"../include" -I"../system/include" -I"../system/include/cmsis" -I"../system/include/stm32f4-hal" -std=gnu11 -MMD -MP -MF"src/LED.d" -MT"src/LED.o" -c -o "src/LED.o" "../src/LED.c"
'Finished building: ../src/LED.c'
' '
'Building file: ../src/LED_Config.c'
'Invoking: GNU Arm Cross C Compiler'
arm-none-eabi-gcc -mcpu=cortex-m4 -mthumb -mfloat-abi=soft -Og -fmessage-length=0 -fsigned-char -ffunction-sections -fdata-sections -ffreestanding -fno-move-loop-invariants -Wall -Wextra  -g3 -DDEBUG -DUSE_FULL_ASSERT -DTRACE -DOS_USE_TRACE_SEMIHOSTING_DEBUG -DSTM32F401xC -DUSE_HAL_DRIVER -DHSE_VALUE=25000000 -I"../include" -I"../system/include" -I"../system/include/cmsis" -I"../system/include/stm32f4-hal" -std=gnu11 -MMD -MP -MF"src/LED_Config.d" -MT"src/LED_Config.o" -c -o "src/LED_Config.o" "../src/LED_Config.c"
'Finished building: ../src/LED_Config.c'
' '
'Building file: ../src/MRCC_Program.c'
'Invoking: GNU Arm Cross C Compiler'
arm-none-eabi-gcc -mcpu=cortex-m4 -mthumb -mfloat-abi=soft -Og -fmessage-length=0 -fsigned-char -ffunction-sections -fdata-sections -ffreestanding -fno-move-loop-invariants -Wall -Wextra  -g3 -DDEBUG -DUSE_FULL_ASSERT -DTRACE -DOS_USE_TRACE_SEMIHOSTING_DEBUG -DSTM32F401xC -DUSE_HAL_DRIVER -DHSE_VALUE=25000000 -I"../include" -I"../system/include" -I"../system/include/cmsis" -I"../system/include/stm32f4-hal" -std=gnu11 -MMD -MP -MF"src/MRCC_Program.d" -MT"src/MRCC_Program.o" -c -o "src/MRCC_Program.o" "../src/MRCC_Program.c"
../src/MRCC_Program.c:3:1: warning: "/*" within comment [-Wcomment]
 /* Version       : V0.0.0                                               
 ^
../src/MRCC_Program.c:4:1: warning: "/*" within comment [-Wcomment]
 /* Date          : 5 Feb 2024                                           
 ^
../src/MRCC_Program.c:5:1: warning: "/*" within comment [-Wcomment]
 /* Description   :            
 ^
../src/MRCC_Program.c:6:1: warning: "/*" within comment [-Wcomment]
 /* Module Features  :                                                   
 ^
../src/MRCC_Program.c:7:1: warning: "/*" within comment [-Wcomment]
 /*                 01- RCC_enuControlClk (RCC_enuSysClk_t Copy_enuClockSystem,RCC_enuClkStatus_t Copy_enuClkStatus)(); 
 ^
../src/MRCC_Program.c:8:1: warning: "/*" within comment [-Wcomment]
 /*                 02- RCC_enuSelectSystemClk (RCC_enuSysClk_t Copy_enuSystemClock)();                     
 ^
../src/MRCC_Program.c:9:1: warning: "/*" within comment [-Wcomment]
 /*                 03- RCC_enuEnablePeripheralClock (RCC_Bus_t Copy_enuPeripheralBus, u8 Copy_u8PeripheralNumber)();    
 ^
../src/MRCC_Program.c:10:1: warning: "/*" within comment [-Wcomment]
 /*                 04- RCC_enuDisablePeripheralClock (RCC_Bus_t Copy_enuPeripheralBus, u8 Copy_u8PeripheralNumber)();   
 ^
../src/MRCC_Program.c:11:1: warning: "/*" within comment [-Wcomment]
 /*                 05- RCC_enuConfigPLL (RCC_structCLKPLL_t * Copy_structPLLCongif)();         
 ^
../src/MRCC_Program.c:12:1: warning: "/*" within comment [-Wcomment]
 /*                 06- RCC_enuControlBusesPrescaler  (RCC_Bus_t Copy_enuBus ,u8 Copy_u32APB2Prescaler)();      
 ^
../src/MRCC_Program.c:13:1: warning: "/*" within comment [-Wcomment]
 /************************************************************************************************************************/
 ^
In file included from ../src/MRCC_Program.c:16:0:
../src/../include/MRCC_Interface.h:3:1: warning: "/*" within comment [-Wcomment]
 /* Version       : V0.0.0                                               
 ^
../src/../include/MRCC_Interface.h:4:1: warning: "/*" within comment [-Wcomment]
 /* Date          : 5 Feb 2024                                           
 ^
../src/../include/MRCC_Interface.h:5:1: warning: "/*" within comment [-Wcomment]
 /* Description   : MRCC_Interface.h --> Functions Prototypes            
 ^
../src/../include/MRCC_Interface.h:6:1: warning: "/*" within comment [-Wcomment]
 /* Module Features  :                                                   
 ^
../src/../include/MRCC_Interface.h:7:1: warning: "/*" within comment [-Wcomment]
 /*                 01- RCC_enuControlClk (RCC_enuSysClk_t Copy_enuClockSystem,RCC_enuClkStatus_t Copy_enuClkStatus)(); 
 ^
../src/../include/MRCC_Interface.h:8:1: warning: "/*" within comment [-Wcomment]
 /*                 02- RCC_enuSelectSystemClk (RCC_enuSysClk_t Copy_enuSystemClock)();                     
 ^
../src/../include/MRCC_Interface.h:9:1: warning: "/*" within comment [-Wcomment]
 /*                 03- RCC_enuEnablePeripheralClock (RCC_Bus_t Copy_enuPeripheralBus, u8 Copy_u8PeripheralNumber)();    
 ^
../src/../include/MRCC_Interface.h:10:1: warning: "/*" within comment [-Wcomment]
 /*                 04- RCC_enuDisablePeripheralClock (RCC_Bus_t Copy_enuPeripheralBus, u8 Copy_u8PeripheralNumber)();   
 ^
../src/../include/MRCC_Interface.h:11:1: warning: "/*" within comment [-Wcomment]
 /*                 05- RCC_enuConfigPLL (RCC_structCLKPLL_t * Copy_structPLLCongif)();         
 ^
../src/../include/MRCC_Interface.h:12:1: warning: "/*" within comment [-Wcomment]
 /*                 06- RCC_enuControlBusesPrescaler  (RCC_Bus_t Copy_enuBus ,u8 Copy_u32APB2Prescaler)();      
 ^
../src/../include/MRCC_Interface.h:13:1: warning: "/*" within comment [-Wcomment]
 /************************************************************************************************************************/
 ^
In file included from ../src/MRCC_Program.c:17:0:
../src/../include/MRCC_Private.h:3:1: warning: "/*" within comment [-Wcomment]
 /* Version       : V0.0.0                                               
 ^
../src/../include/MRCC_Private.h:4:1: warning: "/*" within comment [-Wcomment]
 /* Date          : 5 Feb 2024                                           
 ^
../src/../include/MRCC_Private.h:5:1: warning: "/*" within comment [-Wcomment]
 /* Description   :             
 ^
../src/../include/MRCC_Private.h:6:1: warning: "/*" within comment [-Wcomment]
 /* Module Features  :                                                   
 ^
../src/../include/MRCC_Private.h:7:1: warning: "/*" within comment [-Wcomment]
 /*                 01- RCC_enuControlClk (RCC_enuSysClk_t Copy_enuClockSystem,RCC_enuClkStatus_t Copy_enuClkStatus)(); 
 ^
../src/../include/MRCC_Private.h:8:1: warning: "/*" within comment [-Wcomment]
 /*                 02- RCC_enuSelectSystemClk (RCC_enuSysClk_t Copy_enuSystemClock)();                     
 ^
../src/../include/MRCC_Private.h:9:1: warning: "/*" within comment [-Wcomment]
 /*                 03- RCC_enuEnablePeripheralClock (RCC_Bus_t Copy_enuPeripheralBus, u8 Copy_u8PeripheralNumber)();    
 ^
../src/../include/MRCC_Private.h:10:1: warning: "/*" within comment [-Wcomment]
 /*                 04- RCC_enuDisablePeripheralClock (RCC_Bus_t Copy_enuPeripheralBus, u8 Copy_u8PeripheralNumber)();   
 ^
../src/../include/MRCC_Private.h:11:1: warning: "/*" within comment [-Wcomment]
 /*                 05- RCC_enuConfigPLL (RCC_structCLKPLL_t * Copy_structPLLCongif)();         
 ^
../src/../include/MRCC_Private.h:12:1: warning: "/*" within comment [-Wcomment]
 /*                 06- RCC_enuControlBusesPrescaler  (RCC_Bus_t Copy_enuBus ,u8 Copy_u32APB2Prescaler)();      
 ^
../src/../include/MRCC_Private.h:13:1: warning: "/*" within comment [-Wcomment]
 /************************************************************************************************************************/
 ^
../src/MRCC_Program.c: In function 'RCC_enuControlClk':
../src/MRCC_Program.c:34:65: warning: comparison is always false due to limited range of data type [-Wtype-limits]
     if((Copy_enuClockSystem > RCC_PLL) ||  (Copy_enuClockSystem < RCC_HSI))
                                                                 ^
../src/MRCC_Program.c: In function 'RCC_enuSelectSystemClk':
../src/MRCC_Program.c:176:30: warning: comparison is always true due to limited range of data type [-Wtype-limits]
     if(!(Copy_enuSystemClock >= RCC_HSI) &&  (Copy_enuSystemClock <= RCC_PLL))
                              ^
../src/MRCC_Program.c: In function 'RCC_enuEnablePeripheralClock':
../src/MRCC_Program.c:290:32: warning: comparison is always false due to limited range of data type [-Wtype-limits]
      if( Copy_enuPeripheralBus < RCC_AHB1 && Copy_enuPeripheralBus > RCC_APB2 )
                                ^
../src/MRCC_Program.c: In function 'RCC_enuDisablePeripheralClock':
../src/MRCC_Program.c:328:32: warning: comparison is always false due to limited range of data type [-Wtype-limits]
      if( Copy_enuPeripheralBus < RCC_AHB1 && Copy_enuPeripheralBus > RCC_APB2 )
                                ^
../src/MRCC_Program.c: In function 'RCC_enuConfigPLL':
../src/MRCC_Program.c:370:109: warning: comparison is always false due to limited range of data type [-Wtype-limits]
          else if(Copy_structPLLCongif->RCC_strPLLSCR > PLL_HSE_SRC ||  Copy_structPLLCongif->RCC_strPLLSCR  < PLL_HSI_SRC)
                                                                                                             ^
../src/MRCC_Program.c: In function 'RCC_enuControlBusesPrescaler':
../src/MRCC_Program.c:443:32: warning: comparison is always false due to limited range of data type [-Wtype-limits]
      if( Copy_enuPeripheralBus < RCC_AHB1 && Copy_enuPeripheralBus > RCC_APB2 )
                                ^
../src/MRCC_Program.c:502:33: warning: case label value exceeds maximum value for type
                                 case APB1_AHB__CLOCK_DIVIDED_BY_2 :
                                 ^
../src/MRCC_Program.c:505:33: warning: case label value exceeds maximum value for type
                                 case APB1_AHB__CLOCK_DIVIDED_BY_4 :
                                 ^
../src/MRCC_Program.c:508:33: warning: case label value exceeds maximum value for type
                                 case APB1_AHB__CLOCK_DIVIDED_BY_8 :
                                 ^
../src/MRCC_Program.c:511:33: warning: case label value exceeds maximum value for type
                                 case APB1_AHB__CLOCK_DIVIDED_BY_16:
                                 ^
../src/MRCC_Program.c:532:33: warning: case label value exceeds maximum value for type
                                 case APB2_AHB__CLOCK_DIVIDED_BY_2 :
                                 ^
../src/MRCC_Program.c:535:33: warning: case label value exceeds maximum value for type
                                 case APB2_AHB__CLOCK_DIVIDED_BY_4 :
                                 ^
../src/MRCC_Program.c:538:33: warning: case label value exceeds maximum value for type
                                 case APB2_AHB__CLOCK_DIVIDED_BY_8 :
                                 ^
../src/MRCC_Program.c:541:33: warning: case label value exceeds maximum value for type
                                 case APB2_AHB__CLOCK_DIVIDED_BY_16:
                                 ^
'Finished building: ../src/MRCC_Program.c'
' '
'Building file: ../src/SWITCH.c'
'Invoking: GNU Arm Cross C Compiler'
arm-none-eabi-gcc -mcpu=cortex-m4 -mthumb -mfloat-abi=soft -Og -fmessage-length=0 -fsigned-char -ffunction-sections -fdata-sections -ffreestanding -fno-move-loop-invariants -Wall -Wextra  -g3 -DDEBUG -DUSE_FULL_ASSERT -DTRACE -DOS_USE_TRACE_SEMIHOSTING_DEBUG -DSTM32F401xC -DUSE_HAL_DRIVER -DHSE_VALUE=25000000 -I"../include" -I"../system/include" -I"../system/include/cmsis" -I"../system/include/stm32f4-hal" -std=gnu11 -MMD -MP -MF"src/SWITCH.d" -MT"src/SWITCH.o" -c -o "src/SWITCH.o" "../src/SWITCH.c"
In file included from ../include/GPIO_Interface.h:7:0,
                 from ../src/SWITCH.c:15:
../include/GPIO_Private.h:23:1: error: expected '=', ',', ';', 'asm' or '__attribute__' before 'typedef'
 typedef struct{
 ^
make: *** [src/SWITCH.o] Error 1
src/subdir.mk:36: recipe for target 'src/SWITCH.o' failed
12:47:36 **** Incremental Build of configuration Debug for project SWITCH ****
make all 
'Building file: ../src/GPIO_Program.c'
'Invoking: GNU Arm Cross C Compiler'
arm-none-eabi-gcc -mcpu=cortex-m4 -mthumb -mfloat-abi=soft -Og -fmessage-length=0 -fsigned-char -ffunction-sections -fdata-sections -ffreestanding -fno-move-loop-invariants -Wall -Wextra  -g3 -DDEBUG -DUSE_FULL_ASSERT -DTRACE -DOS_USE_TRACE_SEMIHOSTING_DEBUG -DSTM32F401xC -DUSE_HAL_DRIVER -DHSE_VALUE=25000000 -I"../include" -I"../system/include" -I"../system/include/cmsis" -I"../system/include/stm32f4-hal" -std=gnu11 -MMD -MP -MF"src/GPIO_Program.d" -MT"src/GPIO_Program.o" -c -o "src/GPIO_Program.o" "../src/GPIO_Program.c"
'Finished building: ../src/GPIO_Program.c'
' '
'Building file: ../src/LED.c'
'Invoking: GNU Arm Cross C Compiler'
arm-none-eabi-gcc -mcpu=cortex-m4 -mthumb -mfloat-abi=soft -Og -fmessage-length=0 -fsigned-char -ffunction-sections -fdata-sections -ffreestanding -fno-move-loop-invariants -Wall -Wextra  -g3 -DDEBUG -DUSE_FULL_ASSERT -DTRACE -DOS_USE_TRACE_SEMIHOSTING_DEBUG -DSTM32F401xC -DUSE_HAL_DRIVER -DHSE_VALUE=25000000 -I"../include" -I"../system/include" -I"../system/include/cmsis" -I"../system/include/stm32f4-hal" -std=gnu11 -MMD -MP -MF"src/LED.d" -MT"src/LED.o" -c -o "src/LED.o" "../src/LED.c"
'Finished building: ../src/LED.c'
' '
'Building file: ../src/LED_Config.c'
'Invoking: GNU Arm Cross C Compiler'
arm-none-eabi-gcc -mcpu=cortex-m4 -mthumb -mfloat-abi=soft -Og -fmessage-length=0 -fsigned-char -ffunction-sections -fdata-sections -ffreestanding -fno-move-loop-invariants -Wall -Wextra  -g3 -DDEBUG -DUSE_FULL_ASSERT -DTRACE -DOS_USE_TRACE_SEMIHOSTING_DEBUG -DSTM32F401xC -DUSE_HAL_DRIVER -DHSE_VALUE=25000000 -I"../include" -I"../system/include" -I"../system/include/cmsis" -I"../system/include/stm32f4-hal" -std=gnu11 -MMD -MP -MF"src/LED_Config.d" -MT"src/LED_Config.o" -c -o "src/LED_Config.o" "../src/LED_Config.c"
'Finished building: ../src/LED_Config.c'
' '
'Building file: ../src/SWITCH.c'
'Invoking: GNU Arm Cross C Compiler'
arm-none-eabi-gcc -mcpu=cortex-m4 -mthumb -mfloat-abi=soft -Og -fmessage-length=0 -fsigned-char -ffunction-sections -fdata-sections -ffreestanding -fno-move-loop-invariants -Wall -Wextra  -g3 -DDEBUG -DUSE_FULL_ASSERT -DTRACE -DOS_USE_TRACE_SEMIHOSTING_DEBUG -DSTM32F401xC -DUSE_HAL_DRIVER -DHSE_VALUE=25000000 -I"../include" -I"../system/include" -I"../system/include/cmsis" -I"../system/include/stm32f4-hal" -std=gnu11 -MMD -MP -MF"src/SWITCH.d" -MT"src/SWITCH.o" -c -o "src/SWITCH.o" "../src/SWITCH.c"
'Finished building: ../src/SWITCH.c'
' '
'Building file: ../src/SWITCH_Config.c'
'Invoking: GNU Arm Cross C Compiler'
arm-none-eabi-gcc -mcpu=cortex-m4 -mthumb -mfloat-abi=soft -Og -fmessage-length=0 -fsigned-char -ffunction-sections -fdata-sections -ffreestanding -fno-move-loop-invariants -Wall -Wextra  -g3 -DDEBUG -DUSE_FULL_ASSERT -DTRACE -DOS_USE_TRACE_SEMIHOSTING_DEBUG -DSTM32F401xC -DUSE_HAL_DRIVER -DHSE_VALUE=25000000 -I"../include" -I"../system/include" -I"../system/include/cmsis" -I"../system/include/stm32f4-hal" -std=gnu11 -MMD -MP -MF"src/SWITCH_Config.d" -MT"src/SWITCH_Config.o" -c -o "src/SWITCH_Config.o" "../src/SWITCH_Config.c"
'Finished building: ../src/SWITCH_Config.c'
' '
'Building target: SWITCH.elf'
'Invoking: GNU Arm Cross C++ Linker'
arm-none-eabi-g++ -mcpu=cortex-m4 -mthumb -mfloat-abi=soft -Og -fmessage-length=0 -fsigned-char -ffunction-sections -fdata-sections -ffreestanding -fno-move-loop-invariants -Wall -Wextra  -g3 -T mem.ld -T libs.ld -T sections.ld -nostartfiles -Xlinker --gc-sections -L"../ldscripts" -Wl,-Map,"SWITCH.map" --specs=nano.specs -o "SWITCH.elf"  ./system/src/newlib/_cxx.o ./system/src/newlib/_exit.o ./system/src/newlib/_sbrk.o ./system/src/newlib/_startup.o ./system/src/newlib/_syscalls.o ./system/src/newlib/assert.o  ./system/src/diag/Trace.o ./system/src/diag/trace_impl.o  ./system/src/cortexm/_initialize_hardware.o ./system/src/cortexm/_reset_hardware.o ./system/src/cortexm/exception_handlers.o  ./system/src/cmsis/system_stm32f4xx.o ./system/src/cmsis/vectors_stm32f401xc.o  ./src/GPIO_Program.o ./src/LED.o ./src/LED_Config.o ./src/MRCC_Program.o ./src/SWITCH.o ./src/SWITCH_Config.o ./src/main.o   
'Finished building target: SWITCH.elf'
' '
'Invoking: GNU Arm Cross Create Flash Image'
arm-none-eabi-objcopy -O ihex "SWITCH.elf"  "SWITCH.hex"
'Finished building: SWITCH.hex'
' '
'Invoking: GNU Arm Cross Print Size'
arm-none-eabi-size --format=berkeley "SWITCH.elf"
   text	   data	    bss	    dec	    hex	filename
   4523	    160	    412	   5095	   13e7	SWITCH.elf
'Finished building: SWITCH.siz'
' '
12:56:48 **** Incremental Build of configuration Debug for project LED ****
make all 
'Invoking: GNU Arm Cross Print Size'
arm-none-eabi-size --format=berkeley "LED.elf"
   text	   data	    bss	    dec	    hex	filename
   5619	    160	    412	   6191	   182f	LED.elf
'Finished building: LED.siz'
' '
12:56:49 **** Incremental Build of configuration Debug for project SWITCH ****
make all 
'Building file: ../src/main.c'
'Invoking: GNU Arm Cross C Compiler'
arm-none-eabi-gcc -mcpu=cortex-m4 -mthumb -mfloat-abi=soft -Og -fmessage-length=0 -fsigned-char -ffunction-sections -fdata-sections -ffreestanding -fno-move-loop-invariants -Wall -Wextra  -g3 -DDEBUG -DUSE_FULL_ASSERT -DTRACE -DOS_USE_TRACE_SEMIHOSTING_DEBUG -DSTM32F401xC -DUSE_HAL_DRIVER -DHSE_VALUE=25000000 -I"../include" -I"../system/include" -I"../system/include/cmsis" -I"../system/include/stm32f4-hal" -std=gnu11 -MMD -MP -MF"src/main.d" -MT"src/main.o" -c -o "src/main.o" "../src/main.c"
In file included from ../src/main.c:5:0:
../include/MRCC_Interface.h:3:1: warning: "/*" within comment [-Wcomment]
 /* Version       : V0.0.0                                               
 ^
../include/MRCC_Interface.h:4:1: warning: "/*" within comment [-Wcomment]
 /* Date          : 5 Feb 2024                                           
 ^
../include/MRCC_Interface.h:5:1: warning: "/*" within comment [-Wcomment]
 /* Description   : MRCC_Interface.h --> Functions Prototypes            
 ^
../include/MRCC_Interface.h:6:1: warning: "/*" within comment [-Wcomment]
 /* Module Features  :                                                   
 ^
../include/MRCC_Interface.h:7:1: warning: "/*" within comment [-Wcomment]
 /*                 01- RCC_enuControlClk (RCC_enuSysClk_t Copy_enuClockSystem,RCC_enuClkStatus_t Copy_enuClkStatus)(); 
 ^
../include/MRCC_Interface.h:8:1: warning: "/*" within comment [-Wcomment]
 /*                 02- RCC_enuSelectSystemClk (RCC_enuSysClk_t Copy_enuSystemClock)();                     
 ^
../include/MRCC_Interface.h:9:1: warning: "/*" within comment [-Wcomment]
 /*                 03- RCC_enuEnablePeripheralClock (RCC_Bus_t Copy_enuPeripheralBus, u8 Copy_u8PeripheralNumber)();    
 ^
../include/MRCC_Interface.h:10:1: warning: "/*" within comment [-Wcomment]
 /*                 04- RCC_enuDisablePeripheralClock (RCC_Bus_t Copy_enuPeripheralBus, u8 Copy_u8PeripheralNumber)();   
 ^
../include/MRCC_Interface.h:11:1: warning: "/*" within comment [-Wcomment]
 /*                 05- RCC_enuConfigPLL (RCC_structCLKPLL_t * Copy_structPLLCongif)();         
 ^
../include/MRCC_Interface.h:12:1: warning: "/*" within comment [-Wcomment]
 /*                 06- RCC_enuControlBusesPrescaler  (RCC_Bus_t Copy_enuBus ,u8 Copy_u32APB2Prescaler)();      
 ^
../include/MRCC_Interface.h:13:1: warning: "/*" within comment [-Wcomment]
 /************************************************************************************************************************/
 ^
In file included from ../src/main.c:5:0:
../include/MRCC_Interface.h:105:1: error: expected '=', ',', ';', 'asm' or '__attribute__' before 'typedef'
 typedef enum {
 ^
../include/MRCC_Interface.h:156:1: error: unknown type name 'RCC_enuErrorStatus_t'
 RCC_enuErrorStatus_t RCC_enuControlClk (RCC_enuSysClk_t Copy_enuClockSystem,RCC_enuClkStatus_t Copy_enuClkStatus);
 ^
../include/MRCC_Interface.h:166:1: error: unknown type name 'RCC_enuErrorStatus_t'
 RCC_enuErrorStatus_t RCC_enuSelectSystemClk (RCC_enuSysClk_t Copy_enuSystemClock);
 ^
../include/MRCC_Interface.h:176:1: error: unknown type name 'RCC_enuErrorStatus_t'
 RCC_enuErrorStatus_t RCC_enuEnablePeripheralClock (RCC_enuBus_t Copy_enuPeripheralBus, u8 Copy_u8PeripheralNumber);
 ^
../include/MRCC_Interface.h:186:1: error: unknown type name 'RCC_enuErrorStatus_t'
 RCC_enuErrorStatus_t RCC_enuDisablePeripheralClock (RCC_enuBus_t Copy_enuPeripheralBus, u8 Copy_u8PeripheralNumber);
 ^
../include/MRCC_Interface.h:196:1: error: unknown type name 'RCC_enuErrorStatus_t'
 RCC_enuErrorStatus_t  RCC_enuConfigPLL (RCC_structCLKPLL_t * Copy_structPLLCongif);
 ^
../include/MRCC_Interface.h:206:1: error: unknown type name 'RCC_enuErrorStatus_t'
 RCC_enuErrorStatus_t  RCC_enuControlBusesPrescaler  (RCC_enuBus_t Copy_enuBus ,u8 Copy_u32APB2Prescaler);
 ^
../src/main.c: In function 'main':
../src/main.c:10:10: warning: unused parameter 'argc' [-Wunused-parameter]
 main(int argc, char* argv[])
          ^
../src/main.c:10:22: warning: unused parameter 'argv' [-Wunused-parameter]
 main(int argc, char* argv[])
                      ^
src/subdir.mk:36: recipe for target 'src/main.o' failed
make: *** [src/main.o] Error 1
12:57:13 **** Incremental Build of configuration Debug for project LED ****
make all 
'Invoking: GNU Arm Cross Print Size'
arm-none-eabi-size --format=berkeley "LED.elf"
   text	   data	    bss	    dec	    hex	filename
   5619	    160	    412	   6191	   182f	LED.elf
'Finished building: LED.siz'
' '
12:57:13 **** Incremental Build of configuration Debug for project SWITCH ****
make all 
'Building file: ../src/MRCC_Program.c'
'Invoking: GNU Arm Cross C Compiler'
arm-none-eabi-gcc -mcpu=cortex-m4 -mthumb -mfloat-abi=soft -Og -fmessage-length=0 -fsigned-char -ffunction-sections -fdata-sections -ffreestanding -fno-move-loop-invariants -Wall -Wextra  -g3 -DDEBUG -DUSE_FULL_ASSERT -DTRACE -DOS_USE_TRACE_SEMIHOSTING_DEBUG -DSTM32F401xC -DUSE_HAL_DRIVER -DHSE_VALUE=25000000 -I"../include" -I"../system/include" -I"../system/include/cmsis" -I"../system/include/stm32f4-hal" -std=gnu11 -MMD -MP -MF"src/MRCC_Program.d" -MT"src/MRCC_Program.o" -c -o "src/MRCC_Program.o" "../src/MRCC_Program.c"
../src/MRCC_Program.c:3:1: warning: "/*" within comment [-Wcomment]
 /* Version       : V0.0.0                                               
 ^
../src/MRCC_Program.c:4:1: warning: "/*" within comment [-Wcomment]
 /* Date          : 5 Feb 2024                                           
 ^
../src/MRCC_Program.c:5:1: warning: "/*" within comment [-Wcomment]
 /* Description   :            
 ^
../src/MRCC_Program.c:6:1: warning: "/*" within comment [-Wcomment]
 /* Module Features  :                                                   
 ^
../src/MRCC_Program.c:7:1: warning: "/*" within comment [-Wcomment]
 /*                 01- RCC_enuControlClk (RCC_enuSysClk_t Copy_enuClockSystem,RCC_enuClkStatus_t Copy_enuClkStatus)(); 
 ^
../src/MRCC_Program.c:8:1: warning: "/*" within comment [-Wcomment]
 /*                 02- RCC_enuSelectSystemClk (RCC_enuSysClk_t Copy_enuSystemClock)();                     
 ^
../src/MRCC_Program.c:9:1: warning: "/*" within comment [-Wcomment]
 /*                 03- RCC_enuEnablePeripheralClock (RCC_Bus_t Copy_enuPeripheralBus, u8 Copy_u8PeripheralNumber)();    
 ^
../src/MRCC_Program.c:10:1: warning: "/*" within comment [-Wcomment]
 /*                 04- RCC_enuDisablePeripheralClock (RCC_Bus_t Copy_enuPeripheralBus, u8 Copy_u8PeripheralNumber)();   
 ^
../src/MRCC_Program.c:11:1: warning: "/*" within comment [-Wcomment]
 /*                 05- RCC_enuConfigPLL (RCC_structCLKPLL_t * Copy_structPLLCongif)();         
 ^
../src/MRCC_Program.c:12:1: warning: "/*" within comment [-Wcomment]
 /*                 06- RCC_enuControlBusesPrescaler  (RCC_Bus_t Copy_enuBus ,u8 Copy_u32APB2Prescaler)();      
 ^
../src/MRCC_Program.c:13:1: warning: "/*" within comment [-Wcomment]
 /************************************************************************************************************************/
 ^
In file included from ../src/MRCC_Program.c:16:0:
../src/../include/MRCC_Interface.h:3:1: warning: "/*" within comment [-Wcomment]
 /* Version       : V0.0.0                                               
 ^
../src/../include/MRCC_Interface.h:4:1: warning: "/*" within comment [-Wcomment]
 /* Date          : 5 Feb 2024                                           
 ^
../src/../include/MRCC_Interface.h:5:1: warning: "/*" within comment [-Wcomment]
 /* Description   : MRCC_Interface.h --> Functions Prototypes            
 ^
../src/../include/MRCC_Interface.h:6:1: warning: "/*" within comment [-Wcomment]
 /* Module Features  :                                                   
 ^
../src/../include/MRCC_Interface.h:7:1: warning: "/*" within comment [-Wcomment]
 /*                 01- RCC_enuControlClk (RCC_enuSysClk_t Copy_enuClockSystem,RCC_enuClkStatus_t Copy_enuClkStatus)(); 
 ^
../src/../include/MRCC_Interface.h:8:1: warning: "/*" within comment [-Wcomment]
 /*                 02- RCC_enuSelectSystemClk (RCC_enuSysClk_t Copy_enuSystemClock)();                     
 ^
../src/../include/MRCC_Interface.h:9:1: warning: "/*" within comment [-Wcomment]
 /*                 03- RCC_enuEnablePeripheralClock (RCC_Bus_t Copy_enuPeripheralBus, u8 Copy_u8PeripheralNumber)();    
 ^
../src/../include/MRCC_Interface.h:10:1: warning: "/*" within comment [-Wcomment]
 /*                 04- RCC_enuDisablePeripheralClock (RCC_Bus_t Copy_enuPeripheralBus, u8 Copy_u8PeripheralNumber)();   
 ^
../src/../include/MRCC_Interface.h:11:1: warning: "/*" within comment [-Wcomment]
 /*                 05- RCC_enuConfigPLL (RCC_structCLKPLL_t * Copy_structPLLCongif)();         
 ^
../src/../include/MRCC_Interface.h:12:1: warning: "/*" within comment [-Wcomment]
 /*                 06- RCC_enuControlBusesPrescaler  (RCC_Bus_t Copy_enuBus ,u8 Copy_u32APB2Prescaler)();      
 ^
../src/../include/MRCC_Interface.h:13:1: warning: "/*" within comment [-Wcomment]
 /************************************************************************************************************************/
 ^
In file included from ../src/MRCC_Program.c:17:0:
../src/../include/MRCC_Private.h:3:1: warning: "/*" within comment [-Wcomment]
 /* Version       : V0.0.0                                               
 ^
../src/../include/MRCC_Private.h:4:1: warning: "/*" within comment [-Wcomment]
 /* Date          : 5 Feb 2024                                           
 ^
../src/../include/MRCC_Private.h:5:1: warning: "/*" within comment [-Wcomment]
 /* Description   :             
 ^
../src/../include/MRCC_Private.h:6:1: warning: "/*" within comment [-Wcomment]
 /* Module Features  :                                                   
 ^
../src/../include/MRCC_Private.h:7:1: warning: "/*" within comment [-Wcomment]
 /*                 01- RCC_enuControlClk (RCC_enuSysClk_t Copy_enuClockSystem,RCC_enuClkStatus_t Copy_enuClkStatus)(); 
 ^
../src/../include/MRCC_Private.h:8:1: warning: "/*" within comment [-Wcomment]
 /*                 02- RCC_enuSelectSystemClk (RCC_enuSysClk_t Copy_enuSystemClock)();                     
 ^
../src/../include/MRCC_Private.h:9:1: warning: "/*" within comment [-Wcomment]
 /*                 03- RCC_enuEnablePeripheralClock (RCC_Bus_t Copy_enuPeripheralBus, u8 Copy_u8PeripheralNumber)();    
 ^
../src/../include/MRCC_Private.h:10:1: warning: "/*" within comment [-Wcomment]
 /*                 04- RCC_enuDisablePeripheralClock (RCC_Bus_t Copy_enuPeripheralBus, u8 Copy_u8PeripheralNumber)();   
 ^
../src/../include/MRCC_Private.h:11:1: warning: "/*" within comment [-Wcomment]
 /*                 05- RCC_enuConfigPLL (RCC_structCLKPLL_t * Copy_structPLLCongif)();         
 ^
../src/../include/MRCC_Private.h:12:1: warning: "/*" within comment [-Wcomment]
 /*                 06- RCC_enuControlBusesPrescaler  (RCC_Bus_t Copy_enuBus ,u8 Copy_u32APB2Prescaler)();      
 ^
../src/../include/MRCC_Private.h:13:1: warning: "/*" within comment [-Wcomment]
 /************************************************************************************************************************/
 ^
../src/MRCC_Program.c: In function 'RCC_enuControlClk':
../src/MRCC_Program.c:34:65: warning: comparison is always false due to limited range of data type [-Wtype-limits]
     if((Copy_enuClockSystem > RCC_PLL) ||  (Copy_enuClockSystem < RCC_HSI))
                                                                 ^
../src/MRCC_Program.c: In function 'RCC_enuSelectSystemClk':
../src/MRCC_Program.c:176:30: warning: comparison is always true due to limited range of data type [-Wtype-limits]
     if(!(Copy_enuSystemClock >= RCC_HSI) &&  (Copy_enuSystemClock <= RCC_PLL))
                              ^
../src/MRCC_Program.c: In function 'RCC_enuEnablePeripheralClock':
../src/MRCC_Program.c:290:32: warning: comparison is always false due to limited range of data type [-Wtype-limits]
      if( Copy_enuPeripheralBus < RCC_AHB1 && Copy_enuPeripheralBus > RCC_APB2 )
                                ^
../src/MRCC_Program.c: In function 'RCC_enuDisablePeripheralClock':
../src/MRCC_Program.c:328:32: warning: comparison is always false due to limited range of data type [-Wtype-limits]
      if( Copy_enuPeripheralBus < RCC_AHB1 && Copy_enuPeripheralBus > RCC_APB2 )
                                ^
../src/MRCC_Program.c: In function 'RCC_enuConfigPLL':
../src/MRCC_Program.c:370:109: warning: comparison is always false due to limited range of data type [-Wtype-limits]
          else if(Copy_structPLLCongif->RCC_strPLLSCR > PLL_HSE_SRC ||  Copy_structPLLCongif->RCC_strPLLSCR  < PLL_HSI_SRC)
                                                                                                             ^
../src/MRCC_Program.c: In function 'RCC_enuControlBusesPrescaler':
../src/MRCC_Program.c:443:32: warning: comparison is always false due to limited range of data type [-Wtype-limits]
      if( Copy_enuPeripheralBus < RCC_AHB1 && Copy_enuPeripheralBus > RCC_APB2 )
                                ^
../src/MRCC_Program.c:502:33: warning: case label value exceeds maximum value for type
                                 case APB1_AHB__CLOCK_DIVIDED_BY_2 :
                                 ^
../src/MRCC_Program.c:505:33: warning: case label value exceeds maximum value for type
                                 case APB1_AHB__CLOCK_DIVIDED_BY_4 :
                                 ^
../src/MRCC_Program.c:508:33: warning: case label value exceeds maximum value for type
                                 case APB1_AHB__CLOCK_DIVIDED_BY_8 :
                                 ^
../src/MRCC_Program.c:511:33: warning: case label value exceeds maximum value for type
                                 case APB1_AHB__CLOCK_DIVIDED_BY_16:
                                 ^
../src/MRCC_Program.c:532:33: warning: case label value exceeds maximum value for type
                                 case APB2_AHB__CLOCK_DIVIDED_BY_2 :
                                 ^
../src/MRCC_Program.c:535:33: warning: case label value exceeds maximum value for type
                                 case APB2_AHB__CLOCK_DIVIDED_BY_4 :
                                 ^
../src/MRCC_Program.c:538:33: warning: case label value exceeds maximum value for type
                                 case APB2_AHB__CLOCK_DIVIDED_BY_8 :
                                 ^
../src/MRCC_Program.c:541:33: warning: case label value exceeds maximum value for type
                                 case APB2_AHB__CLOCK_DIVIDED_BY_16:
                                 ^
'Finished building: ../src/MRCC_Program.c'
' '
'Building file: ../src/main.c'
'Invoking: GNU Arm Cross C Compiler'
arm-none-eabi-gcc -mcpu=cortex-m4 -mthumb -mfloat-abi=soft -Og -fmessage-length=0 -fsigned-char -ffunction-sections -fdata-sections -ffreestanding -fno-move-loop-invariants -Wall -Wextra  -g3 -DDEBUG -DUSE_FULL_ASSERT -DTRACE -DOS_USE_TRACE_SEMIHOSTING_DEBUG -DSTM32F401xC -DUSE_HAL_DRIVER -DHSE_VALUE=25000000 -I"../include" -I"../system/include" -I"../system/include/cmsis" -I"../system/include/stm32f4-hal" -std=gnu11 -MMD -MP -MF"src/main.d" -MT"src/main.o" -c -o "src/main.o" "../src/main.c"
In file included from ../src/main.c:5:0:
../include/MRCC_Interface.h:3:1: warning: "/*" within comment [-Wcomment]
 /* Version       : V0.0.0                                               
 ^
../include/MRCC_Interface.h:4:1: warning: "/*" within comment [-Wcomment]
 /* Date          : 5 Feb 2024                                           
 ^
../include/MRCC_Interface.h:5:1: warning: "/*" within comment [-Wcomment]
 /* Description   : MRCC_Interface.h --> Functions Prototypes            
 ^
../include/MRCC_Interface.h:6:1: warning: "/*" within comment [-Wcomment]
 /* Module Features  :                                                   
 ^
../include/MRCC_Interface.h:7:1: warning: "/*" within comment [-Wcomment]
 /*                 01- RCC_enuControlClk (RCC_enuSysClk_t Copy_enuClockSystem,RCC_enuClkStatus_t Copy_enuClkStatus)(); 
 ^
../include/MRCC_Interface.h:8:1: warning: "/*" within comment [-Wcomment]
 /*                 02- RCC_enuSelectSystemClk (RCC_enuSysClk_t Copy_enuSystemClock)();                     
 ^
../include/MRCC_Interface.h:9:1: warning: "/*" within comment [-Wcomment]
 /*                 03- RCC_enuEnablePeripheralClock (RCC_Bus_t Copy_enuPeripheralBus, u8 Copy_u8PeripheralNumber)();    
 ^
../include/MRCC_Interface.h:10:1: warning: "/*" within comment [-Wcomment]
 /*                 04- RCC_enuDisablePeripheralClock (RCC_Bus_t Copy_enuPeripheralBus, u8 Copy_u8PeripheralNumber)();   
 ^
../include/MRCC_Interface.h:11:1: warning: "/*" within comment [-Wcomment]
 /*                 05- RCC_enuConfigPLL (RCC_structCLKPLL_t * Copy_structPLLCongif)();         
 ^
../include/MRCC_Interface.h:12:1: warning: "/*" within comment [-Wcomment]
 /*                 06- RCC_enuControlBusesPrescaler  (RCC_Bus_t Copy_enuBus ,u8 Copy_u32APB2Prescaler)();      
 ^
../include/MRCC_Interface.h:13:1: warning: "/*" within comment [-Wcomment]
 /************************************************************************************************************************/
 ^
../src/main.c: In function 'main':
../src/main.c:10:10: warning: unused parameter 'argc' [-Wunused-parameter]
 main(int argc, char* argv[])
          ^
../src/main.c:10:22: warning: unused parameter 'argv' [-Wunused-parameter]
 main(int argc, char* argv[])
                      ^
'Finished building: ../src/main.c'
' '
'Building target: SWITCH.elf'
'Invoking: GNU Arm Cross C++ Linker'
arm-none-eabi-g++ -mcpu=cortex-m4 -mthumb -mfloat-abi=soft -Og -fmessage-length=0 -fsigned-char -ffunction-sections -fdata-sections -ffreestanding -fno-move-loop-invariants -Wall -Wextra  -g3 -T mem.ld -T libs.ld -T sections.ld -nostartfiles -Xlinker --gc-sections -L"../ldscripts" -Wl,-Map,"SWITCH.map" --specs=nano.specs -o "SWITCH.elf"  ./system/src/newlib/_cxx.o ./system/src/newlib/_exit.o ./system/src/newlib/_sbrk.o ./system/src/newlib/_startup.o ./system/src/newlib/_syscalls.o ./system/src/newlib/assert.o  ./system/src/diag/Trace.o ./system/src/diag/trace_impl.o  ./system/src/cortexm/_initialize_hardware.o ./system/src/cortexm/_reset_hardware.o ./system/src/cortexm/exception_handlers.o  ./system/src/cmsis/system_stm32f4xx.o ./system/src/cmsis/vectors_stm32f401xc.o  ./src/GPIO_Program.o ./src/LED.o ./src/LED_Config.o ./src/MRCC_Program.o ./src/SWITCH.o ./src/SWITCH_Config.o ./src/main.o   
'Finished building target: SWITCH.elf'
' '
'Invoking: GNU Arm Cross Create Flash Image'
arm-none-eabi-objcopy -O ihex "SWITCH.elf"  "SWITCH.hex"
'Finished building: SWITCH.hex'
' '
'Invoking: GNU Arm Cross Print Size'
arm-none-eabi-size --format=berkeley "SWITCH.elf"
   text	   data	    bss	    dec	    hex	filename
   5179	    160	    412	   5751	   1677	SWITCH.elf
'Finished building: SWITCH.siz'
' '
13:16:44 **** Incremental Build of configuration Debug for project SWITCH ****
make all 
'Building file: ../src/SWITCH.c'
'Invoking: GNU Arm Cross C Compiler'
arm-none-eabi-gcc -mcpu=cortex-m4 -mthumb -mfloat-abi=soft -Og -fmessage-length=0 -fsigned-char -ffunction-sections -fdata-sections -ffreestanding -fno-move-loop-invariants -Wall -Wextra  -g3 -DDEBUG -DUSE_FULL_ASSERT -DTRACE -DOS_USE_TRACE_SEMIHOSTING_DEBUG -DSTM32F401xC -DUSE_HAL_DRIVER -DHSE_VALUE=25000000 -I"../include" -I"../system/include" -I"../system/include/cmsis" -I"../system/include/stm32f4-hal" -std=gnu11 -MMD -MP -MF"src/SWITCH.d" -MT"src/SWITCH.o" -c -o "src/SWITCH.o" "../src/SWITCH.c"
'Finished building: ../src/SWITCH.c'
' '
'Building file: ../src/SWITCH_Config.c'
'Invoking: GNU Arm Cross C Compiler'
arm-none-eabi-gcc -mcpu=cortex-m4 -mthumb -mfloat-abi=soft -Og -fmessage-length=0 -fsigned-char -ffunction-sections -fdata-sections -ffreestanding -fno-move-loop-invariants -Wall -Wextra  -g3 -DDEBUG -DUSE_FULL_ASSERT -DTRACE -DOS_USE_TRACE_SEMIHOSTING_DEBUG -DSTM32F401xC -DUSE_HAL_DRIVER -DHSE_VALUE=25000000 -I"../include" -I"../system/include" -I"../system/include/cmsis" -I"../system/include/stm32f4-hal" -std=gnu11 -MMD -MP -MF"src/SWITCH_Config.d" -MT"src/SWITCH_Config.o" -c -o "src/SWITCH_Config.o" "../src/SWITCH_Config.c"
'Finished building: ../src/SWITCH_Config.c'
' '
'Building file: ../src/main.c'
'Invoking: GNU Arm Cross C Compiler'
arm-none-eabi-gcc -mcpu=cortex-m4 -mthumb -mfloat-abi=soft -Og -fmessage-length=0 -fsigned-char -ffunction-sections -fdata-sections -ffreestanding -fno-move-loop-invariants -Wall -Wextra  -g3 -DDEBUG -DUSE_FULL_ASSERT -DTRACE -DOS_USE_TRACE_SEMIHOSTING_DEBUG -DSTM32F401xC -DUSE_HAL_DRIVER -DHSE_VALUE=25000000 -I"../include" -I"../system/include" -I"../system/include/cmsis" -I"../system/include/stm32f4-hal" -std=gnu11 -MMD -MP -MF"src/main.d" -MT"src/main.o" -c -o "src/main.o" "../src/main.c"
In file included from ../src/main.c:5:0:
../include/MRCC_Interface.h:3:1: warning: "/*" within comment [-Wcomment]
 /* Version       : V0.0.0                                               
 ^
../include/MRCC_Interface.h:4:1: warning: "/*" within comment [-Wcomment]
 /* Date          : 5 Feb 2024                                           
 ^
../include/MRCC_Interface.h:5:1: warning: "/*" within comment [-Wcomment]
 /* Description   : MRCC_Interface.h --> Functions Prototypes            
 ^
../include/MRCC_Interface.h:6:1: warning: "/*" within comment [-Wcomment]
 /* Module Features  :                                                   
 ^
../include/MRCC_Interface.h:7:1: warning: "/*" within comment [-Wcomment]
 /*                 01- RCC_enuControlClk (RCC_enuSysClk_t Copy_enuClockSystem,RCC_enuClkStatus_t Copy_enuClkStatus)(); 
 ^
../include/MRCC_Interface.h:8:1: warning: "/*" within comment [-Wcomment]
 /*                 02- RCC_enuSelectSystemClk (RCC_enuSysClk_t Copy_enuSystemClock)();                     
 ^
../include/MRCC_Interface.h:9:1: warning: "/*" within comment [-Wcomment]
 /*                 03- RCC_enuEnablePeripheralClock (RCC_Bus_t Copy_enuPeripheralBus, u8 Copy_u8PeripheralNumber)();    
 ^
../include/MRCC_Interface.h:10:1: warning: "/*" within comment [-Wcomment]
 /*                 04- RCC_enuDisablePeripheralClock (RCC_Bus_t Copy_enuPeripheralBus, u8 Copy_u8PeripheralNumber)();   
 ^
../include/MRCC_Interface.h:11:1: warning: "/*" within comment [-Wcomment]
 /*                 05- RCC_enuConfigPLL (RCC_structCLKPLL_t * Copy_structPLLCongif)();         
 ^
../include/MRCC_Interface.h:12:1: warning: "/*" within comment [-Wcomment]
 /*                 06- RCC_enuControlBusesPrescaler  (RCC_Bus_t Copy_enuBus ,u8 Copy_u32APB2Prescaler)();      
 ^
../include/MRCC_Interface.h:13:1: warning: "/*" within comment [-Wcomment]
 /************************************************************************************************************************/
 ^
../src/main.c: In function 'main':
../src/main.c:10:10: warning: unused parameter 'argc' [-Wunused-parameter]
 main(int argc, char* argv[])
          ^
../src/main.c:10:22: warning: unused parameter 'argv' [-Wunused-parameter]
 main(int argc, char* argv[])
                      ^
'Finished building: ../src/main.c'
' '
'Building target: SWITCH.elf'
'Invoking: GNU Arm Cross C++ Linker'
arm-none-eabi-g++ -mcpu=cortex-m4 -mthumb -mfloat-abi=soft -Og -fmessage-length=0 -fsigned-char -ffunction-sections -fdata-sections -ffreestanding -fno-move-loop-invariants -Wall -Wextra  -g3 -T mem.ld -T libs.ld -T sections.ld -nostartfiles -Xlinker --gc-sections -L"../ldscripts" -Wl,-Map,"SWITCH.map" --specs=nano.specs -o "SWITCH.elf"  ./system/src/newlib/_cxx.o ./system/src/newlib/_exit.o ./system/src/newlib/_sbrk.o ./system/src/newlib/_startup.o ./system/src/newlib/_syscalls.o ./system/src/newlib/assert.o  ./system/src/diag/Trace.o ./system/src/diag/trace_impl.o  ./system/src/cortexm/_initialize_hardware.o ./system/src/cortexm/_reset_hardware.o ./system/src/cortexm/exception_handlers.o  ./system/src/cmsis/system_stm32f4xx.o ./system/src/cmsis/vectors_stm32f401xc.o  ./src/GPIO_Program.o ./src/LED.o ./src/LED_Config.o ./src/MRCC_Program.o ./src/SWITCH.o ./src/SWITCH_Config.o ./src/main.o   
'Finished building target: SWITCH.elf'
' '
'Invoking: GNU Arm Cross Create Flash Image'
arm-none-eabi-objcopy -O ihex "SWITCH.elf"  "SWITCH.hex"
'Finished building: SWITCH.hex'
' '
'Invoking: GNU Arm Cross Print Size'
arm-none-eabi-size --format=berkeley "SWITCH.elf"
   text	   data	    bss	    dec	    hex	filename
   5627	    160	    412	   6199	   1837	SWITCH.elf
'Finished building: SWITCH.siz'
' '
13:16:55 **** Incremental Build of configuration Debug for project SWITCH ****
make all 
'Invoking: GNU Arm Cross Print Size'
arm-none-eabi-size --format=berkeley "SWITCH.elf"
   text	   data	    bss	    dec	    hex	filename
   5627	    160	    412	   6199	   1837	SWITCH.elf
'Finished building: SWITCH.siz'
' '
13:23:21 **** Incremental Build of configuration Debug for project SWITCH ****
make all 
'Invoking: GNU Arm Cross Print Size'
arm-none-eabi-size --format=berkeley "SWITCH.elf"
   text	   data	    bss	    dec	    hex	filename
   5627	    160	    412	   6199	   1837	SWITCH.elf
'Finished building: SWITCH.siz'
' '
13:23:58 **** Incremental Build of configuration Debug for project SWITCH ****
make all 
'Invoking: GNU Arm Cross Print Size'
arm-none-eabi-size --format=berkeley "SWITCH.elf"
   text	   data	    bss	    dec	    hex	filename
   5627	    160	    412	   6199	   1837	SWITCH.elf
'Finished building: SWITCH.siz'
' '
13:31:33 **** Incremental Build of configuration Debug for project SWITCH ****
make all 
'Building file: ../src/SWITCH.c'
'Invoking: GNU Arm Cross C Compiler'
arm-none-eabi-gcc -mcpu=cortex-m4 -mthumb -mfloat-abi=soft -Og -fmessage-length=0 -fsigned-char -ffunction-sections -fdata-sections -ffreestanding -fno-move-loop-invariants -Wall -Wextra  -g3 -DDEBUG -DUSE_FULL_ASSERT -DTRACE -DOS_USE_TRACE_SEMIHOSTING_DEBUG -DSTM32F401xC -DUSE_HAL_DRIVER -DHSE_VALUE=25000000 -I"../include" -I"../system/include" -I"../system/include/cmsis" -I"../system/include/stm32f4-hal" -std=gnu11 -MMD -MP -MF"src/SWITCH.d" -MT"src/SWITCH.o" -c -o "src/SWITCH.o" "../src/SWITCH.c"
'Finished building: ../src/SWITCH.c'
' '
'Building target: SWITCH.elf'
'Invoking: GNU Arm Cross C++ Linker'
arm-none-eabi-g++ -mcpu=cortex-m4 -mthumb -mfloat-abi=soft -Og -fmessage-length=0 -fsigned-char -ffunction-sections -fdata-sections -ffreestanding -fno-move-loop-invariants -Wall -Wextra  -g3 -T mem.ld -T libs.ld -T sections.ld -nostartfiles -Xlinker --gc-sections -L"../ldscripts" -Wl,-Map,"SWITCH.map" --specs=nano.specs -o "SWITCH.elf"  ./system/src/newlib/_cxx.o ./system/src/newlib/_exit.o ./system/src/newlib/_sbrk.o ./system/src/newlib/_startup.o ./system/src/newlib/_syscalls.o ./system/src/newlib/assert.o  ./system/src/diag/Trace.o ./system/src/diag/trace_impl.o  ./system/src/cortexm/_initialize_hardware.o ./system/src/cortexm/_reset_hardware.o ./system/src/cortexm/exception_handlers.o  ./system/src/cmsis/system_stm32f4xx.o ./system/src/cmsis/vectors_stm32f401xc.o  ./src/GPIO_Program.o ./src/LED.o ./src/LED_Config.o ./src/MRCC_Program.o ./src/SWITCH.o ./src/SWITCH_Config.o ./src/main.o   
'Finished building target: SWITCH.elf'
' '
'Invoking: GNU Arm Cross Create Flash Image'
arm-none-eabi-objcopy -O ihex "SWITCH.elf"  "SWITCH.hex"
'Finished building: SWITCH.hex'
' '
'Invoking: GNU Arm Cross Print Size'
arm-none-eabi-size --format=berkeley "SWITCH.elf"
   text	   data	    bss	    dec	    hex	filename
   5627	    160	    412	   6199	   1837	SWITCH.elf
'Finished building: SWITCH.siz'
' '
13:31:45 **** Incremental Build of configuration Debug for project SWITCH ****
make all 
'Building file: ../src/SWITCH.c'
'Invoking: GNU Arm Cross C Compiler'
arm-none-eabi-gcc -mcpu=cortex-m4 -mthumb -mfloat-abi=soft -Og -fmessage-length=0 -fsigned-char -ffunction-sections -fdata-sections -ffreestanding -fno-move-loop-invariants -Wall -Wextra  -g3 -DDEBUG -DUSE_FULL_ASSERT -DTRACE -DOS_USE_TRACE_SEMIHOSTING_DEBUG -DSTM32F401xC -DUSE_HAL_DRIVER -DHSE_VALUE=25000000 -I"../include" -I"../system/include" -I"../system/include/cmsis" -I"../system/include/stm32f4-hal" -std=gnu11 -MMD -MP -MF"src/SWITCH.d" -MT"src/SWITCH.o" -c -o "src/SWITCH.o" "../src/SWITCH.c"
'Finished building: ../src/SWITCH.c'
' '
'Building target: SWITCH.elf'
'Invoking: GNU Arm Cross C++ Linker'
arm-none-eabi-g++ -mcpu=cortex-m4 -mthumb -mfloat-abi=soft -Og -fmessage-length=0 -fsigned-char -ffunction-sections -fdata-sections -ffreestanding -fno-move-loop-invariants -Wall -Wextra  -g3 -T mem.ld -T libs.ld -T sections.ld -nostartfiles -Xlinker --gc-sections -L"../ldscripts" -Wl,-Map,"SWITCH.map" --specs=nano.specs -o "SWITCH.elf"  ./system/src/newlib/_cxx.o ./system/src/newlib/_exit.o ./system/src/newlib/_sbrk.o ./system/src/newlib/_startup.o ./system/src/newlib/_syscalls.o ./system/src/newlib/assert.o  ./system/src/diag/Trace.o ./system/src/diag/trace_impl.o  ./system/src/cortexm/_initialize_hardware.o ./system/src/cortexm/_reset_hardware.o ./system/src/cortexm/exception_handlers.o  ./system/src/cmsis/system_stm32f4xx.o ./system/src/cmsis/vectors_stm32f401xc.o  ./src/GPIO_Program.o ./src/LED.o ./src/LED_Config.o ./src/MRCC_Program.o ./src/SWITCH.o ./src/SWITCH_Config.o ./src/main.o   
'Finished building target: SWITCH.elf'
' '
'Invoking: GNU Arm Cross Create Flash Image'
arm-none-eabi-objcopy -O ihex "SWITCH.elf"  "SWITCH.hex"
'Finished building: SWITCH.hex'
' '
'Invoking: GNU Arm Cross Print Size'
arm-none-eabi-size --format=berkeley "SWITCH.elf"
   text	   data	    bss	    dec	    hex	filename
   5627	    160	    412	   6199	   1837	SWITCH.elf
'Finished building: SWITCH.siz'
' '
13:31:50 **** Incremental Build of configuration Debug for project SWITCH ****
make all 
'Invoking: GNU Arm Cross Print Size'
arm-none-eabi-size --format=berkeley "SWITCH.elf"
   text	   data	    bss	    dec	    hex	filename
   5627	    160	    412	   6199	   1837	SWITCH.elf
'Finished building: SWITCH.siz'
' '
13:32:31 **** Incremental Build of configuration Debug for project SWITCH ****
make all 
'Invoking: GNU Arm Cross Print Size'
arm-none-eabi-size --format=berkeley "SWITCH.elf"
   text	   data	    bss	    dec	    hex	filename
   5627	    160	    412	   6199	   1837	SWITCH.elf
'Finished building: SWITCH.siz'
' '
13:36:34 **** Incremental Build of configuration Debug for project SWITCH ****
make all 
'Building file: ../src/SWITCH.c'
'Invoking: GNU Arm Cross C Compiler'
arm-none-eabi-gcc -mcpu=cortex-m4 -mthumb -mfloat-abi=soft -Og -fmessage-length=0 -fsigned-char -ffunction-sections -fdata-sections -ffreestanding -fno-move-loop-invariants -Wall -Wextra  -g3 -DDEBUG -DUSE_FULL_ASSERT -DTRACE -DOS_USE_TRACE_SEMIHOSTING_DEBUG -DSTM32F401xC -DUSE_HAL_DRIVER -DHSE_VALUE=25000000 -I"../include" -I"../system/include" -I"../system/include/cmsis" -I"../system/include/stm32f4-hal" -std=gnu11 -MMD -MP -MF"src/SWITCH.d" -MT"src/SWITCH.o" -c -o "src/SWITCH.o" "../src/SWITCH.c"
'Finished building: ../src/SWITCH.c'
' '
'Building file: ../src/SWITCH_Config.c'
'Invoking: GNU Arm Cross C Compiler'
arm-none-eabi-gcc -mcpu=cortex-m4 -mthumb -mfloat-abi=soft -Og -fmessage-length=0 -fsigned-char -ffunction-sections -fdata-sections -ffreestanding -fno-move-loop-invariants -Wall -Wextra  -g3 -DDEBUG -DUSE_FULL_ASSERT -DTRACE -DOS_USE_TRACE_SEMIHOSTING_DEBUG -DSTM32F401xC -DUSE_HAL_DRIVER -DHSE_VALUE=25000000 -I"../include" -I"../system/include" -I"../system/include/cmsis" -I"../system/include/stm32f4-hal" -std=gnu11 -MMD -MP -MF"src/SWITCH_Config.d" -MT"src/SWITCH_Config.o" -c -o "src/SWITCH_Config.o" "../src/SWITCH_Config.c"
'Finished building: ../src/SWITCH_Config.c'
' '
'Building target: SWITCH.elf'
'Invoking: GNU Arm Cross C++ Linker'
arm-none-eabi-g++ -mcpu=cortex-m4 -mthumb -mfloat-abi=soft -Og -fmessage-length=0 -fsigned-char -ffunction-sections -fdata-sections -ffreestanding -fno-move-loop-invariants -Wall -Wextra  -g3 -T mem.ld -T libs.ld -T sections.ld -nostartfiles -Xlinker --gc-sections -L"../ldscripts" -Wl,-Map,"SWITCH.map" --specs=nano.specs -o "SWITCH.elf"  ./system/src/newlib/_cxx.o ./system/src/newlib/_exit.o ./system/src/newlib/_sbrk.o ./system/src/newlib/_startup.o ./system/src/newlib/_syscalls.o ./system/src/newlib/assert.o  ./system/src/diag/Trace.o ./system/src/diag/trace_impl.o  ./system/src/cortexm/_initialize_hardware.o ./system/src/cortexm/_reset_hardware.o ./system/src/cortexm/exception_handlers.o  ./system/src/cmsis/system_stm32f4xx.o ./system/src/cmsis/vectors_stm32f401xc.o  ./src/GPIO_Program.o ./src/LED.o ./src/LED_Config.o ./src/MRCC_Program.o ./src/SWITCH.o ./src/SWITCH_Config.o ./src/main.o   
'Finished building target: SWITCH.elf'
' '
'Invoking: GNU Arm Cross Create Flash Image'
arm-none-eabi-objcopy -O ihex "SWITCH.elf"  "SWITCH.hex"
'Finished building: SWITCH.hex'
' '
'Invoking: GNU Arm Cross Print Size'
arm-none-eabi-size --format=berkeley "SWITCH.elf"
   text	   data	    bss	    dec	    hex	filename
   5611	    160	    412	   6183	   1827	SWITCH.elf
'Finished building: SWITCH.siz'
' '
13:36:40 **** Incremental Build of configuration Debug for project SWITCH ****
make all 
'Invoking: GNU Arm Cross Print Size'
arm-none-eabi-size --format=berkeley "SWITCH.elf"
   text	   data	    bss	    dec	    hex	filename
   5611	    160	    412	   6183	   1827	SWITCH.elf
'Finished building: SWITCH.siz'
' '
13:39:55 **** Incremental Build of configuration Debug for project SWITCH ****
make all 
'Building file: ../src/SWITCH_Config.c'
'Invoking: GNU Arm Cross C Compiler'
arm-none-eabi-gcc -mcpu=cortex-m4 -mthumb -mfloat-abi=soft -Og -fmessage-length=0 -fsigned-char -ffunction-sections -fdata-sections -ffreestanding -fno-move-loop-invariants -Wall -Wextra  -g3 -DDEBUG -DUSE_FULL_ASSERT -DTRACE -DOS_USE_TRACE_SEMIHOSTING_DEBUG -DSTM32F401xC -DUSE_HAL_DRIVER -DHSE_VALUE=25000000 -I"../include" -I"../system/include" -I"../system/include/cmsis" -I"../system/include/stm32f4-hal" -std=gnu11 -MMD -MP -MF"src/SWITCH_Config.d" -MT"src/SWITCH_Config.o" -c -o "src/SWITCH_Config.o" "../src/SWITCH_Config.c"
'Finished building: ../src/SWITCH_Config.c'
' '
'Building target: SWITCH.elf'
'Invoking: GNU Arm Cross C++ Linker'
arm-none-eabi-g++ -mcpu=cortex-m4 -mthumb -mfloat-abi=soft -Og -fmessage-length=0 -fsigned-char -ffunction-sections -fdata-sections -ffreestanding -fno-move-loop-invariants -Wall -Wextra  -g3 -T mem.ld -T libs.ld -T sections.ld -nostartfiles -Xlinker --gc-sections -L"../ldscripts" -Wl,-Map,"SWITCH.map" --specs=nano.specs -o "SWITCH.elf"  ./system/src/newlib/_cxx.o ./system/src/newlib/_exit.o ./system/src/newlib/_sbrk.o ./system/src/newlib/_startup.o ./system/src/newlib/_syscalls.o ./system/src/newlib/assert.o  ./system/src/diag/Trace.o ./system/src/diag/trace_impl.o  ./system/src/cortexm/_initialize_hardware.o ./system/src/cortexm/_reset_hardware.o ./system/src/cortexm/exception_handlers.o  ./system/src/cmsis/system_stm32f4xx.o ./system/src/cmsis/vectors_stm32f401xc.o  ./src/GPIO_Program.o ./src/LED.o ./src/LED_Config.o ./src/MRCC_Program.o ./src/SWITCH.o ./src/SWITCH_Config.o ./src/main.o   
'Finished building target: SWITCH.elf'
' '
'Invoking: GNU Arm Cross Create Flash Image'
arm-none-eabi-objcopy -O ihex "SWITCH.elf"  "SWITCH.hex"
'Finished building: SWITCH.hex'
' '
'Invoking: GNU Arm Cross Print Size'
arm-none-eabi-size --format=berkeley "SWITCH.elf"
   text	   data	    bss	    dec	    hex	filename
   5611	    160	    412	   6183	   1827	SWITCH.elf
'Finished building: SWITCH.siz'
' '
13:40:04 **** Incremental Build of configuration Debug for project SWITCH ****
make all 
'Invoking: GNU Arm Cross Print Size'
arm-none-eabi-size --format=berkeley "SWITCH.elf"
   text	   data	    bss	    dec	    hex	filename
   5611	    160	    412	   6183	   1827	SWITCH.elf
'Finished building: SWITCH.siz'
' '
13:42:01 **** Incremental Build of configuration Debug for project SWITCH ****
make all 
'Building file: ../src/SWITCH_Config.c'
'Invoking: GNU Arm Cross C Compiler'
arm-none-eabi-gcc -mcpu=cortex-m4 -mthumb -mfloat-abi=soft -Og -fmessage-length=0 -fsigned-char -ffunction-sections -fdata-sections -ffreestanding -fno-move-loop-invariants -Wall -Wextra  -g3 -DDEBUG -DUSE_FULL_ASSERT -DTRACE -DOS_USE_TRACE_SEMIHOSTING_DEBUG -DSTM32F401xC -DUSE_HAL_DRIVER -DHSE_VALUE=25000000 -I"../include" -I"../system/include" -I"../system/include/cmsis" -I"../system/include/stm32f4-hal" -std=gnu11 -MMD -MP -MF"src/SWITCH_Config.d" -MT"src/SWITCH_Config.o" -c -o "src/SWITCH_Config.o" "../src/SWITCH_Config.c"
'Finished building: ../src/SWITCH_Config.c'
' '
'Building target: SWITCH.elf'
'Invoking: GNU Arm Cross C++ Linker'
arm-none-eabi-g++ -mcpu=cortex-m4 -mthumb -mfloat-abi=soft -Og -fmessage-length=0 -fsigned-char -ffunction-sections -fdata-sections -ffreestanding -fno-move-loop-invariants -Wall -Wextra  -g3 -T mem.ld -T libs.ld -T sections.ld -nostartfiles -Xlinker --gc-sections -L"../ldscripts" -Wl,-Map,"SWITCH.map" --specs=nano.specs -o "SWITCH.elf"  ./system/src/newlib/_cxx.o ./system/src/newlib/_exit.o ./system/src/newlib/_sbrk.o ./system/src/newlib/_startup.o ./system/src/newlib/_syscalls.o ./system/src/newlib/assert.o  ./system/src/diag/Trace.o ./system/src/diag/trace_impl.o  ./system/src/cortexm/_initialize_hardware.o ./system/src/cortexm/_reset_hardware.o ./system/src/cortexm/exception_handlers.o  ./system/src/cmsis/system_stm32f4xx.o ./system/src/cmsis/vectors_stm32f401xc.o  ./src/GPIO_Program.o ./src/LED.o ./src/LED_Config.o ./src/MRCC_Program.o ./src/SWITCH.o ./src/SWITCH_Config.o ./src/main.o   
'Finished building target: SWITCH.elf'
' '
'Invoking: GNU Arm Cross Create Flash Image'
arm-none-eabi-objcopy -O ihex "SWITCH.elf"  "SWITCH.hex"
'Finished building: SWITCH.hex'
' '
'Invoking: GNU Arm Cross Print Size'
arm-none-eabi-size --format=berkeley "SWITCH.elf"
   text	   data	    bss	    dec	    hex	filename
   5611	    160	    412	   6183	   1827	SWITCH.elf
'Finished building: SWITCH.siz'
' '
13:42:06 **** Incremental Build of configuration Debug for project SWITCH ****
make all 
'Invoking: GNU Arm Cross Print Size'
arm-none-eabi-size --format=berkeley "SWITCH.elf"
   text	   data	    bss	    dec	    hex	filename
   5611	    160	    412	   6183	   1827	SWITCH.elf
'Finished building: SWITCH.siz'
' '
13:50:36 **** Incremental Build of configuration Debug for project SWITCH ****
make all 
'Building file: ../src/SWITCH.c'
'Invoking: GNU Arm Cross C Compiler'
arm-none-eabi-gcc -mcpu=cortex-m4 -mthumb -mfloat-abi=soft -Og -fmessage-length=0 -fsigned-char -ffunction-sections -fdata-sections -ffreestanding -fno-move-loop-invariants -Wall -Wextra  -g3 -DDEBUG -DUSE_FULL_ASSERT -DTRACE -DOS_USE_TRACE_SEMIHOSTING_DEBUG -DSTM32F401xC -DUSE_HAL_DRIVER -DHSE_VALUE=25000000 -I"../include" -I"../system/include" -I"../system/include/cmsis" -I"../system/include/stm32f4-hal" -std=gnu11 -MMD -MP -MF"src/SWITCH.d" -MT"src/SWITCH.o" -c -o "src/SWITCH.o" "../src/SWITCH.c"
'Finished building: ../src/SWITCH.c'
' '
'Building target: SWITCH.elf'
'Invoking: GNU Arm Cross C++ Linker'
arm-none-eabi-g++ -mcpu=cortex-m4 -mthumb -mfloat-abi=soft -Og -fmessage-length=0 -fsigned-char -ffunction-sections -fdata-sections -ffreestanding -fno-move-loop-invariants -Wall -Wextra  -g3 -T mem.ld -T libs.ld -T sections.ld -nostartfiles -Xlinker --gc-sections -L"../ldscripts" -Wl,-Map,"SWITCH.map" --specs=nano.specs -o "SWITCH.elf"  ./system/src/newlib/_cxx.o ./system/src/newlib/_exit.o ./system/src/newlib/_sbrk.o ./system/src/newlib/_startup.o ./system/src/newlib/_syscalls.o ./system/src/newlib/assert.o  ./system/src/diag/Trace.o ./system/src/diag/trace_impl.o  ./system/src/cortexm/_initialize_hardware.o ./system/src/cortexm/_reset_hardware.o ./system/src/cortexm/exception_handlers.o  ./system/src/cmsis/system_stm32f4xx.o ./system/src/cmsis/vectors_stm32f401xc.o  ./src/GPIO_Program.o ./src/LED.o ./src/LED_Config.o ./src/MRCC_Program.o ./src/SWITCH.o ./src/SWITCH_Config.o ./src/main.o   
'Finished building target: SWITCH.elf'
' '
'Invoking: GNU Arm Cross Create Flash Image'
arm-none-eabi-objcopy -O ihex "SWITCH.elf"  "SWITCH.hex"
'Finished building: SWITCH.hex'
' '
'Invoking: GNU Arm Cross Print Size'
arm-none-eabi-size --format=berkeley "SWITCH.elf"
   text	   data	    bss	    dec	    hex	filename
   5627	    160	    412	   6199	   1837	SWITCH.elf
'Finished building: SWITCH.siz'
' '
13:50:54 **** Incremental Build of configuration Debug for project SWITCH ****
make all 
'Invoking: GNU Arm Cross Print Size'
arm-none-eabi-size --format=berkeley "SWITCH.elf"
   text	   data	    bss	    dec	    hex	filename
   5627	    160	    412	   6199	   1837	SWITCH.elf
'Finished building: SWITCH.siz'
' '
