10:16:30 **** Incremental Build of configuration Debug for project io ****
make all 
'Building file: ../src/MGPIO_Program.c'
'Invoking: GNU Arm Cross C Compiler'
arm-none-eabi-gcc -mcpu=cortex-m4 -mthumb -mfloat-abi=soft -Og -fmessage-length=0 -fsigned-char -ffunction-sections -fdata-sections -ffreestanding -fno-move-loop-invariants -Wall -Wextra  -g3 -DDEBUG -DUSE_FULL_ASSERT -DTRACE -DOS_USE_TRACE_SEMIHOSTING_DEBUG -DSTM32F401xC -DUSE_HAL_DRIVER -DHSE_VALUE=25000000 -I"../include" -I"../system/include" -I"../system/include/cmsis" -I"../system/include/stm32f4-hal" -std=gnu11 -Wa,-adhlns="src/MGPIO_Program.o.lst" -MMD -MP -MF"src/MGPIO_Program.d" -MT"src/MGPIO_Program.o" -c -o "src/MGPIO_Program.o" "../src/MGPIO_Program.c"
'Finished building: ../src/MGPIO_Program.c'
' '
'Building target: io.elf'
'Invoking: GNU Arm Cross C++ Linker'
arm-none-eabi-g++ -mcpu=cortex-m4 -mthumb -mfloat-abi=soft -Og -fmessage-length=0 -fsigned-char -ffunction-sections -fdata-sections -ffreestanding -fno-move-loop-invariants -Wall -Wextra  -g3 -T mem.ld -T libs.ld -T sections.ld -nostartfiles -Xlinker --gc-sections -L"../ldscripts" -Wl,-Map,"io.map" --specs=nano.specs -o "io.elf"  ./system/src/newlib/_cxx.o ./system/src/newlib/_exit.o ./system/src/newlib/_sbrk.o ./system/src/newlib/_startup.o ./system/src/newlib/_syscalls.o ./system/src/newlib/assert.o  ./system/src/diag/Trace.o ./system/src/diag/trace_impl.o  ./system/src/cortexm/_initialize_hardware.o ./system/src/cortexm/_reset_hardware.o ./system/src/cortexm/exception_handlers.o  ./system/src/cmsis/system_stm32f4xx.o ./system/src/cmsis/vectors_stm32f401xc.o  ./src/MGPIO_Program.o ./src/MRCC_Program.o ./src/main.o   
'Finished building target: io.elf'
' '
'Invoking: GNU Arm Cross Create Flash Image'
arm-none-eabi-objcopy -O ihex "io.elf"  "io.hex"
'Finished building: io.hex'
' '
'Invoking: GNU Arm Cross Print Size'
arm-none-eabi-size --format=berkeley "io.elf"
   text	   data	    bss	    dec	    hex	filename
   5235	    160	    412	   5807	   16af	io.elf
'Finished building: io.siz'
' '

10:16:31 Build Finished (took 1s.487ms)

