../1-MCAL/05-USART/USART_program.c:28:17:USART_Get	16	static
../1-MCAL/05-USART/USART_program.c:38:6:USART_voidInit	24	static
../1-MCAL/05-USART/USART_program.c:55:6:USART_voidTransmitChar	24	static
../1-MCAL/05-USART/USART_program.c:65:6:USART_voidTransmitSync	24	static
../1-MCAL/05-USART/USART_program.c:78:4:USART_u8ReceiveChar	24	static
../1-MCAL/05-USART/USART_program.c:91:6:USART_ReceiveStr	24	static
../1-MCAL/05-USART/USART_program.c:104:4:USART_u8ReceiveAsy	32	static
../1-MCAL/05-USART/USART_program.c:118:4:USART_u8CallBackFunc	24	static
../1-MCAL/05-USART/USART_program.c:133:6:USART1_IRQHandler	8	static
../1-MCAL/05-USART/USART_program.c:140:6:USART2_IRQHandler	8	static
../1-MCAL/05-USART/USART_program.c:147:6:USART3_IRQHandler	8	static
