../1-MCAL/05-USART/USART_program.c:29:17:USART_Get	16	static
../1-MCAL/05-USART/USART_program.c:39:6:USART_voidInit	24	static
../1-MCAL/05-USART/USART_program.c:56:6:USART_voidTransmitChar	24	static
../1-MCAL/05-USART/USART_program.c:66:6:USART_voidTransmitSync	24	static
../1-MCAL/05-USART/USART_program.c:79:4:USART_u8ReceiveChar	24	static
../1-MCAL/05-USART/USART_program.c:92:6:USART_ReceiveStr	24	static
../1-MCAL/05-USART/USART_program.c:105:4:USART_u8ReceiveAsy	32	static
../1-MCAL/05-USART/USART_program.c:119:4:USART_u8CallBackFunc	24	static
../1-MCAL/05-USART/USART_program.c:134:6:USART1_IRQHandler	8	static
../1-MCAL/05-USART/USART_program.c:141:6:USART2_IRQHandler	8	static
../1-MCAL/05-USART/USART_program.c:148:6:USART3_IRQHandler	8	static
