../1-MCAL/07-STK/STK_program.c:22:6:STK_voidInit	0	static
../1-MCAL/07-STK/STK_program.c:36:6:STK_voidEnableTimer	0	static
../1-MCAL/07-STK/STK_program.c:41:6:STK_voidDisableTimer	0	static
../1-MCAL/07-STK/STK_program.c:49:6:STK_voidDelay	0	static
../1-MCAL/07-STK/STK_program.c:70:4:STK_u8DelayAsySingle	0	static
../1-MCAL/07-STK/STK_program.c:97:4:STK_u8DelayAsyPeriodic	0	static
../1-MCAL/07-STK/STK_program.c:125:4:STK_u8GetTime	0	static
../1-MCAL/07-STK/STK_program.c:134:4:STK_u8GetRemainigTime	0	static
../1-MCAL/07-STK/STK_program.c:145:6:SysTick_Handler	8	static
