   1              		.syntax unified
   2              		.cpu cortex-m4
   3              		.fpu softvfp
   4              		.eabi_attribute 20, 1
   5              		.eabi_attribute 21, 1
   6              		.eabi_attribute 23, 3
   7              		.eabi_attribute 24, 1
   8              		.eabi_attribute 25, 1
   9              		.eabi_attribute 26, 1
  10              		.eabi_attribute 30, 1
  11              		.eabi_attribute 34, 1
  12              		.eabi_attribute 18, 4
  13              		.thumb
  14              		.syntax unified
  15              		.file	"Trace.c"
  16              		.text
  17              	.Ltext0:
  18              		.cfi_sections	.debug_frame
  19              		.section	.text.trace_printf,"ax",%progbits
  20              		.align	2
  21              		.global	trace_printf
  22              		.thumb
  23              		.thumb_func
  25              	trace_printf:
  26              	.LFB1:
  27              		.file 1 "../system/src/diag/Trace.c"
   1:../system/src/diag/Trace.c **** /*
   2:../system/src/diag/Trace.c ****  * This file is part of the µOS++ distribution.
   3:../system/src/diag/Trace.c ****  *   (https://github.com/micro-os-plus)
   4:../system/src/diag/Trace.c ****  * Copyright (c) 2014 Liviu Ionescu.
   5:../system/src/diag/Trace.c ****  *
   6:../system/src/diag/Trace.c ****  * Permission is hereby granted, free of charge, to any person
   7:../system/src/diag/Trace.c ****  * obtaining a copy of this software and associated documentation
   8:../system/src/diag/Trace.c ****  * files (the "Software"), to deal in the Software without
   9:../system/src/diag/Trace.c ****  * restriction, including without limitation the rights to use,
  10:../system/src/diag/Trace.c ****  * copy, modify, merge, publish, distribute, sublicense, and/or
  11:../system/src/diag/Trace.c ****  * sell copies of the Software, and to permit persons to whom
  12:../system/src/diag/Trace.c ****  * the Software is furnished to do so, subject to the following
  13:../system/src/diag/Trace.c ****  * conditions:
  14:../system/src/diag/Trace.c ****  *
  15:../system/src/diag/Trace.c ****  * The above copyright notice and this permission notice shall be
  16:../system/src/diag/Trace.c ****  * included in all copies or substantial portions of the Software.
  17:../system/src/diag/Trace.c ****  *
  18:../system/src/diag/Trace.c ****  * THE SOFTWARE IS PROVIDED "AS IS", WITHOUT WARRANTY OF ANY KIND,
  19:../system/src/diag/Trace.c ****  * EXPRESS OR IMPLIED, INCLUDING BUT NOT LIMITED TO THE WARRANTIES
  20:../system/src/diag/Trace.c ****  * OF MERCHANTABILITY, FITNESS FOR A PARTICULAR PURPOSE AND
  21:../system/src/diag/Trace.c ****  * NONINFRINGEMENT. IN NO EVENT SHALL THE AUTHORS OR COPYRIGHT
  22:../system/src/diag/Trace.c ****  * HOLDERS BE LIABLE FOR ANY CLAIM, DAMAGES OR OTHER LIABILITY,
  23:../system/src/diag/Trace.c ****  * WHETHER IN AN ACTION OF CONTRACT, TORT OR OTHERWISE, ARISING
  24:../system/src/diag/Trace.c ****  * FROM, OUT OF OR IN CONNECTION WITH THE SOFTWARE OR THE USE OR
  25:../system/src/diag/Trace.c ****  * OTHER DEALINGS IN THE SOFTWARE.
  26:../system/src/diag/Trace.c ****  */
  27:../system/src/diag/Trace.c **** 
  28:../system/src/diag/Trace.c **** // ----------------------------------------------------------------------------
  29:../system/src/diag/Trace.c **** 
  30:../system/src/diag/Trace.c **** #if defined(TRACE)
  31:../system/src/diag/Trace.c **** 
  32:../system/src/diag/Trace.c **** #include <stdio.h>
  33:../system/src/diag/Trace.c **** #include <stdarg.h>
  34:../system/src/diag/Trace.c **** #include "diag/Trace.h"
  35:../system/src/diag/Trace.c **** #include "string.h"
  36:../system/src/diag/Trace.c **** 
  37:../system/src/diag/Trace.c **** #ifndef OS_INTEGER_TRACE_PRINTF_TMP_ARRAY_SIZE
  38:../system/src/diag/Trace.c **** #define OS_INTEGER_TRACE_PRINTF_TMP_ARRAY_SIZE (128)
  39:../system/src/diag/Trace.c **** #endif
  40:../system/src/diag/Trace.c **** 
  41:../system/src/diag/Trace.c **** // ----------------------------------------------------------------------------
  42:../system/src/diag/Trace.c **** 
  43:../system/src/diag/Trace.c **** int
  44:../system/src/diag/Trace.c **** trace_printf(const char* format, ...)
  45:../system/src/diag/Trace.c **** {
  28              		.loc 1 45 0
  29              		.cfi_startproc
  30              		@ args = 4, pretend = 16, frame = 8
  31              		@ frame_needed = 0, uses_anonymous_args = 1
  32              	.LVL0:
  33 0000 0FB4     		push	{r0, r1, r2, r3}
  34              		.cfi_def_cfa_offset 16
  35              		.cfi_offset 0, -16
  36              		.cfi_offset 1, -12
  37              		.cfi_offset 2, -8
  38              		.cfi_offset 3, -4
  39 0002 00B5     		push	{lr}
  40              		.cfi_def_cfa_offset 20
  41              		.cfi_offset 14, -20
  42 0004 83B0     		sub	sp, sp, #12
  43              		.cfi_def_cfa_offset 32
  44 0006 04AB     		add	r3, sp, #16
  45 0008 53F8042B 		ldr	r2, [r3], #4
  46:../system/src/diag/Trace.c ****   int ret;
  47:../system/src/diag/Trace.c ****   va_list ap;
  48:../system/src/diag/Trace.c **** 
  49:../system/src/diag/Trace.c ****   va_start (ap, format);
  46              		.loc 1 49 0
  47 000c 0193     		str	r3, [sp, #4]
  50:../system/src/diag/Trace.c **** 
  51:../system/src/diag/Trace.c ****   // TODO: rewrite it to no longer use newlib, it is way too heavy
  52:../system/src/diag/Trace.c **** 
  53:../system/src/diag/Trace.c ****   static char buf[OS_INTEGER_TRACE_PRINTF_TMP_ARRAY_SIZE];
  54:../system/src/diag/Trace.c **** 
  55:../system/src/diag/Trace.c ****   // Print to the local buffer
  56:../system/src/diag/Trace.c ****   ret = vsnprintf (buf, sizeof(buf), format, ap);
  48              		.loc 1 56 0
  49 000e 8021     		movs	r1, #128
  50 0010 0648     		ldr	r0, .L4
  51 0012 FFF7FEFF 		bl	vsnprintf
  52              	.LVL1:
  57:../system/src/diag/Trace.c ****   if (ret > 0)
  53              		.loc 1 57 0
  54 0016 0028     		cmp	r0, #0
  55 0018 03DD     		ble	.L2
  58:../system/src/diag/Trace.c ****     {
  59:../system/src/diag/Trace.c ****       // Transfer the buffer to the device
  60:../system/src/diag/Trace.c ****       ret = trace_write (buf, (size_t)ret);
  56              		.loc 1 60 0
  57 001a 0146     		mov	r1, r0
  58 001c 0348     		ldr	r0, .L4
  59              	.LVL2:
  60 001e FFF7FEFF 		bl	trace_write
  61              	.LVL3:
  62              	.L2:
  61:../system/src/diag/Trace.c ****     }
  62:../system/src/diag/Trace.c **** 
  63:../system/src/diag/Trace.c ****   va_end (ap);
  64:../system/src/diag/Trace.c ****   return ret;
  65:../system/src/diag/Trace.c **** }
  63              		.loc 1 65 0
  64 0022 03B0     		add	sp, sp, #12
  65              		.cfi_def_cfa_offset 20
  66              		@ sp needed
  67 0024 5DF804EB 		ldr	lr, [sp], #4
  68              		.cfi_restore 14
  69              		.cfi_def_cfa_offset 16
  70 0028 04B0     		add	sp, sp, #16
  71              		.cfi_restore 3
  72              		.cfi_restore 2
  73              		.cfi_restore 1
  74              		.cfi_restore 0
  75              		.cfi_def_cfa_offset 0
  76 002a 7047     		bx	lr
  77              	.L5:
  78              		.align	2
  79              	.L4:
  80 002c 00000000 		.word	.LANCHOR0
  81              		.cfi_endproc
  82              	.LFE1:
  84              		.section	.text.trace_puts,"ax",%progbits
  85              		.align	2
  86              		.global	trace_puts
  87              		.thumb
  88              		.thumb_func
  90              	trace_puts:
  91              	.LFB2:
  66:../system/src/diag/Trace.c **** 
  67:../system/src/diag/Trace.c **** int
  68:../system/src/diag/Trace.c **** trace_puts(const char *s)
  69:../system/src/diag/Trace.c **** {
  92              		.loc 1 69 0
  93              		.cfi_startproc
  94              		@ args = 0, pretend = 0, frame = 0
  95              		@ frame_needed = 0, uses_anonymous_args = 0
  96              	.LVL4:
  97 0000 10B5     		push	{r4, lr}
  98              		.cfi_def_cfa_offset 8
  99              		.cfi_offset 4, -8
 100              		.cfi_offset 14, -4
 101 0002 0446     		mov	r4, r0
  70:../system/src/diag/Trace.c ****   trace_write(s, strlen(s));
 102              		.loc 1 70 0
 103 0004 FFF7FEFF 		bl	strlen
 104              	.LVL5:
 105 0008 0146     		mov	r1, r0
 106 000a 2046     		mov	r0, r4
 107 000c FFF7FEFF 		bl	trace_write
 108              	.LVL6:
  71:../system/src/diag/Trace.c ****   return trace_write("\n", 1);
 109              		.loc 1 71 0
 110 0010 0121     		movs	r1, #1
 111 0012 0248     		ldr	r0, .L8
 112 0014 FFF7FEFF 		bl	trace_write
 113              	.LVL7:
  72:../system/src/diag/Trace.c **** }
 114              		.loc 1 72 0
 115 0018 10BD     		pop	{r4, pc}
 116              	.LVL8:
 117              	.L9:
 118 001a 00BF     		.align	2
 119              	.L8:
 120 001c 00000000 		.word	.LC0
 121              		.cfi_endproc
 122              	.LFE2:
 124              		.section	.text.trace_putchar,"ax",%progbits
 125              		.align	2
 126              		.global	trace_putchar
 127              		.thumb
 128              		.thumb_func
 130              	trace_putchar:
 131              	.LFB3:
  73:../system/src/diag/Trace.c **** 
  74:../system/src/diag/Trace.c **** int
  75:../system/src/diag/Trace.c **** trace_putchar(int c)
  76:../system/src/diag/Trace.c **** {
 132              		.loc 1 76 0
 133              		.cfi_startproc
 134              		@ args = 0, pretend = 0, frame = 8
 135              		@ frame_needed = 0, uses_anonymous_args = 0
 136              	.LVL9:
 137 0000 00B5     		push	{lr}
 138              		.cfi_def_cfa_offset 4
 139              		.cfi_offset 14, -4
 140 0002 83B0     		sub	sp, sp, #12
 141              		.cfi_def_cfa_offset 16
 142 0004 02AB     		add	r3, sp, #8
 143 0006 43F8040D 		str	r0, [r3, #-4]!
  77:../system/src/diag/Trace.c ****   trace_write((const char*)&c, 1);
 144              		.loc 1 77 0
 145 000a 0121     		movs	r1, #1
 146 000c 1846     		mov	r0, r3
 147              	.LVL10:
 148 000e FFF7FEFF 		bl	trace_write
 149              	.LVL11:
  78:../system/src/diag/Trace.c ****   return c;
  79:../system/src/diag/Trace.c **** }
 150              		.loc 1 79 0
 151 0012 0198     		ldr	r0, [sp, #4]
 152 0014 03B0     		add	sp, sp, #12
 153              		.cfi_def_cfa_offset 4
 154              		@ sp needed
 155 0016 5DF804FB 		ldr	pc, [sp], #4
 156              		.cfi_endproc
 157              	.LFE3:
 159 001a 00BF     		.section	.text.trace_dump_args,"ax",%progbits
 160              		.align	2
 161              		.global	trace_dump_args
 162              		.thumb
 163              		.thumb_func
 165              	trace_dump_args:
 166              	.LFB4:
  80:../system/src/diag/Trace.c **** 
  81:../system/src/diag/Trace.c **** void
  82:../system/src/diag/Trace.c **** trace_dump_args(int argc, char* argv[])
  83:../system/src/diag/Trace.c **** {
 167              		.loc 1 83 0
 168              		.cfi_startproc
 169              		@ args = 0, pretend = 0, frame = 0
 170              		@ frame_needed = 0, uses_anonymous_args = 0
 171              	.LVL12:
 172 0000 70B5     		push	{r4, r5, r6, lr}
 173              		.cfi_def_cfa_offset 16
 174              		.cfi_offset 4, -16
 175              		.cfi_offset 5, -12
 176              		.cfi_offset 6, -8
 177              		.cfi_offset 14, -4
 178 0002 0546     		mov	r5, r0
 179 0004 0E46     		mov	r6, r1
  84:../system/src/diag/Trace.c ****   trace_printf("main(argc=%d, argv=[", argc);
 180              		.loc 1 84 0
 181 0006 0146     		mov	r1, r0
 182              	.LVL13:
 183 0008 0A48     		ldr	r0, .L17
 184              	.LVL14:
 185 000a FFF7FEFF 		bl	trace_printf
 186              	.LVL15:
 187              	.LBB2:
  85:../system/src/diag/Trace.c ****   for (int i = 0; i < argc; ++i)
 188              		.loc 1 85 0
 189 000e 0024     		movs	r4, #0
 190 0010 09E0     		b	.L13
 191              	.LVL16:
 192              	.L15:
  86:../system/src/diag/Trace.c ****     {
  87:../system/src/diag/Trace.c ****       if (i != 0)
 193              		.loc 1 87 0
 194 0012 14B1     		cbz	r4, .L14
  88:../system/src/diag/Trace.c ****         {
  89:../system/src/diag/Trace.c ****           trace_printf(", ");
 195              		.loc 1 89 0
 196 0014 0848     		ldr	r0, .L17+4
 197 0016 FFF7FEFF 		bl	trace_printf
 198              	.LVL17:
 199              	.L14:
  90:../system/src/diag/Trace.c ****         }
  91:../system/src/diag/Trace.c ****       trace_printf("\"%s\"", argv[i]);
 200              		.loc 1 91 0 discriminator 2
 201 001a 56F82410 		ldr	r1, [r6, r4, lsl #2]
 202 001e 0748     		ldr	r0, .L17+8
 203 0020 FFF7FEFF 		bl	trace_printf
 204              	.LVL18:
  85:../system/src/diag/Trace.c ****     {
 205              		.loc 1 85 0 discriminator 2
 206 0024 0134     		adds	r4, r4, #1
 207              	.LVL19:
 208              	.L13:
  85:../system/src/diag/Trace.c ****     {
 209              		.loc 1 85 0 is_stmt 0 discriminator 1
 210 0026 AC42     		cmp	r4, r5
 211 0028 F3DB     		blt	.L15
 212              	.LBE2:
  92:../system/src/diag/Trace.c ****     }
  93:../system/src/diag/Trace.c ****   trace_printf("]);\n");
 213              		.loc 1 93 0 is_stmt 1
 214 002a 0548     		ldr	r0, .L17+12
 215 002c FFF7FEFF 		bl	trace_printf
 216              	.LVL20:
 217 0030 70BD     		pop	{r4, r5, r6, pc}
 218              	.LVL21:
 219              	.L18:
 220 0032 00BF     		.align	2
 221              	.L17:
 222 0034 04000000 		.word	.LC1
 223 0038 1C000000 		.word	.LC2
 224 003c 20000000 		.word	.LC3
 225 0040 28000000 		.word	.LC4
 226              		.cfi_endproc
 227              	.LFE4:
 229              		.section	.rodata.str1.4,"aMS",%progbits,1
 230              		.align	2
 231              	.LC0:
 232 0000 0A00     		.ascii	"\012\000"
 233 0002 0000     		.space	2
 234              	.LC1:
 235 0004 6D61696E 		.ascii	"main(argc=%d, argv=[\000"
 235      28617267 
 235      633D2564 
 235      2C206172 
 235      67763D5B 
 236 0019 000000   		.space	3
 237              	.LC2:
 238 001c 2C2000   		.ascii	", \000"
 239 001f 00       		.space	1
 240              	.LC3:
 241 0020 22257322 		.ascii	"\"%s\"\000"
 241      00
 242 0025 000000   		.space	3
 243              	.LC4:
 244 0028 5D293B0A 		.ascii	"]);\012\000"
 244      00
 245              		.section	.bss.buf.5179,"aw",%nobits
 246              		.align	2
 247              		.set	.LANCHOR0,. + 0
 250              	buf.5179:
 251 0000 00000000 		.space	128
 251      00000000 
 251      00000000 
 251      00000000 
 251      00000000 
 252              		.text
 253              	.Letext0:
 254              		.file 2 "e:\\iti_9_months\\embeddedsystems\\tourkey\\tools\\arm gcc\\lib\\gcc\\arm-none-eabi\\5.4.
 255              		.file 3 "e:\\iti_9_months\\embeddedsystems\\tourkey\\tools\\arm gcc\\lib\\gcc\\arm-none-eabi\\5.4.
 256              		.file 4 "e:\\iti_9_months\\embeddedsystems\\tourkey\\tools\\arm gcc\\arm-none-eabi\\include\\stdio
 257              		.file 5 "../system/include/diag/Trace.h"
 258              		.file 6 "e:\\iti_9_months\\embeddedsystems\\tourkey\\tools\\arm gcc\\arm-none-eabi\\include\\strin
 259              		.file 7 "<built-in>"
DEFINED SYMBOLS
                            *ABS*:00000000 Trace.c
C:\Users\NoteBook\AppData\Local\Temp\ccKvvsld.s:20     .text.trace_printf:00000000 $t
C:\Users\NoteBook\AppData\Local\Temp\ccKvvsld.s:25     .text.trace_printf:00000000 trace_printf
C:\Users\NoteBook\AppData\Local\Temp\ccKvvsld.s:80     .text.trace_printf:0000002c $d
C:\Users\NoteBook\AppData\Local\Temp\ccKvvsld.s:85     .text.trace_puts:00000000 $t
C:\Users\NoteBook\AppData\Local\Temp\ccKvvsld.s:90     .text.trace_puts:00000000 trace_puts
C:\Users\NoteBook\AppData\Local\Temp\ccKvvsld.s:120    .text.trace_puts:0000001c $d
C:\Users\NoteBook\AppData\Local\Temp\ccKvvsld.s:125    .text.trace_putchar:00000000 $t
C:\Users\NoteBook\AppData\Local\Temp\ccKvvsld.s:130    .text.trace_putchar:00000000 trace_putchar
C:\Users\NoteBook\AppData\Local\Temp\ccKvvsld.s:160    .text.trace_dump_args:00000000 $t
C:\Users\NoteBook\AppData\Local\Temp\ccKvvsld.s:165    .text.trace_dump_args:00000000 trace_dump_args
C:\Users\NoteBook\AppData\Local\Temp\ccKvvsld.s:222    .text.trace_dump_args:00000034 $d
C:\Users\NoteBook\AppData\Local\Temp\ccKvvsld.s:230    .rodata.str1.4:00000000 $d
C:\Users\NoteBook\AppData\Local\Temp\ccKvvsld.s:246    .bss.buf.5179:00000000 $d
C:\Users\NoteBook\AppData\Local\Temp\ccKvvsld.s:250    .bss.buf.5179:00000000 buf.5179
                     .debug_frame:00000010 $d
                           .group:00000000 wm4.0.a2f836f628cd58bfd83621916854a0d2
                           .group:00000000 wm4._newlib_version.h.4.ad342815780c8db09778091a421b5b5b
                           .group:00000000 wm4.newlib.h.21.0b9fc973bddc8b940a18de2b6ea6adc7
                           .group:00000000 wm4.features.h.22.5cdadbb3efe495d1c9e38350b8c376c7
                           .group:00000000 wm4.config.h.219.65a553ab5bef5482f0d7880b0d33015e
                           .group:00000000 wm4._ansi.h.23.9f8fcfa20193763fcf364fb91705c94b
                           .group:00000000 wm4.stdio.h.31.7c0e28c411445f3f9c5b11accf882760
                           .group:00000000 wm4._default_types.h.6.35ee9e747940367bf2a634907d1c2382
                           .group:00000000 wm4.stddef.h.187.2ff233552538c6ff9b8575ca8ea52cb3
                           .group:00000000 wm4.cdefs.h.47.ba62642086d429b4f95c2381cae1c0aa
                           .group:00000000 wm4.stddef.h.39.ec95e8feac892e292b69dc7ae75b0d64
                           .group:00000000 wm4.stdarg.h.34.3a23a216c0c293b3d2ea2e89281481e6
                           .group:00000000 wm4.lock.h.2.9bc98482741e5e2a9450b12934a684ea
                           .group:00000000 wm4._types.h.125.5cf8a495f1f7ef36777ad868a1e32068
                           .group:00000000 wm4.stddef.h.161.5349cb105733e8777bfb0cf53c4e3f34
                           .group:00000000 wm4._types.h.183.c226d164ceca1f2ecb9ae9360c54a098
                           .group:00000000 wm4.reent.h.17.23b059516345f8f5abfa01ddc379570f
                           .group:00000000 wm4.types.h.40.e8c16e7ec36ba55f133d0616070e25fc
                           .group:00000000 wm4._stdint.h.10.7a5f60e6741af4a5594a3867d347e1f9
                           .group:00000000 wm4._endian.h.31.65a10590763c3dde1ac4a7f66d7d4891
                           .group:00000000 wm4.endian.h.9.49f3a4695c1b61e8a0808de3c4a106cb
                           .group:00000000 wm4._timeval.h.30.0e8bfd94e85db17dda3286ee81496fe6
                           .group:00000000 wm4.timespec.h.41.d855182eb0e690443ab8651bcedca6e1
                           .group:00000000 wm4.select.h.30.bbece7fa40993a78092dcc5805132560
                           .group:00000000 wm4.types.h.69.ed3eae3cf73030a737515151ebcab7a1
                           .group:00000000 wm4.stdio.h.2.4aa87247282eca6c8f36f9de33d8df1a
                           .group:00000000 wm4.stdio.h.81.8188691c2279eac7a223caa50f6694b9
                           .group:00000000 wm4.stdarg.h.31.56f6a3c098ee5fdedcf1801c4b576fd0
                           .group:00000000 wm4.unistd.h.2.39165d5b7784d1815ef4b0c4be6df560
                           .group:00000000 wm4.stddef.h.161.19e15733342b50ead2919490b095303e
                           .group:00000000 wm4.unistd.h.156.74e26bdd1b78d9a50719dd472125647d
                           .group:00000000 wm4.string.h.8.c4b8571ce60dff2817f43fec8b86aecd

UNDEFINED SYMBOLS
vsnprintf
trace_write
strlen
