   1              		.syntax unified
   2              		.cpu cortex-m4
   3              		.fpu softvfp
   4              		.eabi_attribute 20, 1
   5              		.eabi_attribute 21, 1
   6              		.eabi_attribute 23, 3
   7              		.eabi_attribute 24, 1
   8              		.eabi_attribute 25, 1
   9              		.eabi_attribute 26, 1
  10              		.eabi_attribute 30, 1
  11              		.eabi_attribute 34, 1
  12              		.eabi_attribute 18, 4
  13              		.thumb
  14              		.syntax unified
  15              		.file	"assert.c"
  16              		.text
  17              	.Ltext0:
  18              		.cfi_sections	.debug_frame
  19              		.section	.text.__assert_func,"ax",%progbits
  20              		.align	2
  21              		.global	__assert_func
  22              		.thumb
  23              		.thumb_func
  25              	__assert_func:
  26              	.LFB0:
  27              		.file 1 "../system/src/newlib/assert.c"
   1:../system/src/newlib/assert.c **** /*
   2:../system/src/newlib/assert.c ****  * This file is part of the µOS++ distribution.
   3:../system/src/newlib/assert.c ****  *   (https://github.com/micro-os-plus)
   4:../system/src/newlib/assert.c ****  * Copyright (c) 2014 Liviu Ionescu.
   5:../system/src/newlib/assert.c ****  *
   6:../system/src/newlib/assert.c ****  * Permission is hereby granted, free of charge, to any person
   7:../system/src/newlib/assert.c ****  * obtaining a copy of this software and associated documentation
   8:../system/src/newlib/assert.c ****  * files (the "Software"), to deal in the Software without
   9:../system/src/newlib/assert.c ****  * restriction, including without limitation the rights to use,
  10:../system/src/newlib/assert.c ****  * copy, modify, merge, publish, distribute, sublicense, and/or
  11:../system/src/newlib/assert.c ****  * sell copies of the Software, and to permit persons to whom
  12:../system/src/newlib/assert.c ****  * the Software is furnished to do so, subject to the following
  13:../system/src/newlib/assert.c ****  * conditions:
  14:../system/src/newlib/assert.c ****  *
  15:../system/src/newlib/assert.c ****  * The above copyright notice and this permission notice shall be
  16:../system/src/newlib/assert.c ****  * included in all copies or substantial portions of the Software.
  17:../system/src/newlib/assert.c ****  *
  18:../system/src/newlib/assert.c ****  * THE SOFTWARE IS PROVIDED "AS IS", WITHOUT WARRANTY OF ANY KIND,
  19:../system/src/newlib/assert.c ****  * EXPRESS OR IMPLIED, INCLUDING BUT NOT LIMITED TO THE WARRANTIES
  20:../system/src/newlib/assert.c ****  * OF MERCHANTABILITY, FITNESS FOR A PARTICULAR PURPOSE AND
  21:../system/src/newlib/assert.c ****  * NONINFRINGEMENT. IN NO EVENT SHALL THE AUTHORS OR COPYRIGHT
  22:../system/src/newlib/assert.c ****  * HOLDERS BE LIABLE FOR ANY CLAIM, DAMAGES OR OTHER LIABILITY,
  23:../system/src/newlib/assert.c ****  * WHETHER IN AN ACTION OF CONTRACT, TORT OR OTHERWISE, ARISING
  24:../system/src/newlib/assert.c ****  * FROM, OUT OF OR IN CONNECTION WITH THE SOFTWARE OR THE USE OR
  25:../system/src/newlib/assert.c ****  * OTHER DEALINGS IN THE SOFTWARE.
  26:../system/src/newlib/assert.c ****  */
  27:../system/src/newlib/assert.c **** 
  28:../system/src/newlib/assert.c **** #include <assert.h>
  29:../system/src/newlib/assert.c **** #include <stdlib.h>
  30:../system/src/newlib/assert.c **** #include <stdint.h>
  31:../system/src/newlib/assert.c **** 
  32:../system/src/newlib/assert.c **** #include "diag/Trace.h"
  33:../system/src/newlib/assert.c **** 
  34:../system/src/newlib/assert.c **** // ----------------------------------------------------------------------------
  35:../system/src/newlib/assert.c **** 
  36:../system/src/newlib/assert.c **** void
  37:../system/src/newlib/assert.c **** __attribute__((noreturn))
  38:../system/src/newlib/assert.c **** __assert_func (const char *file, int line, const char *func,
  39:../system/src/newlib/assert.c ****                const char *failedexpr)
  40:../system/src/newlib/assert.c **** {
  28              		.loc 1 40 0
  29              		.cfi_startproc
  30              		@ Volatile: function does not return.
  31              		@ args = 0, pretend = 0, frame = 0
  32              		@ frame_needed = 0, uses_anonymous_args = 0
  33              	.LVL0:
  34 0000 00B5     		push	{lr}
  35              		.cfi_def_cfa_offset 4
  36              		.cfi_offset 14, -4
  37 0002 83B0     		sub	sp, sp, #12
  38              		.cfi_def_cfa_offset 16
  39 0004 0C46     		mov	r4, r1
  40 0006 1946     		mov	r1, r3
  41              	.LVL1:
  41:../system/src/newlib/assert.c ****   trace_printf ("assertion \"%s\" failed: file \"%s\", line %d%s%s\n",
  42              		.loc 1 41 0
  43 0008 1346     		mov	r3, r2
  44              	.LVL2:
  45 000a 0AB1     		cbz	r2, .L4
  46 000c 064A     		ldr	r2, .L7
  47              	.LVL3:
  48 000e 00E0     		b	.L2
  49              	.LVL4:
  50              	.L4:
  51 0010 064A     		ldr	r2, .L7+4
  52              	.LVL5:
  53              	.L2:
  54              		.loc 1 41 0 is_stmt 0 discriminator 4
  55 0012 03B9     		cbnz	r3, .L3
  56              		.loc 1 41 0
  57 0014 054B     		ldr	r3, .L7+4
  58              	.LVL6:
  59              	.L3:
  60              		.loc 1 41 0 discriminator 8
  61 0016 0193     		str	r3, [sp, #4]
  62 0018 0092     		str	r2, [sp]
  63 001a 2346     		mov	r3, r4
  64 001c 0246     		mov	r2, r0
  65 001e 0448     		ldr	r0, .L7+8
  66              	.LVL7:
  67 0020 FFF7FEFF 		bl	trace_printf
  68              	.LVL8:
  42:../system/src/newlib/assert.c ****                 failedexpr, file, line, func ? ", function: " : "",
  43:../system/src/newlib/assert.c ****                 func ? func : "");
  44:../system/src/newlib/assert.c ****   abort ();
  69              		.loc 1 44 0 is_stmt 1 discriminator 8
  70 0024 FFF7FEFF 		bl	abort
  71              	.LVL9:
  72              	.L8:
  73              		.align	2
  74              	.L7:
  75 0028 00000000 		.word	.LC0
  76 002c 10000000 		.word	.LC1
  77 0030 14000000 		.word	.LC2
  78              		.cfi_endproc
  79              	.LFE0:
  81              		.section	.text.assert_failed,"ax",%progbits
  82              		.align	2
  83              		.weak	assert_failed
  84              		.thumb
  85              		.thumb_func
  87              	assert_failed:
  88              	.LFB1:
  45:../system/src/newlib/assert.c ****   /* NOTREACHED */
  46:../system/src/newlib/assert.c **** }
  47:../system/src/newlib/assert.c **** 
  48:../system/src/newlib/assert.c **** // ----------------------------------------------------------------------------
  49:../system/src/newlib/assert.c **** 
  50:../system/src/newlib/assert.c **** // This is STM32 specific, but can be used on other platforms too.
  51:../system/src/newlib/assert.c **** // If you need it, add the following to your application header:
  52:../system/src/newlib/assert.c **** 
  53:../system/src/newlib/assert.c **** //#ifdef  USE_FULL_ASSERT
  54:../system/src/newlib/assert.c **** //#define assert_param(expr) ((expr) ? (void)0 : assert_failed((uint8_t *)__FILE__, __LINE__))
  55:../system/src/newlib/assert.c **** //void assert_failed(uint8_t* file, uint32_t line);
  56:../system/src/newlib/assert.c **** //#else
  57:../system/src/newlib/assert.c **** //#define assert_param(expr) ((void)0)
  58:../system/src/newlib/assert.c **** //#endif // USE_FULL_ASSERT
  59:../system/src/newlib/assert.c **** 
  60:../system/src/newlib/assert.c **** #if defined(USE_FULL_ASSERT)
  61:../system/src/newlib/assert.c **** 
  62:../system/src/newlib/assert.c **** void
  63:../system/src/newlib/assert.c **** assert_failed (uint8_t* file, uint32_t line);
  64:../system/src/newlib/assert.c **** 
  65:../system/src/newlib/assert.c **** // Called from the assert_param() macro, usually defined in the stm32f*_conf.h
  66:../system/src/newlib/assert.c **** void
  67:../system/src/newlib/assert.c **** __attribute__((noreturn, weak))
  68:../system/src/newlib/assert.c **** assert_failed (uint8_t* file, uint32_t line)
  69:../system/src/newlib/assert.c **** {
  89              		.loc 1 69 0
  90              		.cfi_startproc
  91              		@ Volatile: function does not return.
  92              		@ args = 0, pretend = 0, frame = 0
  93              		@ frame_needed = 0, uses_anonymous_args = 0
  94              	.LVL10:
  95 0000 08B5     		push	{r3, lr}
  96              		.cfi_def_cfa_offset 8
  97              		.cfi_offset 3, -8
  98              		.cfi_offset 14, -4
  70:../system/src/newlib/assert.c ****   trace_printf ("assert_param() failed: file \"%s\", line %d\n", file, line);
  99              		.loc 1 70 0
 100 0002 0A46     		mov	r2, r1
 101 0004 0146     		mov	r1, r0
 102              	.LVL11:
 103 0006 0248     		ldr	r0, .L11
 104              	.LVL12:
 105 0008 FFF7FEFF 		bl	trace_printf
 106              	.LVL13:
  71:../system/src/newlib/assert.c ****   abort ();
 107              		.loc 1 71 0
 108 000c FFF7FEFF 		bl	abort
 109              	.LVL14:
 110              	.L12:
 111              		.align	2
 112              	.L11:
 113 0010 44000000 		.word	.LC3
 114              		.cfi_endproc
 115              	.LFE1:
 117              		.section	.rodata.str1.4,"aMS",%progbits,1
 118              		.align	2
 119              	.LC0:
 120 0000 2C206675 		.ascii	", function: \000"
 120      6E637469 
 120      6F6E3A20 
 120      00
 121 000d 000000   		.space	3
 122              	.LC1:
 123 0010 00       		.ascii	"\000"
 124 0011 000000   		.space	3
 125              	.LC2:
 126 0014 61737365 		.ascii	"assertion \"%s\" failed: file \"%s\", line %d%s%s\012"
 126      7274696F 
 126      6E202225 
 126      73222066 
 126      61696C65 
 127 0042 00       		.ascii	"\000"
 128 0043 00       		.space	1
 129              	.LC3:
 130 0044 61737365 		.ascii	"assert_param() failed: file \"%s\", line %d\012\000"
 130      72745F70 
 130      6172616D 
 130      28292066 
 130      61696C65 
 131              		.text
 132              	.Letext0:
 133              		.file 2 "e:\\iti_9_months\\embeddedsystems\\tourkey\\tools\\arm gcc\\lib\\gcc\\arm-none-eabi\\5.4.
 134              		.file 3 "e:\\iti_9_months\\embeddedsystems\\tourkey\\tools\\arm gcc\\arm-none-eabi\\include\\asser
 135              		.file 4 "../system/include/diag/Trace.h"
 136              		.file 5 "e:\\iti_9_months\\embeddedsystems\\tourkey\\tools\\arm gcc\\arm-none-eabi\\include\\stdli
DEFINED SYMBOLS
                            *ABS*:00000000 assert.c
C:\Users\NoteBook\AppData\Local\Temp\ccJaBBXW.s:20     .text.__assert_func:00000000 $t
C:\Users\NoteBook\AppData\Local\Temp\ccJaBBXW.s:25     .text.__assert_func:00000000 __assert_func
C:\Users\NoteBook\AppData\Local\Temp\ccJaBBXW.s:75     .text.__assert_func:00000028 $d
C:\Users\NoteBook\AppData\Local\Temp\ccJaBBXW.s:82     .text.assert_failed:00000000 $t
C:\Users\NoteBook\AppData\Local\Temp\ccJaBBXW.s:87     .text.assert_failed:00000000 assert_failed
C:\Users\NoteBook\AppData\Local\Temp\ccJaBBXW.s:113    .text.assert_failed:00000010 $d
C:\Users\NoteBook\AppData\Local\Temp\ccJaBBXW.s:118    .rodata.str1.4:00000000 $d
                     .debug_frame:00000010 $d
                           .group:00000000 wm4.0.a2f836f628cd58bfd83621916854a0d2
                           .group:00000000 wm4._newlib_version.h.4.ad342815780c8db09778091a421b5b5b
                           .group:00000000 wm4.newlib.h.21.0b9fc973bddc8b940a18de2b6ea6adc7
                           .group:00000000 wm4.features.h.22.5cdadbb3efe495d1c9e38350b8c376c7
                           .group:00000000 wm4.config.h.219.65a553ab5bef5482f0d7880b0d33015e
                           .group:00000000 wm4._ansi.h.23.9f8fcfa20193763fcf364fb91705c94b
                           .group:00000000 wm4.assert.h.11.db24e541f16414db224bf986d21017e2
                           .group:00000000 wm4.stdlib.h.13.4ed386f5c1a80d71e72172885d946ef2
                           .group:00000000 wm4.stddef.h.187.e1c83cba2098ce92b68f6311de19e6b1
                           .group:00000000 wm4.stddef.h.39.57db33e786ccd422e31be63a26e19309
                           .group:00000000 wm4._default_types.h.6.35ee9e747940367bf2a634907d1c2382
                           .group:00000000 wm4.lock.h.2.9bc98482741e5e2a9450b12934a684ea
                           .group:00000000 wm4._types.h.125.5cf8a495f1f7ef36777ad868a1e32068
                           .group:00000000 wm4.stddef.h.161.5349cb105733e8777bfb0cf53c4e3f34
                           .group:00000000 wm4._types.h.183.c226d164ceca1f2ecb9ae9360c54a098
                           .group:00000000 wm4.reent.h.17.23b059516345f8f5abfa01ddc379570f
                           .group:00000000 wm4.cdefs.h.47.ba62642086d429b4f95c2381cae1c0aa
                           .group:00000000 wm4.alloca.h.8.dfc0c703c47ec3e69746825b17d9e66d
                           .group:00000000 wm4.stdlib.h.56.f7bb76d8eb43fb7e79a949819dbf4bda
                           .group:00000000 wm4.stdintgcc.h.29.6d480f4ba0f60596e88234283d42444f
                           .group:00000000 wm4.unistd.h.2.39165d5b7784d1815ef4b0c4be6df560
                           .group:00000000 wm4.types.h.40.e8c16e7ec36ba55f133d0616070e25fc
                           .group:00000000 wm4.stddef.h.161.19e15733342b50ead2919490b095303e
                           .group:00000000 wm4._stdint.h.10.7a5f60e6741af4a5594a3867d347e1f9
                           .group:00000000 wm4._endian.h.31.65a10590763c3dde1ac4a7f66d7d4891
                           .group:00000000 wm4.endian.h.9.49f3a4695c1b61e8a0808de3c4a106cb
                           .group:00000000 wm4._timeval.h.30.0e8bfd94e85db17dda3286ee81496fe6
                           .group:00000000 wm4.timespec.h.41.d855182eb0e690443ab8651bcedca6e1
                           .group:00000000 wm4.select.h.30.bbece7fa40993a78092dcc5805132560
                           .group:00000000 wm4.types.h.69.ed3eae3cf73030a737515151ebcab7a1
                           .group:00000000 wm4.unistd.h.156.74e26bdd1b78d9a50719dd472125647d

UNDEFINED SYMBOLS
trace_printf
abort
